Archive member included because of file (symbol)

c:/program files (x86)/atmel/atmel toolchain/avr8 gcc/native/3.4.2.1002/avr8-gnu-toolchain/bin/../lib/gcc/avr/4.7.2/avrxmega2\libgcc.a(_udivmodsi4.o)
                              src/ASF/xmega/drivers/spi/spi.o (__udivmodsi4)
c:/program files (x86)/atmel/atmel toolchain/avr8 gcc/native/3.4.2.1002/avr8-gnu-toolchain/bin/../lib/gcc/avr/4.7.2/avrxmega2\libgcc.a(_exit.o)
                              c:/program files (x86)/atmel/atmel toolchain/avr8 gcc/native/3.4.2.1002/avr8-gnu-toolchain/bin/../lib/gcc/avr/4.7.2/../../../../avr/lib/avrxmega2/crtx32a4u.o (exit)
c:/program files (x86)/atmel/atmel toolchain/avr8 gcc/native/3.4.2.1002/avr8-gnu-toolchain/bin/../lib/gcc/avr/4.7.2/avrxmega2\libgcc.a(_tablejump.o)
                              src/main.o (__tablejump2__)
c:/program files (x86)/atmel/atmel toolchain/avr8 gcc/native/3.4.2.1002/avr8-gnu-toolchain/bin/../lib/gcc/avr/4.7.2/avrxmega2\libgcc.a(_copy_data.o)
                              src/ASF/common/services/sleepmgr/xmega/sleepmgr.o (__do_copy_data)
c:/program files (x86)/atmel/atmel toolchain/avr8 gcc/native/3.4.2.1002/avr8-gnu-toolchain/bin/../lib/gcc/avr/4.7.2/avrxmega2\libgcc.a(_clear_bss.o)
                              src/ASF/common/services/sleepmgr/xmega/sleepmgr.o (__do_clear_bss)
c:/program files (x86)/atmel/atmel toolchain/avr8 gcc/native/3.4.2.1002/avr8-gnu-toolchain/bin/../lib/gcc/avr/4.7.2/avrxmega2\libgcc.a(_fixunssfsi.o)
                              src/main.o (__fixunssfsi)
c:/program files (x86)/atmel/atmel toolchain/avr8 gcc/native/3.4.2.1002/avr8-gnu-toolchain/bin/../lib/gcc/avr/4.7.2/avrxmega2\libgcc.a(_addsub_sf.o)
                              c:/program files (x86)/atmel/atmel toolchain/avr8 gcc/native/3.4.2.1002/avr8-gnu-toolchain/bin/../lib/gcc/avr/4.7.2/avrxmega2\libgcc.a(_fixunssfsi.o) (__subsf3)
c:/program files (x86)/atmel/atmel toolchain/avr8 gcc/native/3.4.2.1002/avr8-gnu-toolchain/bin/../lib/gcc/avr/4.7.2/avrxmega2\libgcc.a(_mul_sf.o)
                              src/main.o (__mulsf3)
c:/program files (x86)/atmel/atmel toolchain/avr8 gcc/native/3.4.2.1002/avr8-gnu-toolchain/bin/../lib/gcc/avr/4.7.2/avrxmega2\libgcc.a(_ge_sf.o)
                              c:/program files (x86)/atmel/atmel toolchain/avr8 gcc/native/3.4.2.1002/avr8-gnu-toolchain/bin/../lib/gcc/avr/4.7.2/avrxmega2\libgcc.a(_fixunssfsi.o) (__gesf2)
c:/program files (x86)/atmel/atmel toolchain/avr8 gcc/native/3.4.2.1002/avr8-gnu-toolchain/bin/../lib/gcc/avr/4.7.2/avrxmega2\libgcc.a(_sf_to_si.o)
                              c:/program files (x86)/atmel/atmel toolchain/avr8 gcc/native/3.4.2.1002/avr8-gnu-toolchain/bin/../lib/gcc/avr/4.7.2/avrxmega2\libgcc.a(_fixunssfsi.o) (__fixsfsi)
c:/program files (x86)/atmel/atmel toolchain/avr8 gcc/native/3.4.2.1002/avr8-gnu-toolchain/bin/../lib/gcc/avr/4.7.2/avrxmega2\libgcc.a(_thenan_sf.o)
                              c:/program files (x86)/atmel/atmel toolchain/avr8 gcc/native/3.4.2.1002/avr8-gnu-toolchain/bin/../lib/gcc/avr/4.7.2/avrxmega2\libgcc.a(_addsub_sf.o) (__thenan_sf)
c:/program files (x86)/atmel/atmel toolchain/avr8 gcc/native/3.4.2.1002/avr8-gnu-toolchain/bin/../lib/gcc/avr/4.7.2/avrxmega2\libgcc.a(_usi_to_sf.o)
                              src/main.o (__floatunsisf)
c:/program files (x86)/atmel/atmel toolchain/avr8 gcc/native/3.4.2.1002/avr8-gnu-toolchain/bin/../lib/gcc/avr/4.7.2/avrxmega2\libgcc.a(_clzsi2.o)
                              c:/program files (x86)/atmel/atmel toolchain/avr8 gcc/native/3.4.2.1002/avr8-gnu-toolchain/bin/../lib/gcc/avr/4.7.2/avrxmega2\libgcc.a(_usi_to_sf.o) (__clzsi2)
c:/program files (x86)/atmel/atmel toolchain/avr8 gcc/native/3.4.2.1002/avr8-gnu-toolchain/bin/../lib/gcc/avr/4.7.2/avrxmega2\libgcc.a(_clzhi2.o)
                              c:/program files (x86)/atmel/atmel toolchain/avr8 gcc/native/3.4.2.1002/avr8-gnu-toolchain/bin/../lib/gcc/avr/4.7.2/avrxmega2\libgcc.a(_clzsi2.o) (__clzhi2)
c:/program files (x86)/atmel/atmel toolchain/avr8 gcc/native/3.4.2.1002/avr8-gnu-toolchain/bin/../lib/gcc/avr/4.7.2/avrxmega2\libgcc.a(_prologue.o)
                              c:/program files (x86)/atmel/atmel toolchain/avr8 gcc/native/3.4.2.1002/avr8-gnu-toolchain/bin/../lib/gcc/avr/4.7.2/avrxmega2\libgcc.a(_addsub_sf.o) (__prologue_saves__)
c:/program files (x86)/atmel/atmel toolchain/avr8 gcc/native/3.4.2.1002/avr8-gnu-toolchain/bin/../lib/gcc/avr/4.7.2/avrxmega2\libgcc.a(_epilogue.o)
                              c:/program files (x86)/atmel/atmel toolchain/avr8 gcc/native/3.4.2.1002/avr8-gnu-toolchain/bin/../lib/gcc/avr/4.7.2/avrxmega2\libgcc.a(_addsub_sf.o) (__epilogue_restores__)
c:/program files (x86)/atmel/atmel toolchain/avr8 gcc/native/3.4.2.1002/avr8-gnu-toolchain/bin/../lib/gcc/avr/4.7.2/avrxmega2\libgcc.a(_pack_sf.o)
                              c:/program files (x86)/atmel/atmel toolchain/avr8 gcc/native/3.4.2.1002/avr8-gnu-toolchain/bin/../lib/gcc/avr/4.7.2/avrxmega2\libgcc.a(_addsub_sf.o) (__pack_f)
[...]
Memory Configuration

Name             Origin             Length             Attributes
text             0x00000000         0x00100000         xr
data             0x00802000         0x0000ffa0         rw !x
eeprom           0x00810000         0x00010000         rw !x
fuse             0x00820000         0x00000400         rw !x
lock             0x00830000         0x00000400         rw !x
signature        0x00840000         0x00000400         rw !x
user_signatures  0x00850000         0x00000400         rw !x
*default*        0x00000000         0xffffffff

Linker script and memory map

LOAD c:/program files (x86)/atmel/atmel toolchain/avr8 gcc/native/3.4.2.1002/avr8-gnu-toolchain/bin/../lib/gcc/avr/4.7.2/../../../../avr/lib/avrxmega2/crtx32a4u.o
LOAD src/ASF/common/services/clock/xmega/sysclk.o
LOAD src/ASF/common/services/ioport/xmega/ioport_compat.o
LOAD src/ASF/common/services/serial/usart_serial.o
LOAD src/ASF/common/services/sleepmgr/xmega/sleepmgr.o
LOAD src/ASF/common/services/spi/xmega_spi/spi_master.o
LOAD src/ASF/xmega/drivers/cpu/ccp.o
LOAD src/ASF/xmega/drivers/nvm/nvm.o
LOAD src/ASF/xmega/drivers/nvm/nvm_asm.o
LOAD src/ASF/xmega/drivers/rtc/rtc.o
LOAD src/ASF/xmega/drivers/spi/spi.o
LOAD src/ASF/xmega/drivers/tc/tc.o
LOAD src/ASF/xmega/drivers/usart/usart.o
LOAD src/main.o
LOAD src/ASF/common/boards/user_board/init.o
START GROUP
END GROUP
LOAD c:/program files (x86)/atmel/atmel toolchain/avr8 gcc/native/3.4.2.1002/avr8-gnu-toolchain/bin/../lib/gcc/avr/4.7.2/avrxmega2\libgcc.a
LOAD c:/program files (x86)/atmel/atmel toolchain/avr8 gcc/native/3.4.2.1002/avr8-gnu-toolchain/bin/../lib/gcc/avr/4.7.2/../../../../avr/lib/avrxmega2\libc.a
LOAD c:/program files (x86)/atmel/atmel toolchain/avr8 gcc/native/3.4.2.1002/avr8-gnu-toolchain/bin/../lib/gcc/avr/4.7.2/avrxmega2\libgcc.a

.hash
 *(.hash)

.dynsym
 *(.dynsym)

.dynstr
 *(.dynstr)

.gnu.version
 *(.gnu.version)

.gnu.version_d
 *(.gnu.version_d)

.gnu.version_r
 *(.gnu.version_r)

.rel.init
 *(.rel.init)

.rela.init
 *(.rela.init)

.rel.text
 *(.rel.text)
 *(.rel.text.*)
 *(.rel.gnu.linkonce.t*)

.rela.text
 *(.rela.text)
 *(.rela.text.*)
 *(.rela.gnu.linkonce.t*)

.rel.fini
 *(.rel.fini)

.rela.fini
 *(.rela.fini)

.rel.rodata
 *(.rel.rodata)
 *(.rel.rodata.*)
 *(.rel.gnu.linkonce.r*)

.rela.rodata
 *(.rela.rodata)
 *(.rela.rodata.*)
 *(.rela.gnu.linkonce.r*)

.rel.data
 *(.rel.data)
 *(.rel.data.*)
 *(.rel.gnu.linkonce.d*)

.rela.data
 *(.rela.data)
 *(.rela.data.*)
 *(.rela.gnu.linkonce.d*)

.rel.ctors
 *(.rel.ctors)

.rela.ctors
 *(.rela.ctors)

.rel.dtors
 *(.rel.dtors)

.rela.dtors
 *(.rela.dtors)

.rel.got
 *(.rel.got)

.rela.got
 *(.rela.got)

.rel.bss
 *(.rel.bss)

.rela.bss
 *(.rela.bss)

.rel.plt
 *(.rel.plt)

.rela.plt
 *(.rela.plt)

.text           0x00000000     0x5702
 *(.vectors)
 .vectors       0x00000000      0x1fc c:/program files (x86)/atmel/atmel toolchain/avr8 gcc/native/3.4.2.1002/avr8-gnu-toolchain/bin/../lib/gcc/avr/4.7.2/../../../../avr/lib/avrxmega2/crtx32a4u.o
                0x00000000                __vector_default
                0x00000000                __vectors
 *(.vectors)
 *(.progmem.gcc*)
 .progmem.gcc_sw_table.decode
                0x000001fc       0x9a src/main.o
 *(.progmem*)
                0x00000296                . = ALIGN (0x2)
                0x00000296                __trampolines_start = .
 *(.trampolines)
 .trampolines   0x00000296        0x0 linker stubs
 *(.trampolines*)
                0x00000296                __trampolines_end = .
 *(.jumptables)
 *(.jumptables*)
 *(.lowtext)
 *(.lowtext*)
                0x00000296                __ctors_start = .
 *(.ctors)
                0x00000296                __ctors_end = .
                0x00000296                __dtors_start = .
 *(.dtors)
                0x00000296                __dtors_end = .
 SORT(*)(.ctors)
 SORT(*)(.dtors)
 *(.init0)
 .init0         0x00000296        0x0 c:/program files (x86)/atmel/atmel toolchain/avr8 gcc/native/3.4.2.1002/avr8-gnu-toolchain/bin/../lib/gcc/avr/4.7.2/../../../../avr/lib/avrxmega2/crtx32a4u.o
                0x00000296                __init
 *(.init0)
 *(.init1)
 *(.init1)
 *(.init2)
 .init2         0x00000296        0xc c:/program files (x86)/atmel/atmel toolchain/avr8 gcc/native/3.4.2.1002/avr8-gnu-toolchain/bin/../lib/gcc/avr/4.7.2/../../../../avr/lib/avrxmega2/crtx32a4u.o
 *(.init2)
 *(.init3)
 *(.init3)
 *(.init4)
 .init4         0x000002a2       0x16 c:/program files (x86)/atmel/atmel toolchain/avr8 gcc/native/3.4.2.1002/avr8-gnu-toolchain/bin/../lib/gcc/avr/4.7.2/avrxmega2\libgcc.a(_copy_data.o)
                0x000002a2                __do_copy_data
 .init4         0x000002b8       0x10 c:/program files (x86)/atmel/atmel toolchain/avr8 gcc/native/3.4.2.1002/avr8-gnu-toolchain/bin/../lib/gcc/avr/4.7.2/avrxmega2\libgcc.a(_clear_bss.o)
                0x000002b8                __do_clear_bss
 *(.init4)
 *(.init5)
 *(.init5)
 *(.init6)
 *(.init6)
 *(.init7)
 *(.init7)
 *(.init8)
 *(.init8)
 *(.init9)
 .init9         0x000002c8        0x8 c:/program files (x86)/atmel/atmel toolchain/avr8 gcc/native/3.4.2.1002/avr8-gnu-toolchain/bin/../lib/gcc/avr/4.7.2/../../../../avr/lib/avrxmega2/crtx32a4u.o
 *(.init9)
 *(.text)
 .text          0x000002d0        0x2 c:/program files (x86)/atmel/atmel toolchain/avr8 gcc/native/3.4.2.1002/avr8-gnu-toolchain/bin/../lib/gcc/avr/4.7.2/../../../../avr/lib/avrxmega2/crtx32a4u.o
                0x000002d0                __vector_38
                0x000002d0                __vector_104
                0x000002d0                __vector_63
                0x000002d0                __vector_28
                0x000002d0                __vector_67
                0x000002d0                __vector_1
                0x000002d0                __vector_119
                0x000002d0                __vector_32
                0x000002d0                __vector_75
                0x000002d0                __vector_71
                0x000002d0                __vector_91
                0x000002d0                __vector_34
                0x000002d0                __vector_62
                0x000002d0                __vector_102
                0x000002d0                __vector_24
                0x000002d0                __vector_12
                0x000002d0                __vector_55
                0x000002d0                __vector_69
                0x000002d0                __vector_90
                0x000002d0                __vector_46
                0x000002d0                __bad_interrupt
                0x000002d0                __vector_122
                0x000002d0                __vector_72
                0x000002d0                __vector_114
                0x000002d0                __vector_6
                0x000002d0                __vector_110
                0x000002d0                __vector_31
                0x000002d0                __vector_92
                0x000002d0                __vector_35
                0x000002d0                __vector_74
                0x000002d0                __vector_117
                0x000002d0                __vector_39
                0x000002d0                __vector_107
                0x000002d0                __vector_3
                0x000002d0                __vector_105
                0x000002d0                __vector_98
                0x000002d0                __vector_68
                0x000002d0                __vector_30
                0x000002d0                __vector_73
                0x000002d0                __vector_45
                0x000002d0                __vector_25
                0x000002d0                __vector_93
                0x000002d0                __vector_61
                0x000002d0                __vector_54
                0x000002d0                __vector_99
                0x000002d0                __vector_13
                0x000002d0                __vector_56
                0x000002d0                __vector_7
                0x000002d0                __vector_125
                0x000002d0                __vector_123
                0x000002d0                __vector_41
                0x000002d0                __vector_100
                0x000002d0                __vector_101
                0x000002d0                __vector_64
                0x000002d0                __vector_109
                0x000002d0                __vector_43
                0x000002d0                __vector_27
                0x000002d0                __vector_5
                0x000002d0                __vector_113
                0x000002d0                __vector_33
                0x000002d0                __vector_76
                0x000002d0                __vector_115
                0x000002d0                __vector_37
                0x000002d0                __vector_95
                0x000002d0                __vector_103
                0x000002d0                __vector_96
                0x000002d0                __vector_89
                0x000002d0                __vector_108
                0x000002d0                __vector_4
                0x000002d0                __vector_44
                0x000002d0                __vector_106
                0x000002d0                __vector_118
                0x000002d0                __vector_9
                0x000002d0                __vector_2
                0x000002d0                __vector_66
                0x000002d0                __vector_36
                0x000002d0                __vector_70
                0x000002d0                __vector_29
                0x000002d0                __vector_60
                0x000002d0                __vector_121
                0x000002d0                __vector_40
                0x000002d0                __vector_94
                0x000002d0                __vector_126
                0x000002d0                __vector_8
                0x000002d0                __vector_26
                0x000002d0                __vector_124
                0x000002d0                __vector_116
                0x000002d0                __vector_112
                0x000002d0                __vector_111
                0x000002d0                __vector_57
                0x000002d0                __vector_53
                0x000002d0                __vector_59
                0x000002d0                __vector_97
                0x000002d0                __vector_42
                0x000002d0                __vector_87
                0x000002d0                __vector_65
                0x000002d0                __vector_120
 .text          0x000002d2       0x52 c:/program files (x86)/atmel/atmel toolchain/avr8 gcc/native/3.4.2.1002/avr8-gnu-toolchain/bin/../lib/gcc/avr/4.7.2/avrxmega2\libgcc.a(_fixunssfsi.o)
                0x000002d2                __fixunssfsi
 .text          0x00000324      0x360 c:/program files (x86)/atmel/atmel toolchain/avr8 gcc/native/3.4.2.1002/avr8-gnu-toolchain/bin/../lib/gcc/avr/4.7.2/avrxmega2\libgcc.a(_addsub_sf.o)
                0x000005dc                __addsf3
                0x0000062c                __subsf3
 .text          0x00000684      0x1c4 c:/program files (x86)/atmel/atmel toolchain/avr8 gcc/native/3.4.2.1002/avr8-gnu-toolchain/bin/../lib/gcc/avr/4.7.2/avrxmega2\libgcc.a(_mul_sf.o)
                0x00000684                __mulsf3
 .text          0x00000848       0x58 c:/program files (x86)/atmel/atmel toolchain/avr8 gcc/native/3.4.2.1002/avr8-gnu-toolchain/bin/../lib/gcc/avr/4.7.2/avrxmega2\libgcc.a(_ge_sf.o)
                0x00000848                __gesf2
 .text          0x000008a0       0x9c c:/program files (x86)/atmel/atmel toolchain/avr8 gcc/native/3.4.2.1002/avr8-gnu-toolchain/bin/../lib/gcc/avr/4.7.2/avrxmega2\libgcc.a(_sf_to_si.o)
                0x000008a0                __fixsfsi
 .text          0x0000093c       0xea c:/program files (x86)/atmel/atmel toolchain/avr8 gcc/native/3.4.2.1002/avr8-gnu-toolchain/bin/../lib/gcc/avr/4.7.2/avrxmega2\libgcc.a(_usi_to_sf.o)
                0x0000093c                __floatunsisf
 .text          0x00000a26      0x194 c:/program files (x86)/atmel/atmel toolchain/avr8 gcc/native/3.4.2.1002/avr8-gnu-toolchain/bin/../lib/gcc/avr/4.7.2/avrxmega2\libgcc.a(_pack_sf.o)
                0x00000a26                __pack_f
 .text          0x00000bba       0xde c:/program files (x86)/atmel/atmel toolchain/avr8 gcc/native/3.4.2.1002/avr8-gnu-toolchain/bin/../lib/gcc/avr/4.7.2/avrxmega2\libgcc.a(_unpack_sf.o)
                0x00000bba                __unpack_f
 .text          0x00000c98       0xc2 c:/program files (x86)/atmel/atmel toolchain/avr8 gcc/native/3.4.2.1002/avr8-gnu-toolchain/bin/../lib/gcc/avr/4.7.2/avrxmega2\libgcc.a(_fpcmp_parts_sf.o)
                0x00000c98                __fpcmp_parts_f
                0x00000d5a                . = ALIGN (0x2)
 *(.text.*)
 .text.cpu_irq_save
                0x00000d5a       0x20 src/ASF/common/services/clock/xmega/sysclk.o
 .text.cpu_irq_restore
                0x00000d7a       0x1e src/ASF/common/services/clock/xmega/sysclk.o
 .text.sysclk_enable_module
                0x00000d98       0x46 src/ASF/common/services/clock/xmega/sysclk.o
                0x00000d98                sysclk_enable_module
 .text.ioport_set_pin_low
                0x00000dde       0xa8 src/ASF/common/services/spi/xmega_spi/spi_master.o
 .text.ioport_set_pin_high
                0x00000e86       0xaa src/ASF/common/services/spi/xmega_spi/spi_master.o
 .text.spi_put  0x00000f30       0x28 src/ASF/common/services/spi/xmega_spi/spi_master.o
 .text.spi_get  0x00000f58       0x20 src/ASF/common/services/spi/xmega_spi/spi_master.o
 .text.spi_is_tx_ok
                0x00000f78       0x26 src/ASF/common/services/spi/xmega_spi/spi_master.o
 .text.spi_read_single
                0x00000f9e       0x30 src/ASF/common/services/spi/xmega_spi/spi_master.o
 .text.spi_is_rx_full
                0x00000fce       0x1e src/ASF/common/services/spi/xmega_spi/spi_master.o
 .text.spi_write_packet
                0x00000fec       0x7c src/ASF/common/services/spi/xmega_spi/spi_master.o
                0x00000fec                spi_write_packet
 .text.spi_read_packet
                0x00001068       0x80 src/ASF/common/services/spi/xmega_spi/spi_master.o
                0x00001068                spi_read_packet
 .text.spi_select_device
                0x000010e8       0x2a src/ASF/common/services/spi/xmega_spi/spi_master.o
                0x000010e8                spi_select_device
 .text.spi_deselect_device
                0x00001112       0x2a src/ASF/common/services/spi/xmega_spi/spi_master.o
                0x00001112                spi_deselect_device
 .text.ccp_write_io
                0x0000113c        0xc src/ASF/xmega/drivers/cpu/ccp.o
                0x0000113c                ccp_write_io
 .text.cpu_irq_save
                0x00001148       0x20 src/ASF/xmega/drivers/rtc/rtc.o
 .text.cpu_irq_restore
                0x00001168       0x1e src/ASF/xmega/drivers/rtc/rtc.o
 .text.sleepmgr_lock_mode
                0x00001186       0x40 src/ASF/xmega/drivers/rtc/rtc.o
 .text.rtc_init
                0x000011c6       0x46 src/ASF/xmega/drivers/rtc/rtc.o
                0x000011c6                rtc_init
 .text.__vector_11
                0x0000120c      0x13e src/ASF/xmega/drivers/rtc/rtc.o
                0x0000120c                __vector_11
 .text.cpu_irq_save
                0x0000134a       0x20 src/ASF/xmega/drivers/tc/tc.o
 .text.cpu_irq_restore
                0x0000136a       0x1e src/ASF/xmega/drivers/tc/tc.o
 .text.sleepmgr_lock_mode
                0x00001388       0x40 src/ASF/xmega/drivers/tc/tc.o
 .text.__vector_14
                0x000013c8       0x6c src/ASF/xmega/drivers/tc/tc.o
                0x000013c8                __vector_14
 .text.__vector_15
                0x00001434       0x6c src/ASF/xmega/drivers/tc/tc.o
                0x00001434                __vector_15
 .text.__vector_16
                0x000014a0       0x6c src/ASF/xmega/drivers/tc/tc.o
                0x000014a0                __vector_16
 .text.__vector_17
                0x0000150c       0x6c src/ASF/xmega/drivers/tc/tc.o
                0x0000150c                __vector_17
 .text.__vector_18
                0x00001578       0x6c src/ASF/xmega/drivers/tc/tc.o
                0x00001578                __vector_18
 .text.__vector_19
                0x000015e4       0x6c src/ASF/xmega/drivers/tc/tc.o
                0x000015e4                __vector_19
 .text.__vector_20
                0x00001650       0x6c src/ASF/xmega/drivers/tc/tc.o
                0x00001650                __vector_20
 .text.__vector_21
                0x000016bc       0x6c src/ASF/xmega/drivers/tc/tc.o
                0x000016bc                __vector_21
 .text.__vector_22
                0x00001728       0x6c src/ASF/xmega/drivers/tc/tc.o
                0x00001728                __vector_22
 .text.__vector_23
                0x00001794       0x6c src/ASF/xmega/drivers/tc/tc.o
                0x00001794                __vector_23
 .text.__vector_77
                0x00001800       0x6c src/ASF/xmega/drivers/tc/tc.o
                0x00001800                __vector_77
 .text.__vector_78
                0x0000186c       0x6c src/ASF/xmega/drivers/tc/tc.o
                0x0000186c                __vector_78
 .text.__vector_79
                0x000018d8       0x6c src/ASF/xmega/drivers/tc/tc.o
                0x000018d8                __vector_79
 .text.__vector_80
                0x00001944       0x6c src/ASF/xmega/drivers/tc/tc.o
                0x00001944                __vector_80
 .text.__vector_81
                0x000019b0       0x6c src/ASF/xmega/drivers/tc/tc.o
                0x000019b0                __vector_81
 .text.__vector_82
                0x00001a1c       0x6c src/ASF/xmega/drivers/tc/tc.o
                0x00001a1c                __vector_82
 .text.__vector_83
                0x00001a88       0x6c src/ASF/xmega/drivers/tc/tc.o
                0x00001a88                __vector_83
 .text.__vector_84
                0x00001af4       0x6c src/ASF/xmega/drivers/tc/tc.o
                0x00001af4                __vector_84
 .text.__vector_85
                0x00001b60       0x6c src/ASF/xmega/drivers/tc/tc.o
                0x00001b60                __vector_85
 .text.__vector_86
                0x00001bcc       0x6c src/ASF/xmega/drivers/tc/tc.o
                0x00001bcc                __vector_86
 .text.__vector_47
                0x00001c38       0x6c src/ASF/xmega/drivers/tc/tc.o
                0x00001c38                __vector_47
 .text.__vector_48
                0x00001ca4       0x6c src/ASF/xmega/drivers/tc/tc.o
                0x00001ca4                __vector_48
 .text.__vector_49
                0x00001d10       0x6c src/ASF/xmega/drivers/tc/tc.o
                0x00001d10                __vector_49
 .text.__vector_50
                0x00001d7c       0x6c src/ASF/xmega/drivers/tc/tc.o
                0x00001d7c                __vector_50
 .text.__vector_51
                0x00001de8       0x6c src/ASF/xmega/drivers/tc/tc.o
                0x00001de8                __vector_51
 .text.__vector_52
                0x00001e54       0x6c src/ASF/xmega/drivers/tc/tc.o
                0x00001e54                __vector_52
 .text.tc_enable
                0x00001ec0       0xda src/ASF/xmega/drivers/tc/tc.o
                0x00001ec0                tc_enable
 .text.tc_set_overflow_interrupt_callback
                0x00001f9a       0xa0 src/ASF/xmega/drivers/tc/tc.o
                0x00001f9a                tc_set_overflow_interrupt_callback
 .text.usart_rx_enable
                0x0000203a       0x2c src/ASF/xmega/drivers/usart/usart.o
 .text.usart_format_set
                0x00002066       0x46 src/ASF/xmega/drivers/usart/usart.o
 .text.usart_tx_enable
                0x000020ac       0x2c src/ASF/xmega/drivers/usart/usart.o
 .text.usart_set_mode
                0x000020d8       0x3a src/ASF/xmega/drivers/usart/usart.o
 .text.usart_data_register_is_empty
                0x00002112       0x32 src/ASF/xmega/drivers/usart/usart.o
 .text.sysclk_get_main_hz
                0x00002144       0x1a src/ASF/xmega/drivers/usart/usart.o
 .text.sysclk_get_per4_hz
                0x0000215e       0x34 src/ASF/xmega/drivers/usart/usart.o
 .text.sysclk_get_per2_hz
                0x00002192       0x18 src/ASF/xmega/drivers/usart/usart.o
 .text.sysclk_get_per_hz
                0x000021aa       0x18 src/ASF/xmega/drivers/usart/usart.o
 .text.sysclk_enable_peripheral_clock
                0x000021c2      0x25e src/ASF/xmega/drivers/usart/usart.o
 .text.usart_init_rs232
                0x00002420       0x90 src/ASF/xmega/drivers/usart/usart.o
                0x00002420                usart_init_rs232
 .text.usart_putchar
                0x000024b0       0x3e src/ASF/xmega/drivers/usart/usart.o
                0x000024b0                usart_putchar
 .text.usart_set_baudrate
                0x000024ee      0x374 src/ASF/xmega/drivers/usart/usart.o
                0x000024ee                usart_set_baudrate
 .text.cpu_irq_save
                0x00002862       0x20 src/main.o
 .text.cpu_irq_restore
                0x00002882       0x1e src/main.o
 .text.osc_enable_internal
                0x000028a0       0x32 src/main.o
 .text.osc_enable_external
                0x000028d2       0x14 src/main.o
 .text.osc_disable
                0x000028e6       0x36 src/main.o
 .text.osc_enable
                0x0000291c       0x24 src/main.o
 .text.osc_is_ready
                0x00002940       0x28 src/main.o
 .text.osc_wait_ready
                0x00002968       0x24 src/main.o
 .text.sysclk_get_main_hz
                0x0000298c       0x1a src/main.o
 .text.sysclk_get_per4_hz
                0x000029a6       0x34 src/main.o
 .text.sysclk_get_per2_hz
                0x000029da       0x18 src/main.o
 .text.sysclk_get_per_hz
                0x000029f2       0x18 src/main.o
 .text.sysclk_get_cpu_hz
                0x00002a0a       0x18 src/main.o
 .text.__portable_avr_delay_cycles
                0x00002a22        0xc src/main.o
 .text.ioport_set_value
                0x00002a2e       0xac src/main.o
 .text.pmic_init
                0x00002ada       0x18 src/main.o
 .text.tc_set_overflow_interrupt_level
                0x00002af2       0x4a src/main.o
 .text.tc_write_clock_source
                0x00002b3c       0x3a src/main.o
 .text.tc_set_wgm
                0x00002b76       0x3a src/main.o
 .text.usart_set_rx_interrupt_level
                0x00002bb0       0x3e src/main.o
 .text.receiving
                0x00002bee      0x12e src/main.o
                0x00002bee                receiving
 .text.usart_putryte
                0x00002d1c       0x6c src/main.o
                0x00002d1c                usart_putryte
 .text.transmit_next
                0x00002d88      0x114 src/main.o
                0x00002d88                transmit_next
 .text.transmit
                0x00002e9c       0xaa src/main.o
                0x00002e9c                transmit
 .text.transmit_2rytes
                0x00002f46       0x2c src/main.o
                0x00002f46                transmit_2rytes
 .text.transmit_3rytes
                0x00002f72       0x34 src/main.o
                0x00002f72                transmit_3rytes
 .text.calcCheckSum
                0x00002fa6       0x52 src/main.o
                0x00002fa6                calcCheckSum
 .text.__vector_88
                0x00002ff8       0x56 src/main.o
                0x00002ff8                __vector_88
 .text.__vector_58
                0x0000304e      0x142 src/main.o
                0x0000304e                __vector_58
 .text.__vector_10
                0x00003190      0x166 src/main.o
                0x00003190                __vector_10
 .text.ISR_COA  0x000032f6       0x48 src/main.o
 .text.ISR_COB  0x0000333e       0x48 src/main.o
 .text.ISR_COC  0x00003386       0x48 src/main.o
 .text.ISR_TIC_timer
                0x000033ce      0x136 src/main.o
 .text.ISR_PC_timer
                0x00003504       0x24 src/main.o
 .text.receive  0x00003528       0x16 src/main.o
                0x00003528                receive
 .text.decode   0x0000353e      0x11a src/main.o
                0x0000353e                decode
 .text.MC_transmit_CPUfreq
                0x00003658       0x6c src/main.o
                0x00003658                MC_transmit_CPUfreq
 .text.MC_transmit_Birthday
                0x000036c4       0x84 src/main.o
                0x000036c4                MC_transmit_Birthday
 .text.COUNTERS_start
                0x00003748      0x102 src/main.o
                0x00003748                COUNTERS_start
 .text.COUNTERS_sendResults
                0x0000384a       0xe4 src/main.o
                0x0000384a                COUNTERS_sendResults
 .text.COUNTERS_stop
                0x0000392e       0x9e src/main.o
                0x0000392e                COUNTERS_stop
 .text.COUNTERS_delayedStart
                0x000039cc      0x2ca src/main.o
                0x000039cc                COUNTERS_delayedStart
 .text.COUNTERS_msToTicks
                0x00003c96      0x182 src/main.o
                0x00003c96                COUNTERS_msToTicks
 .text.TIC_decode
                0x00003e18      0x31e src/main.o
                0x00003e18                TIC_decode
 .text.TIC_decode_ASCII
                0x00004136       0x9a src/main.o
                0x00004136                TIC_decode_ASCII
 .text.TIC_retransmit
                0x000041d0       0x18 src/main.o
                0x000041d0                TIC_retransmit
 .text.TIC_request_Status
                0x000041e8       0x3a src/main.o
                0x000041e8                TIC_request_Status
 .text.TIC_send_TIC_MEM
                0x00004222       0xd4 src/main.o
                0x00004222                TIC_send_TIC_MEM
 .text.TIC_getStatus
                0x000042f6       0x1c src/main.o
                0x000042f6                TIC_getStatus
 .text.TIC_setJitter
                0x00004312       0x3e src/main.o
                0x00004312                TIC_setJitter
 .text.EVSYS_SetEventSource
                0x00004350       0x44 src/main.o
                0x00004350                EVSYS_SetEventSource
 .text.EVSYS_SetEventChannelFilter
                0x00004394       0x44 src/main.o
                0x00004394                EVSYS_SetEventChannelFilter
 .text.SPI_send
                0x000043d8      0x20a src/main.o
                0x000043d8                SPI_send
 .text.SPI_confDACs_toDoubleRef
                0x000045e2       0xcc src/main.o
                0x000045e2                SPI_confDACs_toDoubleRef
 .text.SPI_get_AllVoltages
                0x000046ae      0x628 src/main.o
                0x000046ae                SPI_get_AllVoltages
 .text.updateFlags
                0x00004cd6       0xdc src/main.o
                0x00004cd6                updateFlags
 .text.checkFlag_HVE
                0x00004db2       0x50 src/main.o
                0x00004db2                checkFlag_HVE
 .text.checkFlag_PRGE
                0x00004e02       0x76 src/main.o
                0x00004e02                checkFlag_PRGE
 .text.checkFlag_EDCD
                0x00004e78       0x52 src/main.o
                0x00004e78                checkFlag_EDCD
 .text.checkFlag_SEMV1
                0x00004eca       0x58 src/main.o
                0x00004eca                checkFlag_SEMV1
 .text.checkFlag_SEMV2
                0x00004f22       0x64 src/main.o
                0x00004f22                checkFlag_SEMV2
 .text.checkFlag_SEMV3
                0x00004f86       0x68 src/main.o
                0x00004f86                checkFlag_SEMV3
 .text.checkFlag_SPUMP
                0x00004fee       0x4e src/main.o
                0x00004fee                checkFlag_SPUMP
 .text.turnOn_HV
                0x0000503c      0x28c src/main.o
                0x0000503c                turnOn_HV
 .text.main     0x000052c8      0x352 src/main.o
                0x000052c8                main
 .text.libgcc.div
                0x0000561a       0x44 c:/program files (x86)/atmel/atmel toolchain/avr8 gcc/native/3.4.2.1002/avr8-gnu-toolchain/bin/../lib/gcc/avr/4.7.2/avrxmega2\libgcc.a(_udivmodsi4.o)
                0x0000561a                __udivmodsi4
 .text.libgcc   0x0000565e        0xc c:/program files (x86)/atmel/atmel toolchain/avr8 gcc/native/3.4.2.1002/avr8-gnu-toolchain/bin/../lib/gcc/avr/4.7.2/avrxmega2\libgcc.a(_tablejump.o)
                0x0000565e                __tablejump2__
                0x00005662                __tablejump__
 .text.libgcc.builtins
                0x0000566a        0xe c:/program files (x86)/atmel/atmel toolchain/avr8 gcc/native/3.4.2.1002/avr8-gnu-toolchain/bin/../lib/gcc/avr/4.7.2/avrxmega2\libgcc.a(_clzsi2.o)
                0x0000566a                __clzsi2
 .text.libgcc.builtins
                0x00005678       0x24 c:/program files (x86)/atmel/atmel toolchain/avr8 gcc/native/3.4.2.1002/avr8-gnu-toolchain/bin/../lib/gcc/avr/4.7.2/avrxmega2\libgcc.a(_clzhi2.o)
                0x00005678                __clzhi2
 .text.libgcc.prologue
                0x0000569c       0x32 c:/program files (x86)/atmel/atmel toolchain/avr8 gcc/native/3.4.2.1002/avr8-gnu-toolchain/bin/../lib/gcc/avr/4.7.2/avrxmega2\libgcc.a(_prologue.o)
                0x0000569c                __prologue_saves__
 .text.libgcc.prologue
                0x000056ce       0x30 c:/program files (x86)/atmel/atmel toolchain/avr8 gcc/native/3.4.2.1002/avr8-gnu-toolchain/bin/../lib/gcc/avr/4.7.2/avrxmega2\libgcc.a(_epilogue.o)
                0x000056ce                __epilogue_restores__
                0x000056fe                . = ALIGN (0x2)
 *(.fini9)
 .fini9         0x000056fe        0x0 c:/program files (x86)/atmel/atmel toolchain/avr8 gcc/native/3.4.2.1002/avr8-gnu-toolchain/bin/../lib/gcc/avr/4.7.2/avrxmega2\libgcc.a(_exit.o)
                0x000056fe                _exit
                0x000056fe                exit
 *(.fini9)
 *(.fini8)
 *(.fini8)
 *(.fini7)
 *(.fini7)
 *(.fini6)
 *(.fini6)
 *(.fini5)
 *(.fini5)
 *(.fini4)
 *(.fini4)
 *(.fini3)
 *(.fini3)
 *(.fini2)
 *(.fini2)
 *(.fini1)
 *(.fini1)
 *(.fini0)
 .fini0         0x000056fe        0x4 c:/program files (x86)/atmel/atmel toolchain/avr8 gcc/native/3.4.2.1002/avr8-gnu-toolchain/bin/../lib/gcc/avr/4.7.2/avrxmega2\libgcc.a(_exit.o)
 *(.fini0)
                0x00005702                _etext = .

.data           0x00802000       0x30 load address 0x00005702
                0x00802000                PROVIDE (__data_start, .)
 *(.data)
 .data          0x00802000        0x0 c:/program files (x86)/atmel/atmel toolchain/avr8 gcc/native/3.4.2.1002/avr8-gnu-toolchain/bin/../lib/gcc/avr/4.7.2/../../../../avr/lib/avrxmega2/crtx32a4u.o
 .data          0x00802000        0x0 src/ASF/common/services/clock/xmega/sysclk.o
 .data          0x00802000        0x0 src/ASF/common/services/ioport/xmega/ioport_compat.o
 .data          0x00802000        0x0 src/ASF/common/services/serial/usart_serial.o
 .data          0x00802000        0x0 src/ASF/common/services/sleepmgr/xmega/sleepmgr.o
 .data          0x00802000        0x0 src/ASF/common/services/spi/xmega_spi/spi_master.o
 .data          0x00802000        0x0 src/ASF/xmega/drivers/cpu/ccp.o
 .data          0x00802000        0x0 src/ASF/xmega/drivers/nvm/nvm.o
 .data          0x00802000        0x0 src/ASF/xmega/drivers/nvm/nvm_asm.o
 .data          0x00802000        0x0 src/ASF/xmega/drivers/rtc/rtc.o
 .data          0x00802000        0x0 src/ASF/xmega/drivers/spi/spi.o
 .data          0x00802000        0x0 src/ASF/xmega/drivers/tc/tc.o
 .data          0x00802000        0x0 src/ASF/xmega/drivers/usart/usart.o
 .data          0x00802000        0x0 src/main.o
 .data          0x00802000        0x0 src/ASF/common/boards/user_board/init.o
 .data          0x00802000        0x0 c:/program files (x86)/atmel/atmel toolchain/avr8 gcc/native/3.4.2.1002/avr8-gnu-toolchain/bin/../lib/gcc/avr/4.7.2/avrxmega2\libgcc.a(_udivmodsi4.o)
 .data          0x00802000        0x0 c:/program files (x86)/atmel/atmel toolchain/avr8 gcc/native/3.4.2.1002/avr8-gnu-toolchain/bin/../lib/gcc/avr/4.7.2/avrxmega2\libgcc.a(_exit.o)
 .data          0x00802000        0x0 c:/program files (x86)/atmel/atmel toolchain/avr8 gcc/native/3.4.2.1002/avr8-gnu-toolchain/bin/../lib/gcc/avr/4.7.2/avrxmega2\libgcc.a(_tablejump.o)
 .data          0x00802000        0x0 c:/program files (x86)/atmel/atmel toolchain/avr8 gcc/native/3.4.2.1002/avr8-gnu-toolchain/bin/../lib/gcc/avr/4.7.2/avrxmega2\libgcc.a(_copy_data.o)
 .data          0x00802000        0x0 c:/program files (x86)/atmel/atmel toolchain/avr8 gcc/native/3.4.2.1002/avr8-gnu-toolchain/bin/../lib/gcc/avr/4.7.2/avrxmega2\libgcc.a(_clear_bss.o)
 .data          0x00802000        0x0 c:/program files (x86)/atmel/atmel toolchain/avr8 gcc/native/3.4.2.1002/avr8-gnu-toolchain/bin/../lib/gcc/avr/4.7.2/avrxmega2\libgcc.a(_fixunssfsi.o)
 .data          0x00802000        0x0 c:/program files (x86)/atmel/atmel toolchain/avr8 gcc/native/3.4.2.1002/avr8-gnu-toolchain/bin/../lib/gcc/avr/4.7.2/avrxmega2\libgcc.a(_addsub_sf.o)
 .data          0x00802000        0x0 c:/program files (x86)/atmel/atmel toolchain/avr8 gcc/native/3.4.2.1002/avr8-gnu-toolchain/bin/../lib/gcc/avr/4.7.2/avrxmega2\libgcc.a(_mul_sf.o)
 .data          0x00802000        0x0 c:/program files (x86)/atmel/atmel toolchain/avr8 gcc/native/3.4.2.1002/avr8-gnu-toolchain/bin/../lib/gcc/avr/4.7.2/avrxmega2\libgcc.a(_ge_sf.o)
 .data          0x00802000        0x0 c:/program files (x86)/atmel/atmel toolchain/avr8 gcc/native/3.4.2.1002/avr8-gnu-toolchain/bin/../lib/gcc/avr/4.7.2/avrxmega2\libgcc.a(_sf_to_si.o)
 .data          0x00802000        0x0 c:/program files (x86)/atmel/atmel toolchain/avr8 gcc/native/3.4.2.1002/avr8-gnu-toolchain/bin/../lib/gcc/avr/4.7.2/avrxmega2\libgcc.a(_thenan_sf.o)
 .data          0x00802000        0x0 c:/program files (x86)/atmel/atmel toolchain/avr8 gcc/native/3.4.2.1002/avr8-gnu-toolchain/bin/../lib/gcc/avr/4.7.2/avrxmega2\libgcc.a(_usi_to_sf.o)
 .data          0x00802000        0x0 c:/program files (x86)/atmel/atmel toolchain/avr8 gcc/native/3.4.2.1002/avr8-gnu-toolchain/bin/../lib/gcc/avr/4.7.2/avrxmega2\libgcc.a(_clzsi2.o)
 .data          0x00802000        0x0 c:/program files (x86)/atmel/atmel toolchain/avr8 gcc/native/3.4.2.1002/avr8-gnu-toolchain/bin/../lib/gcc/avr/4.7.2/avrxmega2\libgcc.a(_clzhi2.o)
 .data          0x00802000        0x0 c:/program files (x86)/atmel/atmel toolchain/avr8 gcc/native/3.4.2.1002/avr8-gnu-toolchain/bin/../lib/gcc/avr/4.7.2/avrxmega2\libgcc.a(_prologue.o)
 .data          0x00802000        0x0 c:/program files (x86)/atmel/atmel toolchain/avr8 gcc/native/3.4.2.1002/avr8-gnu-toolchain/bin/../lib/gcc/avr/4.7.2/avrxmega2\libgcc.a(_epilogue.o)
 .data          0x00802000        0x0 c:/program files (x86)/atmel/atmel toolchain/avr8 gcc/native/3.4.2.1002/avr8-gnu-toolchain/bin/../lib/gcc/avr/4.7.2/avrxmega2\libgcc.a(_pack_sf.o)
 .data          0x00802000        0x0 c:/program files (x86)/atmel/atmel toolchain/avr8 gcc/native/3.4.2.1002/avr8-gnu-toolchain/bin/../lib/gcc/avr/4.7.2/avrxmega2\libgcc.a(_unpack_sf.o)
 .data          0x00802000        0x0 c:/program files (x86)/atmel/atmel toolchain/avr8 gcc/native/3.4.2.1002/avr8-gnu-toolchain/bin/../lib/gcc/avr/4.7.2/avrxmega2\libgcc.a(_fpcmp_parts_sf.o)
 .data          0x00802000        0x0 c:/program files (x86)/atmel/atmel toolchain/avr8 gcc/native/3.4.2.1002/avr8-gnu-toolchain/bin/../lib/gcc/avr/4.7.2/../../../../avr/lib/avrxmega2\libc.a(memcpy.o)
 *(.data*)
 .data.MC_version
                0x00802000        0x1 src/main.o
                0x00802000                MC_version
 .data.MC_birthday
                0x00802001        0x4 src/main.o
                0x00802001                MC_birthday
 .data.TIC_HVE_Message
                0x00802005        0x6 src/main.o
                0x00802005                TIC_HVE_Message
 .data.TIC_disprove_jitter_MAX
                0x0080200b        0x1 src/main.o
                0x0080200b                TIC_disprove_jitter_MAX
 .data.TIC_R1_jitter_MAX
                0x0080200c        0x1 src/main.o
                0x0080200c                TIC_R1_jitter_MAX
 .data.USART_PC_OPTIONS
                0x0080200d        0x9 src/main.o
 .data.USART_TIC_OPTIONS
                0x00802016        0x9 src/main.o
 .data.DAC_Detector
                0x0080201f        0x1 src/main.o
                0x0080201f                DAC_Detector
 .data.DAC_Inlet
                0x00802020        0x1 src/main.o
                0x00802020                DAC_Inlet
 .data.DAC_Scaner
                0x00802021        0x1 src/main.o
                0x00802021                DAC_Scaner
 .data.DAC_Condensator
                0x00802022        0x1 src/main.o
                0x00802022                DAC_Condensator
 .data.ADC_IonSource
                0x00802023        0x1 src/main.o
                0x00802023                ADC_IonSource
 .data.ADC_Detector
                0x00802024        0x1 src/main.o
                0x00802024                ADC_Detector
 .data.ADC_Inlet
                0x00802025        0x1 src/main.o
                0x00802025                ADC_Inlet
 .data.ADC_MSV  0x00802026        0x1 src/main.o
                0x00802026                ADC_MSV
 *(.rodata)
 .rodata        0x00802027        0x8 c:/program files (x86)/atmel/atmel toolchain/avr8 gcc/native/3.4.2.1002/avr8-gnu-toolchain/bin/../lib/gcc/avr/4.7.2/avrxmega2\libgcc.a(_thenan_sf.o)
                0x00802027                __thenan_sf
 *(.rodata*)
 *(.gnu.linkonce.d*)
                0x00802030                . = ALIGN (0x2)
 *fill*         0x0080202f        0x1 
                0x00802030                _edata = .
                0x00802030                PROVIDE (__data_end, .)

.bss            0x00802030      0x35c
                0x00802030                PROVIDE (__bss_start, .)
 *(.bss)
 *(.bss*)
 .bss.tc_tcc0_ovf_callback
                0x00802030        0x2 src/ASF/xmega/drivers/tc/tc.o
 .bss.tc_tcc0_err_callback
                0x00802032        0x2 src/ASF/xmega/drivers/tc/tc.o
 .bss.tc_tcc0_cca_callback
                0x00802034        0x2 src/ASF/xmega/drivers/tc/tc.o
 .bss.tc_tcc0_ccb_callback
                0x00802036        0x2 src/ASF/xmega/drivers/tc/tc.o
 .bss.tc_tcc0_ccc_callback
                0x00802038        0x2 src/ASF/xmega/drivers/tc/tc.o
 .bss.tc_tcc0_ccd_callback
                0x0080203a        0x2 src/ASF/xmega/drivers/tc/tc.o
 .bss.tc_tcc1_ovf_callback
                0x0080203c        0x2 src/ASF/xmega/drivers/tc/tc.o
 .bss.tc_tcc1_err_callback
                0x0080203e        0x2 src/ASF/xmega/drivers/tc/tc.o
 .bss.tc_tcc1_cca_callback
                0x00802040        0x2 src/ASF/xmega/drivers/tc/tc.o
 .bss.tc_tcc1_ccb_callback
                0x00802042        0x2 src/ASF/xmega/drivers/tc/tc.o
 .bss.tc_tcd0_ovf_callback
                0x00802044        0x2 src/ASF/xmega/drivers/tc/tc.o
 .bss.tc_tcd0_err_callback
                0x00802046        0x2 src/ASF/xmega/drivers/tc/tc.o
 .bss.tc_tcd0_cca_callback
                0x00802048        0x2 src/ASF/xmega/drivers/tc/tc.o
 .bss.tc_tcd0_ccb_callback
                0x0080204a        0x2 src/ASF/xmega/drivers/tc/tc.o
 .bss.tc_tcd0_ccc_callback
                0x0080204c        0x2 src/ASF/xmega/drivers/tc/tc.o
 .bss.tc_tcd0_ccd_callback
                0x0080204e        0x2 src/ASF/xmega/drivers/tc/tc.o
 .bss.tc_tcd1_ovf_callback
                0x00802050        0x2 src/ASF/xmega/drivers/tc/tc.o
 .bss.tc_tcd1_err_callback
                0x00802052        0x2 src/ASF/xmega/drivers/tc/tc.o
 .bss.tc_tcd1_cca_callback
                0x00802054        0x2 src/ASF/xmega/drivers/tc/tc.o
 .bss.tc_tcd1_ccb_callback
                0x00802056        0x2 src/ASF/xmega/drivers/tc/tc.o
 .bss.tc_tce0_ovf_callback
                0x00802058        0x2 src/ASF/xmega/drivers/tc/tc.o
 .bss.tc_tce0_err_callback
                0x0080205a        0x2 src/ASF/xmega/drivers/tc/tc.o
 .bss.tc_tce0_cca_callback
                0x0080205c        0x2 src/ASF/xmega/drivers/tc/tc.o
 .bss.tc_tce0_ccb_callback
                0x0080205e        0x2 src/ASF/xmega/drivers/tc/tc.o
 .bss.tc_tce0_ccc_callback
                0x00802060        0x2 src/ASF/xmega/drivers/tc/tc.o
 .bss.tc_tce0_ccd_callback
                0x00802062        0x2 src/ASF/xmega/drivers/tc/tc.o
 .bss.MC_CommandStack
                0x00802064        0x1 src/main.o
                0x00802064                MC_CommandStack
 .bss.TIC_MEM_length
                0x00802065        0x1 src/main.o
                0x00802065                TIC_MEM_length
 .bss.TIC_buf   0x00802066        0x1 src/main.o
                0x00802066                TIC_buf
 .bss.TIC_State
                0x00802067        0x1 src/main.o
                0x00802067                TIC_State
 .bss.TIC_HVE_offlineCount
                0x00802068        0x1 src/main.o
                0x00802068                TIC_HVE_offlineCount
 .bss.TIC_HVE_Error_sent
                0x00802069        0x1 src/main.o
                0x00802069                TIC_HVE_Error_sent
 .bss.TIC_Online
                0x0080206a        0x1 src/main.o
                0x0080206a                TIC_Online
 .bss.TIC_Status_length
                0x0080206b        0x1 src/main.o
                0x0080206b                TIC_Status_length
 .bss.TIC_disprove_jitter
                0x0080206c        0x1 src/main.o
                0x0080206c                TIC_disprove_jitter
 .bss.TIC_R1_jitter
                0x0080206d        0x1 src/main.o
                0x0080206d                TIC_R1_jitter
 .bss.RTC_delay
                0x0080206e        0x1 src/main.o
                0x0080206e                RTC_delay
 .bss.RTC_Status
                0x0080206f        0x1 src/main.o
                0x0080206f                RTC_Status
 .bss.RTC_ElapsedTime
                0x00802070        0x2 src/main.o
                0x00802070                RTC_ElapsedTime
 .bss.RTC_MeasurePrescaler
                0x00802072        0x1 src/main.o
                0x00802072                RTC_MeasurePrescaler
 .bss.RTC_MeasurePeriod
                0x00802073        0x2 src/main.o
                0x00802073                RTC_MeasurePeriod
 .bss.RTC_DelayPrescaler
                0x00802075        0x1 src/main.o
                0x00802075                RTC_DelayPrescaler
 .bss.RTC_DelayPeriod
                0x00802076        0x2 src/main.o
                0x00802076                RTC_DelayPeriod
 .bss.COA_Measurment
                0x00802078        0x2 src/main.o
                0x00802078                COA_Measurment
 .bss.COA_OVF   0x0080207a        0x2 src/main.o
                0x0080207a                COA_OVF
 .bss.COB_Measurment
                0x0080207c        0x2 src/main.o
                0x0080207c                COB_Measurment
 .bss.COB_OVF   0x0080207e        0x2 src/main.o
                0x0080207e                COB_OVF
 .bss.COC_Measurment
                0x00802080        0x2 src/main.o
                0x00802080                COC_Measurment
 .bss.COC_OVF   0x00802082        0x2 src/main.o
                0x00802082                COC_OVF
 .bss.MC_Tasks  0x00802084        0x1 src/main.o
                0x00802084                MC_Tasks
 .bss.Errors_USART_PC
                0x00802085        0x1 src/main.o
                0x00802085                Errors_USART_PC
 .bss.Errors_USART_TIC
                0x00802086        0x1 src/main.o
                0x00802086                Errors_USART_TIC
 .bss.DAC_IonSource
                0x00802087        0x1 src/main.o
                0x00802087                DAC_IonSource
 .bss.PC_buffer
                0x00802088        0x1 src/main.o
                0x00802088                PC_buffer
 .bss.PC_MEM_length
                0x00802089        0x1 src/main.o
                0x00802089                PC_MEM_length
 .bss.PC_receiving
                0x0080208a        0x1 src/main.o
                0x0080208a                PC_receiving
 .bss.PC_door   0x0080208b        0x1 src/main.o
                0x0080208b                PC_door
 .bss.transmiting
                0x0080208c        0x1 src/main.o
                0x0080208c                transmiting
 .bss.Queue_pointer
                0x0080208d        0x1 src/main.o
                0x0080208d                Queue_pointer
 .bss.Queue_lengthes_pointer
                0x0080208e        0x1 src/main.o
                0x0080208e                Queue_lengthes_pointer
 *(COMMON)
 COMMON         0x0080208f        0x6 src/ASF/common/services/sleepmgr/xmega/sleepmgr.o
                0x0080208f                sleepmgr_locks
 COMMON         0x00802095        0x8 src/ASF/xmega/drivers/rtc/rtc.o
                0x00802095                rtc_data
 COMMON         0x0080209d      0x2ef src/main.o
                0x0080209d                Queue
                0x0080219d                pointer_Errors_USART_PC
                0x0080219f                pointer_Errors_USART_TIC
                0x008021a1                PC_MEM
                0x00802205                TIC_Status
                0x00802223                TIC_MEM
                0x00802287                pointer_Flags
                0x00802289                Queue_lengthes
                0x00802389                pointer_MC_Tasks
                0x0080238b                Flags
                0x0080238c                PROVIDE (__bss_end, .)
                0x00005702                __data_load_start = LOADADDR (.data)
                0x00005732                __data_load_end = (__data_load_start + SIZEOF (.data))

.noinit         0x0080238c        0x0
                0x0080238c                PROVIDE (__noinit_start, .)
 *(.noinit*)
                0x0080238c                PROVIDE (__noinit_end, .)
                0x0080238c                _end = .
                0x0080238c                PROVIDE (__heap_start, .)

.eeprom         0x00810000        0x0
 *(.eeprom*)
                0x00810000                __eeprom_end = .

.fuse
 *(.fuse)
 *(.lfuse)
 *(.hfuse)
 *(.efuse)

.lock
 *(.lock*)

.signature
 *(.signature*)

.user_signatures
 *(.user_signatures*)

.stab           0x00000000      0x750
 *(.stab)
 .stab          0x00000000      0x6cc c:/program files (x86)/atmel/atmel toolchain/avr8 gcc/native/3.4.2.1002/avr8-gnu-toolchain/bin/../lib/gcc/avr/4.7.2/../../../../avr/lib/avrxmega2/crtx32a4u.o
 .stab          0x000006cc       0x84 c:/program files (x86)/atmel/atmel toolchain/avr8 gcc/native/3.4.2.1002/avr8-gnu-toolchain/bin/../lib/gcc/avr/4.7.2/../../../../avr/lib/avrxmega2\libc.a(memcpy.o)
                                 0x90 (size before relaxing)

.stabstr        0x00000000      0x10b
 *(.stabstr)
 .stabstr       0x00000000      0x10b c:/program files (x86)/atmel/atmel toolchain/avr8 gcc/native/3.4.2.1002/avr8-gnu-toolchain/bin/../lib/gcc/avr/4.7.2/../../../../avr/lib/avrxmega2/crtx32a4u.o

.stab.excl
 *(.stab.excl)

.stab.exclstr
 *(.stab.exclstr)

.stab.index
 *(.stab.index)

.stab.indexstr
 *(.stab.indexstr)

.comment        0x00000000       0x2f
 *(.comment)
 .comment       0x00000000       0x2f src/ASF/common/services/clock/xmega/sysclk.o
                                 0x30 (size before relaxing)
 .comment       0x00000000       0x30 src/ASF/common/services/ioport/xmega/ioport_compat.o
 .comment       0x00000000       0x30 src/ASF/common/services/serial/usart_serial.o
 .comment       0x00000000       0x30 src/ASF/common/services/sleepmgr/xmega/sleepmgr.o
 .comment       0x00000000       0x30 src/ASF/common/services/spi/xmega_spi/spi_master.o
 .comment       0x00000000       0x30 src/ASF/xmega/drivers/nvm/nvm.o
 .comment       0x00000000       0x30 src/ASF/xmega/drivers/rtc/rtc.o
 .comment       0x00000000       0x30 src/ASF/xmega/drivers/spi/spi.o
 .comment       0x00000000       0x30 src/ASF/xmega/drivers/tc/tc.o
 .comment       0x00000000       0x30 src/ASF/xmega/drivers/usart/usart.o
 .comment       0x00000000       0x30 src/main.o
 .comment       0x00000000       0x30 src/ASF/common/boards/user_board/init.o
 .comment       0x00000000       0x30 c:/program files (x86)/atmel/atmel toolchain/avr8 gcc/native/3.4.2.1002/avr8-gnu-toolchain/bin/../lib/gcc/avr/4.7.2/avrxmega2\libgcc.a(_fixunssfsi.o)
 .comment       0x00000000       0x30 c:/program files (x86)/atmel/atmel toolchain/avr8 gcc/native/3.4.2.1002/avr8-gnu-toolchain/bin/../lib/gcc/avr/4.7.2/avrxmega2\libgcc.a(_addsub_sf.o)
 .comment       0x00000000       0x30 c:/program files (x86)/atmel/atmel toolchain/avr8 gcc/native/3.4.2.1002/avr8-gnu-toolchain/bin/../lib/gcc/avr/4.7.2/avrxmega2\libgcc.a(_mul_sf.o)
 .comment       0x00000000       0x30 c:/program files (x86)/atmel/atmel toolchain/avr8 gcc/native/3.4.2.1002/avr8-gnu-toolchain/bin/../lib/gcc/avr/4.7.2/avrxmega2\libgcc.a(_ge_sf.o)
 .comment       0x00000000       0x30 c:/program files (x86)/atmel/atmel toolchain/avr8 gcc/native/3.4.2.1002/avr8-gnu-toolchain/bin/../lib/gcc/avr/4.7.2/avrxmega2\libgcc.a(_sf_to_si.o)
 .comment       0x00000000       0x30 c:/program files (x86)/atmel/atmel toolchain/avr8 gcc/native/3.4.2.1002/avr8-gnu-toolchain/bin/../lib/gcc/avr/4.7.2/avrxmega2\libgcc.a(_thenan_sf.o)
 .comment       0x00000000       0x30 c:/program files (x86)/atmel/atmel toolchain/avr8 gcc/native/3.4.2.1002/avr8-gnu-toolchain/bin/../lib/gcc/avr/4.7.2/avrxmega2\libgcc.a(_usi_to_sf.o)
 .comment       0x00000000       0x30 c:/program files (x86)/atmel/atmel toolchain/avr8 gcc/native/3.4.2.1002/avr8-gnu-toolchain/bin/../lib/gcc/avr/4.7.2/avrxmega2\libgcc.a(_pack_sf.o)
 .comment       0x00000000       0x30 c:/program files (x86)/atmel/atmel toolchain/avr8 gcc/native/3.4.2.1002/avr8-gnu-toolchain/bin/../lib/gcc/avr/4.7.2/avrxmega2\libgcc.a(_unpack_sf.o)
 .comment       0x00000000       0x30 c:/program files (x86)/atmel/atmel toolchain/avr8 gcc/native/3.4.2.1002/avr8-gnu-toolchain/bin/../lib/gcc/avr/4.7.2/avrxmega2\libgcc.a(_fpcmp_parts_sf.o)

.debug
 *(.debug)

.line
 *(.line)

.debug_srcinfo
 *(.debug_srcinfo)

.debug_sfnames
 *(.debug_sfnames)

.debug_aranges  0x00000000      0x940
 *(.debug_aranges)
 .debug_aranges
                0x00000000       0x88 src/ASF/common/services/clock/xmega/sysclk.o
 .debug_aranges
                0x00000088       0x20 src/ASF/common/services/ioport/xmega/ioport_compat.o
 .debug_aranges
                0x000000a8       0x38 src/ASF/common/services/serial/usart_serial.o
 .debug_aranges
                0x000000e0       0x18 src/ASF/common/services/sleepmgr/xmega/sleepmgr.o
 .debug_aranges
                0x000000f8       0xb0 src/ASF/common/services/spi/xmega_spi/spi_master.o
 .debug_aranges
                0x000001a8       0x20 src/ASF/xmega/drivers/cpu/ccp.o
 .debug_aranges
                0x000001c8      0x128 src/ASF/xmega/drivers/nvm/nvm.o
 .debug_aranges
                0x000002f0       0x28 src/ASF/xmega/drivers/nvm/nvm_asm.o
 .debug_aranges
                0x00000318       0x68 src/ASF/xmega/drivers/rtc/rtc.o
 .debug_aranges
                0x00000380       0x20 src/ASF/xmega/drivers/spi/spi.o
 .debug_aranges
                0x000003a0      0x148 src/ASF/xmega/drivers/tc/tc.o
 .debug_aranges
                0x000004e8       0xd8 src/ASF/xmega/drivers/usart/usart.o
 .debug_aranges
                0x000005c0      0x228 src/main.o
 .debug_aranges
                0x000007e8       0x20 src/ASF/common/boards/user_board/init.o
 .debug_aranges
                0x00000808       0x20 c:/program files (x86)/atmel/atmel toolchain/avr8 gcc/native/3.4.2.1002/avr8-gnu-toolchain/bin/../lib/gcc/avr/4.7.2/avrxmega2\libgcc.a(_fixunssfsi.o)
 .debug_aranges
                0x00000828       0x20 c:/program files (x86)/atmel/atmel toolchain/avr8 gcc/native/3.4.2.1002/avr8-gnu-toolchain/bin/../lib/gcc/avr/4.7.2/avrxmega2\libgcc.a(_addsub_sf.o)
 .debug_aranges
                0x00000848       0x20 c:/program files (x86)/atmel/atmel toolchain/avr8 gcc/native/3.4.2.1002/avr8-gnu-toolchain/bin/../lib/gcc/avr/4.7.2/avrxmega2\libgcc.a(_mul_sf.o)
 .debug_aranges
                0x00000868       0x20 c:/program files (x86)/atmel/atmel toolchain/avr8 gcc/native/3.4.2.1002/avr8-gnu-toolchain/bin/../lib/gcc/avr/4.7.2/avrxmega2\libgcc.a(_ge_sf.o)
 .debug_aranges
                0x00000888       0x20 c:/program files (x86)/atmel/atmel toolchain/avr8 gcc/native/3.4.2.1002/avr8-gnu-toolchain/bin/../lib/gcc/avr/4.7.2/avrxmega2\libgcc.a(_sf_to_si.o)
 .debug_aranges
                0x000008a8       0x18 c:/program files (x86)/atmel/atmel toolchain/avr8 gcc/native/3.4.2.1002/avr8-gnu-toolchain/bin/../lib/gcc/avr/4.7.2/avrxmega2\libgcc.a(_thenan_sf.o)
 .debug_aranges
                0x000008c0       0x20 c:/program files (x86)/atmel/atmel toolchain/avr8 gcc/native/3.4.2.1002/avr8-gnu-toolchain/bin/../lib/gcc/avr/4.7.2/avrxmega2\libgcc.a(_usi_to_sf.o)
 .debug_aranges
                0x000008e0       0x20 c:/program files (x86)/atmel/atmel toolchain/avr8 gcc/native/3.4.2.1002/avr8-gnu-toolchain/bin/../lib/gcc/avr/4.7.2/avrxmega2\libgcc.a(_pack_sf.o)
 .debug_aranges
                0x00000900       0x20 c:/program files (x86)/atmel/atmel toolchain/avr8 gcc/native/3.4.2.1002/avr8-gnu-toolchain/bin/../lib/gcc/avr/4.7.2/avrxmega2\libgcc.a(_unpack_sf.o)
 .debug_aranges
                0x00000920       0x20 c:/program files (x86)/atmel/atmel toolchain/avr8 gcc/native/3.4.2.1002/avr8-gnu-toolchain/bin/../lib/gcc/avr/4.7.2/avrxmega2\libgcc.a(_fpcmp_parts_sf.o)

.debug_pubnames
 *(.debug_pubnames)

.debug_info     0x00000000     0xb354
 *(.debug_info)
 .debug_info    0x00000000      0x600 src/ASF/common/services/clock/xmega/sysclk.o
 .debug_info    0x00000600      0x115 src/ASF/common/services/ioport/xmega/ioport_compat.o
 .debug_info    0x00000715      0x33e src/ASF/common/services/serial/usart_serial.o
 .debug_info    0x00000a53      0x121 src/ASF/common/services/sleepmgr/xmega/sleepmgr.o
 .debug_info    0x00000b74      0xa62 src/ASF/common/services/spi/xmega_spi/spi_master.o
 .debug_info    0x000015d6       0x9c src/ASF/xmega/drivers/cpu/ccp.o
 .debug_info    0x00001672      0xb62 src/ASF/xmega/drivers/nvm/nvm.o
 .debug_info    0x000021d4       0x9c src/ASF/xmega/drivers/nvm/nvm_asm.o
 .debug_info    0x00002270      0x628 src/ASF/xmega/drivers/rtc/rtc.o
 .debug_info    0x00002898      0x1a1 src/ASF/xmega/drivers/spi/spi.o
 .debug_info    0x00002a39     0x1350 src/ASF/xmega/drivers/tc/tc.o
 .debug_info    0x00003d89     0x2838 src/ASF/xmega/drivers/usart/usart.o
 .debug_info    0x000065c1     0x302e src/main.o
 .debug_info    0x000095ef      0x1b2 src/ASF/common/boards/user_board/init.o
 .debug_info    0x000097a1       0xbe c:/program files (x86)/atmel/atmel toolchain/avr8 gcc/native/3.4.2.1002/avr8-gnu-toolchain/bin/../lib/gcc/avr/4.7.2/avrxmega2\libgcc.a(_fixunssfsi.o)
 .debug_info    0x0000985f      0x589 c:/program files (x86)/atmel/atmel toolchain/avr8 gcc/native/3.4.2.1002/avr8-gnu-toolchain/bin/../lib/gcc/avr/4.7.2/avrxmega2\libgcc.a(_addsub_sf.o)
 .debug_info    0x00009de8      0x47c c:/program files (x86)/atmel/atmel toolchain/avr8 gcc/native/3.4.2.1002/avr8-gnu-toolchain/bin/../lib/gcc/avr/4.7.2/avrxmega2\libgcc.a(_mul_sf.o)
 .debug_info    0x0000a264      0x32d c:/program files (x86)/atmel/atmel toolchain/avr8 gcc/native/3.4.2.1002/avr8-gnu-toolchain/bin/../lib/gcc/avr/4.7.2/avrxmega2\libgcc.a(_ge_sf.o)
 .debug_info    0x0000a591      0x2e6 c:/program files (x86)/atmel/atmel toolchain/avr8 gcc/native/3.4.2.1002/avr8-gnu-toolchain/bin/../lib/gcc/avr/4.7.2/avrxmega2\libgcc.a(_sf_to_si.o)
 .debug_info    0x0000a877      0x150 c:/program files (x86)/atmel/atmel toolchain/avr8 gcc/native/3.4.2.1002/avr8-gnu-toolchain/bin/../lib/gcc/avr/4.7.2/avrxmega2\libgcc.a(_thenan_sf.o)
 .debug_info    0x0000a9c7      0x264 c:/program files (x86)/atmel/atmel toolchain/avr8 gcc/native/3.4.2.1002/avr8-gnu-toolchain/bin/../lib/gcc/avr/4.7.2/avrxmega2\libgcc.a(_usi_to_sf.o)
 .debug_info    0x0000ac2b      0x2d2 c:/program files (x86)/atmel/atmel toolchain/avr8 gcc/native/3.4.2.1002/avr8-gnu-toolchain/bin/../lib/gcc/avr/4.7.2/avrxmega2\libgcc.a(_pack_sf.o)
 .debug_info    0x0000aefd      0x268 c:/program files (x86)/atmel/atmel toolchain/avr8 gcc/native/3.4.2.1002/avr8-gnu-toolchain/bin/../lib/gcc/avr/4.7.2/avrxmega2\libgcc.a(_unpack_sf.o)
 .debug_info    0x0000b165      0x1ef c:/program files (x86)/atmel/atmel toolchain/avr8 gcc/native/3.4.2.1002/avr8-gnu-toolchain/bin/../lib/gcc/avr/4.7.2/avrxmega2\libgcc.a(_fpcmp_parts_sf.o)
 *(.gnu.linkonce.wi.*)

.debug_abbrev   0x00000000     0x2674
 *(.debug_abbrev)
 .debug_abbrev  0x00000000      0x1dc src/ASF/common/services/clock/xmega/sysclk.o
 .debug_abbrev  0x000001dc       0x93 src/ASF/common/services/ioport/xmega/ioport_compat.o
 .debug_abbrev  0x0000026f      0x132 src/ASF/common/services/serial/usart_serial.o
 .debug_abbrev  0x000003a1       0x80 src/ASF/common/services/sleepmgr/xmega/sleepmgr.o
 .debug_abbrev  0x00000421      0x294 src/ASF/common/services/spi/xmega_spi/spi_master.o
 .debug_abbrev  0x000006b5       0x14 src/ASF/xmega/drivers/cpu/ccp.o
 .debug_abbrev  0x000006c9      0x2e0 src/ASF/xmega/drivers/nvm/nvm.o
 .debug_abbrev  0x000009a9       0x12 src/ASF/xmega/drivers/nvm/nvm_asm.o
 .debug_abbrev  0x000009bb      0x264 src/ASF/xmega/drivers/rtc/rtc.o
 .debug_abbrev  0x00000c1f       0xd8 src/ASF/xmega/drivers/spi/spi.o
 .debug_abbrev  0x00000cf7      0x206 src/ASF/xmega/drivers/tc/tc.o
 .debug_abbrev  0x00000efd      0x3a7 src/ASF/xmega/drivers/usart/usart.o
 .debug_abbrev  0x000012a4      0x4d3 src/main.o
 .debug_abbrev  0x00001777       0xaa src/ASF/common/boards/user_board/init.o
 .debug_abbrev  0x00001821       0x60 c:/program files (x86)/atmel/atmel toolchain/avr8 gcc/native/3.4.2.1002/avr8-gnu-toolchain/bin/../lib/gcc/avr/4.7.2/avrxmega2\libgcc.a(_fixunssfsi.o)
 .debug_abbrev  0x00001881      0x215 c:/program files (x86)/atmel/atmel toolchain/avr8 gcc/native/3.4.2.1002/avr8-gnu-toolchain/bin/../lib/gcc/avr/4.7.2/avrxmega2\libgcc.a(_addsub_sf.o)
 .debug_abbrev  0x00001a96      0x228 c:/program files (x86)/atmel/atmel toolchain/avr8 gcc/native/3.4.2.1002/avr8-gnu-toolchain/bin/../lib/gcc/avr/4.7.2/avrxmega2\libgcc.a(_mul_sf.o)
 .debug_abbrev  0x00001cbe      0x1a5 c:/program files (x86)/atmel/atmel toolchain/avr8 gcc/native/3.4.2.1002/avr8-gnu-toolchain/bin/../lib/gcc/avr/4.7.2/avrxmega2\libgcc.a(_ge_sf.o)
 .debug_abbrev  0x00001e63      0x194 c:/program files (x86)/atmel/atmel toolchain/avr8 gcc/native/3.4.2.1002/avr8-gnu-toolchain/bin/../lib/gcc/avr/4.7.2/avrxmega2\libgcc.a(_sf_to_si.o)
 .debug_abbrev  0x00001ff7       0xb6 c:/program files (x86)/atmel/atmel toolchain/avr8 gcc/native/3.4.2.1002/avr8-gnu-toolchain/bin/../lib/gcc/avr/4.7.2/avrxmega2\libgcc.a(_thenan_sf.o)
 .debug_abbrev  0x000020ad      0x1b6 c:/program files (x86)/atmel/atmel toolchain/avr8 gcc/native/3.4.2.1002/avr8-gnu-toolchain/bin/../lib/gcc/avr/4.7.2/avrxmega2\libgcc.a(_usi_to_sf.o)
 .debug_abbrev  0x00002263      0x195 c:/program files (x86)/atmel/atmel toolchain/avr8 gcc/native/3.4.2.1002/avr8-gnu-toolchain/bin/../lib/gcc/avr/4.7.2/avrxmega2\libgcc.a(_pack_sf.o)
 .debug_abbrev  0x000023f8      0x15f c:/program files (x86)/atmel/atmel toolchain/avr8 gcc/native/3.4.2.1002/avr8-gnu-toolchain/bin/../lib/gcc/avr/4.7.2/avrxmega2\libgcc.a(_unpack_sf.o)
 .debug_abbrev  0x00002557      0x11d c:/program files (x86)/atmel/atmel toolchain/avr8 gcc/native/3.4.2.1002/avr8-gnu-toolchain/bin/../lib/gcc/avr/4.7.2/avrxmega2\libgcc.a(_fpcmp_parts_sf.o)

.debug_line     0x00000000     0x9051
 *(.debug_line)
 .debug_line    0x00000000      0x7cb src/ASF/common/services/clock/xmega/sysclk.o
 .debug_line    0x000007cb      0x4e1 src/ASF/common/services/ioport/xmega/ioport_compat.o
 .debug_line    0x00000cac      0x694 src/ASF/common/services/serial/usart_serial.o
 .debug_line    0x00001340      0x47c src/ASF/common/services/sleepmgr/xmega/sleepmgr.o
 .debug_line    0x000017bc      0x97e src/ASF/common/services/spi/xmega_spi/spi_master.o
 .debug_line    0x0000213a       0x6e src/ASF/xmega/drivers/cpu/ccp.o
 .debug_line    0x000021a8      0xc17 src/ASF/xmega/drivers/nvm/nvm.o
 .debug_line    0x00002dbf      0x11f src/ASF/xmega/drivers/nvm/nvm_asm.o
 .debug_line    0x00002ede      0x932 src/ASF/xmega/drivers/rtc/rtc.o
 .debug_line    0x00003810      0x523 src/ASF/xmega/drivers/spi/spi.o
 .debug_line    0x00003d33      0xd4a src/ASF/xmega/drivers/tc/tc.o
 .debug_line    0x00004a7d      0xd9b src/ASF/xmega/drivers/usart/usart.o
 .debug_line    0x00005818     0x273a src/main.o
 .debug_line    0x00007f52      0x929 src/ASF/common/boards/user_board/init.o
 .debug_line    0x0000887b       0x99 c:/program files (x86)/atmel/atmel toolchain/avr8 gcc/native/3.4.2.1002/avr8-gnu-toolchain/bin/../lib/gcc/avr/4.7.2/avrxmega2\libgcc.a(_fixunssfsi.o)
 .debug_line    0x00008914       0xfc c:/program files (x86)/atmel/atmel toolchain/avr8 gcc/native/3.4.2.1002/avr8-gnu-toolchain/bin/../lib/gcc/avr/4.7.2/avrxmega2\libgcc.a(_addsub_sf.o)
 .debug_line    0x00008a10       0xfd c:/program files (x86)/atmel/atmel toolchain/avr8 gcc/native/3.4.2.1002/avr8-gnu-toolchain/bin/../lib/gcc/avr/4.7.2/avrxmega2\libgcc.a(_mul_sf.o)
 .debug_line    0x00008b0d      0x10b c:/program files (x86)/atmel/atmel toolchain/avr8 gcc/native/3.4.2.1002/avr8-gnu-toolchain/bin/../lib/gcc/avr/4.7.2/avrxmega2\libgcc.a(_ge_sf.o)
 .debug_line    0x00008c18       0xab c:/program files (x86)/atmel/atmel toolchain/avr8 gcc/native/3.4.2.1002/avr8-gnu-toolchain/bin/../lib/gcc/avr/4.7.2/avrxmega2\libgcc.a(_sf_to_si.o)
 .debug_line    0x00008cc3       0x83 c:/program files (x86)/atmel/atmel toolchain/avr8 gcc/native/3.4.2.1002/avr8-gnu-toolchain/bin/../lib/gcc/avr/4.7.2/avrxmega2\libgcc.a(_thenan_sf.o)
 .debug_line    0x00008d46       0xb1 c:/program files (x86)/atmel/atmel toolchain/avr8 gcc/native/3.4.2.1002/avr8-gnu-toolchain/bin/../lib/gcc/avr/4.7.2/avrxmega2\libgcc.a(_usi_to_sf.o)
 .debug_line    0x00008df7       0xd4 c:/program files (x86)/atmel/atmel toolchain/avr8 gcc/native/3.4.2.1002/avr8-gnu-toolchain/bin/../lib/gcc/avr/4.7.2/avrxmega2\libgcc.a(_pack_sf.o)
 .debug_line    0x00008ecb       0xb7 c:/program files (x86)/atmel/atmel toolchain/avr8 gcc/native/3.4.2.1002/avr8-gnu-toolchain/bin/../lib/gcc/avr/4.7.2/avrxmega2\libgcc.a(_unpack_sf.o)
 .debug_line    0x00008f82       0xcf c:/program files (x86)/atmel/atmel toolchain/avr8 gcc/native/3.4.2.1002/avr8-gnu-toolchain/bin/../lib/gcc/avr/4.7.2/avrxmega2\libgcc.a(_fpcmp_parts_sf.o)

.debug_frame    0x00000000     0x2624
 *(.debug_frame)
 .debug_frame   0x00000000      0x1d4 src/ASF/common/services/clock/xmega/sysclk.o
 .debug_frame   0x000001d4       0x34 src/ASF/common/services/ioport/xmega/ioport_compat.o
 .debug_frame   0x00000208       0x94 src/ASF/common/services/serial/usart_serial.o
 .debug_frame   0x0000029c      0x294 src/ASF/common/services/spi/xmega_spi/spi_master.o
 .debug_frame   0x00000530      0x474 src/ASF/xmega/drivers/nvm/nvm.o
 .debug_frame   0x000009a4      0x19c src/ASF/xmega/drivers/rtc/rtc.o
 .debug_frame   0x00000b40       0x40 src/ASF/xmega/drivers/spi/spi.o
 .debug_frame   0x00000b80      0xbbc src/ASF/xmega/drivers/tc/tc.o
 .debug_frame   0x0000173c      0x360 src/ASF/xmega/drivers/usart/usart.o
 .debug_frame   0x00001a9c      0x924 src/main.o
 .debug_frame   0x000023c0       0x34 src/ASF/common/boards/user_board/init.o
 .debug_frame   0x000023f4       0x44 c:/program files (x86)/atmel/atmel toolchain/avr8 gcc/native/3.4.2.1002/avr8-gnu-toolchain/bin/../lib/gcc/avr/4.7.2/avrxmega2\libgcc.a(_fixunssfsi.o)
 .debug_frame   0x00002438       0x78 c:/program files (x86)/atmel/atmel toolchain/avr8 gcc/native/3.4.2.1002/avr8-gnu-toolchain/bin/../lib/gcc/avr/4.7.2/avrxmega2\libgcc.a(_addsub_sf.o)
 .debug_frame   0x000024b0       0x48 c:/program files (x86)/atmel/atmel toolchain/avr8 gcc/native/3.4.2.1002/avr8-gnu-toolchain/bin/../lib/gcc/avr/4.7.2/avrxmega2\libgcc.a(_mul_sf.o)
 .debug_frame   0x000024f8       0x2c c:/program files (x86)/atmel/atmel toolchain/avr8 gcc/native/3.4.2.1002/avr8-gnu-toolchain/bin/../lib/gcc/avr/4.7.2/avrxmega2\libgcc.a(_ge_sf.o)
 .debug_frame   0x00002524       0x30 c:/program files (x86)/atmel/atmel toolchain/avr8 gcc/native/3.4.2.1002/avr8-gnu-toolchain/bin/../lib/gcc/avr/4.7.2/avrxmega2\libgcc.a(_sf_to_si.o)
 .debug_frame   0x00002554       0x38 c:/program files (x86)/atmel/atmel toolchain/avr8 gcc/native/3.4.2.1002/avr8-gnu-toolchain/bin/../lib/gcc/avr/4.7.2/avrxmega2\libgcc.a(_usi_to_sf.o)
 .debug_frame   0x0000258c       0x38 c:/program files (x86)/atmel/atmel toolchain/avr8 gcc/native/3.4.2.1002/avr8-gnu-toolchain/bin/../lib/gcc/avr/4.7.2/avrxmega2\libgcc.a(_pack_sf.o)
 .debug_frame   0x000025c4       0x34 c:/program files (x86)/atmel/atmel toolchain/avr8 gcc/native/3.4.2.1002/avr8-gnu-toolchain/bin/../lib/gcc/avr/4.7.2/avrxmega2\libgcc.a(_unpack_sf.o)
 .debug_frame   0x000025f8       0x2c c:/program files (x86)/atmel/atmel toolchain/avr8 gcc/native/3.4.2.1002/avr8-gnu-toolchain/bin/../lib/gcc/avr/4.7.2/avrxmega2\libgcc.a(_fpcmp_parts_sf.o)

.debug_str      0x00000000    0x28a5d
 *(.debug_str)
 .debug_str     0x00000000    0x21eba src/ASF/common/services/clock/xmega/sysclk.o
                              0x2270d (size before relaxing)
 .debug_str     0x00021eba      0x67d src/ASF/common/services/ioport/xmega/ioport_compat.o
                              0x210d6 (size before relaxing)
 .debug_str     0x00022537      0x35d src/ASF/common/services/serial/usart_serial.o
                              0x224d1 (size before relaxing)
 .debug_str     0x00022894      0x4bf src/ASF/common/services/sleepmgr/xmega/sleepmgr.o
                              0x20f19 (size before relaxing)
 .debug_str     0x00022d53      0x43b src/ASF/common/services/spi/xmega_spi/spi_master.o
                              0x22eae (size before relaxing)
 .debug_str     0x0002318e      0xa8a src/ASF/xmega/drivers/nvm/nvm.o
                              0x215f4 (size before relaxing)
 .debug_str     0x00023c18      0x65e src/ASF/xmega/drivers/rtc/rtc.o
                              0x23385 (size before relaxing)
 .debug_str     0x00024276       0xc8 src/ASF/xmega/drivers/spi/spi.o
                              0x21155 (size before relaxing)
 .debug_str     0x0002433e      0x849 src/ASF/xmega/drivers/tc/tc.o
                              0x22fc6 (size before relaxing)
 .debug_str     0x00024b87      0x809 src/ASF/xmega/drivers/usart/usart.o
                              0x239a0 (size before relaxing)
 .debug_str     0x00025390     0x3393 src/main.o
                              0x271af (size before relaxing)
 .debug_str     0x00028723       0x36 src/ASF/common/boards/user_board/init.o
                              0x23616 (size before relaxing)
 .debug_str     0x00028759       0xf3 c:/program files (x86)/atmel/atmel toolchain/avr8 gcc/native/3.4.2.1002/avr8-gnu-toolchain/bin/../lib/gcc/avr/4.7.2/avrxmega2\libgcc.a(_fixunssfsi.o)
                                0x178 (size before relaxing)
 .debug_str     0x0002884c      0x196 c:/program files (x86)/atmel/atmel toolchain/avr8 gcc/native/3.4.2.1002/avr8-gnu-toolchain/bin/../lib/gcc/avr/4.7.2/avrxmega2\libgcc.a(_addsub_sf.o)
                                0x2b3 (size before relaxing)
 .debug_str     0x000289e2       0x27 c:/program files (x86)/atmel/atmel toolchain/avr8 gcc/native/3.4.2.1002/avr8-gnu-toolchain/bin/../lib/gcc/avr/4.7.2/avrxmega2\libgcc.a(_mul_sf.o)
                                0x26c (size before relaxing)
 .debug_str     0x00028a09       0x1f c:/program files (x86)/atmel/atmel toolchain/avr8 gcc/native/3.4.2.1002/avr8-gnu-toolchain/bin/../lib/gcc/avr/4.7.2/avrxmega2\libgcc.a(_ge_sf.o)
                                0x241 (size before relaxing)
 .debug_str     0x00028a28        0xa c:/program files (x86)/atmel/atmel toolchain/avr8 gcc/native/3.4.2.1002/avr8-gnu-toolchain/bin/../lib/gcc/avr/4.7.2/avrxmega2\libgcc.a(_sf_to_si.o)
                                0x23a (size before relaxing)
 .debug_str     0x00000000      0x1d1 c:/program files (x86)/atmel/atmel toolchain/avr8 gcc/native/3.4.2.1002/avr8-gnu-toolchain/bin/../lib/gcc/avr/4.7.2/avrxmega2\libgcc.a(_thenan_sf.o)
 .debug_str     0x00028a32       0x24 c:/program files (x86)/atmel/atmel toolchain/avr8 gcc/native/3.4.2.1002/avr8-gnu-toolchain/bin/../lib/gcc/avr/4.7.2/avrxmega2\libgcc.a(_usi_to_sf.o)
                                0x21a (size before relaxing)
 .debug_str     0x00028a56        0x7 c:/program files (x86)/atmel/atmel toolchain/avr8 gcc/native/3.4.2.1002/avr8-gnu-toolchain/bin/../lib/gcc/avr/4.7.2/avrxmega2\libgcc.a(_pack_sf.o)
                                0x22e (size before relaxing)
 .debug_str     0x00000000      0x210 c:/program files (x86)/atmel/atmel toolchain/avr8 gcc/native/3.4.2.1002/avr8-gnu-toolchain/bin/../lib/gcc/avr/4.7.2/avrxmega2\libgcc.a(_unpack_sf.o)
 .debug_str     0x00000000      0x1f4 c:/program files (x86)/atmel/atmel toolchain/avr8 gcc/native/3.4.2.1002/avr8-gnu-toolchain/bin/../lib/gcc/avr/4.7.2/avrxmega2\libgcc.a(_fpcmp_parts_sf.o)

.debug_loc      0x00000000     0x5a57
 *(.debug_loc)
 .debug_loc     0x00000000      0x3e3 src/ASF/common/services/clock/xmega/sysclk.o
 .debug_loc     0x000003e3       0x47 src/ASF/common/services/ioport/xmega/ioport_compat.o
 .debug_loc     0x0000042a      0x11e src/ASF/common/services/serial/usart_serial.o
 .debug_loc     0x00000548      0x56d src/ASF/common/services/spi/xmega_spi/spi_master.o
 .debug_loc     0x00000ab5      0x953 src/ASF/xmega/drivers/nvm/nvm.o
 .debug_loc     0x00001408      0x36a src/ASF/xmega/drivers/rtc/rtc.o
 .debug_loc     0x00001772       0x61 src/ASF/xmega/drivers/spi/spi.o
 .debug_loc     0x000017d3     0x1bda src/ASF/xmega/drivers/tc/tc.o
 .debug_loc     0x000033ad      0x745 src/ASF/xmega/drivers/usart/usart.o
 .debug_loc     0x00003af2     0x133c src/main.o
 .debug_loc     0x00004e2e       0x3b src/ASF/common/boards/user_board/init.o
 .debug_loc     0x00004e69       0xa7 c:/program files (x86)/atmel/atmel toolchain/avr8 gcc/native/3.4.2.1002/avr8-gnu-toolchain/bin/../lib/gcc/avr/4.7.2/avrxmega2\libgcc.a(_fixunssfsi.o)
 .debug_loc     0x00004f10      0x42d c:/program files (x86)/atmel/atmel toolchain/avr8 gcc/native/3.4.2.1002/avr8-gnu-toolchain/bin/../lib/gcc/avr/4.7.2/avrxmega2\libgcc.a(_addsub_sf.o)
 .debug_loc     0x0000533d      0x21c c:/program files (x86)/atmel/atmel toolchain/avr8 gcc/native/3.4.2.1002/avr8-gnu-toolchain/bin/../lib/gcc/avr/4.7.2/avrxmega2\libgcc.a(_mul_sf.o)
 .debug_loc     0x00005559       0xa1 c:/program files (x86)/atmel/atmel toolchain/avr8 gcc/native/3.4.2.1002/avr8-gnu-toolchain/bin/../lib/gcc/avr/4.7.2/avrxmega2\libgcc.a(_ge_sf.o)
 .debug_loc     0x000055fa       0x9f c:/program files (x86)/atmel/atmel toolchain/avr8 gcc/native/3.4.2.1002/avr8-gnu-toolchain/bin/../lib/gcc/avr/4.7.2/avrxmega2\libgcc.a(_sf_to_si.o)
 .debug_loc     0x00005699      0x133 c:/program files (x86)/atmel/atmel toolchain/avr8 gcc/native/3.4.2.1002/avr8-gnu-toolchain/bin/../lib/gcc/avr/4.7.2/avrxmega2\libgcc.a(_usi_to_sf.o)
 .debug_loc     0x000057cc      0x148 c:/program files (x86)/atmel/atmel toolchain/avr8 gcc/native/3.4.2.1002/avr8-gnu-toolchain/bin/../lib/gcc/avr/4.7.2/avrxmega2\libgcc.a(_pack_sf.o)
 .debug_loc     0x00005914       0xf9 c:/program files (x86)/atmel/atmel toolchain/avr8 gcc/native/3.4.2.1002/avr8-gnu-toolchain/bin/../lib/gcc/avr/4.7.2/avrxmega2\libgcc.a(_unpack_sf.o)
 .debug_loc     0x00005a0d       0x4a c:/program files (x86)/atmel/atmel toolchain/avr8 gcc/native/3.4.2.1002/avr8-gnu-toolchain/bin/../lib/gcc/avr/4.7.2/avrxmega2\libgcc.a(_fpcmp_parts_sf.o)

.debug_macinfo
 *(.debug_macinfo)

.debug_pubtypes
 *(.debug_pubtypes)

.debug_ranges   0x00000000      0x810
 *(.debug_ranges)
 .debug_ranges  0x00000000       0x78 src/ASF/common/services/clock/xmega/sysclk.o
 .debug_ranges  0x00000078       0x10 src/ASF/common/services/ioport/xmega/ioport_compat.o
 .debug_ranges  0x00000088       0x28 src/ASF/common/services/serial/usart_serial.o
 .debug_ranges  0x000000b0       0xf0 src/ASF/common/services/spi/xmega_spi/spi_master.o
 .debug_ranges  0x000001a0      0x118 src/ASF/xmega/drivers/nvm/nvm.o
 .debug_ranges  0x000002b8       0x20 src/ASF/xmega/drivers/nvm/nvm_asm.o
 .debug_ranges  0x000002d8       0x58 src/ASF/xmega/drivers/rtc/rtc.o
 .debug_ranges  0x00000330       0x10 src/ASF/xmega/drivers/spi/spi.o
 .debug_ranges  0x00000340      0x138 src/ASF/xmega/drivers/tc/tc.o
 .debug_ranges  0x00000478      0x130 src/ASF/xmega/drivers/usart/usart.o
 .debug_ranges  0x000005a8      0x240 src/main.o
 .debug_ranges  0x000007e8       0x10 src/ASF/common/boards/user_board/init.o
 .debug_ranges  0x000007f8       0x18 c:/program files (x86)/atmel/atmel toolchain/avr8 gcc/native/3.4.2.1002/avr8-gnu-toolchain/bin/../lib/gcc/avr/4.7.2/avrxmega2\libgcc.a(_mul_sf.o)

.debug_macro    0x00000000     0x9c2a
 *(.debug_macro)
 .debug_macro   0x00000000      0x1db src/ASF/common/services/clock/xmega/sysclk.o
 .debug_macro   0x000001db      0x5b0 src/ASF/common/services/clock/xmega/sysclk.o
 .debug_macro   0x0000078b       0x10 src/ASF/common/services/clock/xmega/sysclk.o
 .debug_macro   0x0000079b      0x1ad src/ASF/common/services/clock/xmega/sysclk.o
 .debug_macro   0x00000948      0x293 src/ASF/common/services/clock/xmega/sysclk.o
 .debug_macro   0x00000bdb       0x9e src/ASF/common/services/clock/xmega/sysclk.o
 .debug_macro   0x00000c79     0x54a2 src/ASF/common/services/clock/xmega/sysclk.o
 .debug_macro   0x0000611b       0x9a src/ASF/common/services/clock/xmega/sysclk.o
 .debug_macro   0x000061b5       0xf1 src/ASF/common/services/clock/xmega/sysclk.o
 .debug_macro   0x000062a6       0x34 src/ASF/common/services/clock/xmega/sysclk.o
 .debug_macro   0x000062da       0x18 src/ASF/common/services/clock/xmega/sysclk.o
 .debug_macro   0x000062f2       0x5e src/ASF/common/services/clock/xmega/sysclk.o
 .debug_macro   0x00006350       0x10 src/ASF/common/services/clock/xmega/sysclk.o
 .debug_macro   0x00006360       0x22 src/ASF/common/services/clock/xmega/sysclk.o
 .debug_macro   0x00006382      0x16c src/ASF/common/services/clock/xmega/sysclk.o
 .debug_macro   0x000064ee       0x1c src/ASF/common/services/clock/xmega/sysclk.o
 .debug_macro   0x0000650a       0x35 src/ASF/common/services/clock/xmega/sysclk.o
 .debug_macro   0x0000653f       0x51 src/ASF/common/services/clock/xmega/sysclk.o
 .debug_macro   0x00006590      0x2d9 src/ASF/common/services/clock/xmega/sysclk.o
 .debug_macro   0x00006869       0x97 src/ASF/common/services/clock/xmega/sysclk.o
 .debug_macro   0x00006900       0x17 src/ASF/common/services/clock/xmega/sysclk.o
 .debug_macro   0x00006917      0x250 src/ASF/common/services/clock/xmega/sysclk.o
 .debug_macro   0x00006b67       0x76 src/ASF/common/services/clock/xmega/sysclk.o
 .debug_macro   0x00006bdd       0x16 src/ASF/common/services/clock/xmega/sysclk.o
 .debug_macro   0x00006bf3      0x6e0 src/ASF/common/services/clock/xmega/sysclk.o
 .debug_macro   0x000072d3       0x10 src/ASF/common/services/clock/xmega/sysclk.o
 .debug_macro   0x000072e3      0x160 src/ASF/common/services/clock/xmega/sysclk.o
 .debug_macro   0x00007443       0x40 src/ASF/common/services/clock/xmega/sysclk.o
 .debug_macro   0x00007483       0x69 src/ASF/common/services/clock/xmega/sysclk.o
 .debug_macro   0x000074ec       0x32 src/ASF/common/services/clock/xmega/sysclk.o
 .debug_macro   0x0000751e       0xe4 src/ASF/common/services/clock/xmega/sysclk.o
 .debug_macro   0x00007602       0x28 src/ASF/common/services/clock/xmega/sysclk.o
 .debug_macro   0x0000762a      0x1c7 src/ASF/common/services/clock/xmega/sysclk.o
 .debug_macro   0x000077f1      0x154 src/ASF/common/services/clock/xmega/sysclk.o
 .debug_macro   0x00007945       0x66 src/ASF/common/services/clock/xmega/sysclk.o
 .debug_macro   0x000079ab       0x2f src/ASF/common/services/clock/xmega/sysclk.o
 .debug_macro   0x000079da      0x154 src/ASF/common/services/clock/xmega/sysclk.o
 .debug_macro   0x00007b2e       0x26 src/ASF/common/services/clock/xmega/sysclk.o
 .debug_macro   0x00007b54      0x189 src/ASF/common/services/ioport/xmega/ioport_compat.o
 .debug_macro   0x00007cdd       0x7c src/ASF/common/services/ioport/xmega/ioport_compat.o
 .debug_macro   0x00007d59      0x109 src/ASF/common/services/ioport/xmega/ioport_compat.o
 .debug_macro   0x00007e62      0x213 src/ASF/common/services/serial/usart_serial.o
 .debug_macro   0x00008075       0x34 src/ASF/common/services/serial/usart_serial.o
 .debug_macro   0x000080a9      0x199 src/ASF/common/services/sleepmgr/xmega/sleepmgr.o
 .debug_macro   0x00008242       0x10 src/ASF/common/services/sleepmgr/xmega/sleepmgr.o
 .debug_macro   0x00008252       0x5e src/ASF/common/services/sleepmgr/xmega/sleepmgr.o
 .debug_macro   0x000082b0      0x225 src/ASF/common/services/spi/xmega_spi/spi_master.o
 .debug_macro   0x000084d5       0x2e src/ASF/common/services/spi/xmega_spi/spi_master.o
 .debug_macro   0x00008503      0x18e src/ASF/xmega/drivers/nvm/nvm.o
 .debug_macro   0x00008691       0x16 src/ASF/xmega/drivers/nvm/nvm.o
 .debug_macro   0x000086a7      0x266 src/ASF/xmega/drivers/rtc/rtc.o
 .debug_macro   0x0000890d       0x1c src/ASF/xmega/drivers/rtc/rtc.o
 .debug_macro   0x00008929       0x40 src/ASF/xmega/drivers/rtc/rtc.o
 .debug_macro   0x00008969      0x19d src/ASF/xmega/drivers/spi/spi.o
 .debug_macro   0x00008b06      0x225 src/ASF/xmega/drivers/tc/tc.o
 .debug_macro   0x00008d2b      0x299 src/ASF/xmega/drivers/tc/tc.o
 .debug_macro   0x00008fc4       0x12 src/ASF/xmega/drivers/tc/tc.o
 .debug_macro   0x00008fd6      0x221 src/ASF/xmega/drivers/usart/usart.o
 .debug_macro   0x000091f7      0x3f6 src/main.o
 .debug_macro   0x000095ed       0x34 src/main.o
 .debug_macro   0x00009621       0x28 src/main.o
 .debug_macro   0x00009649       0x22 src/main.o
 .debug_macro   0x0000966b       0x18 src/main.o
 .debug_macro   0x00009683       0x3a src/main.o
 .debug_macro   0x000096bd      0x15a src/main.o
 .debug_macro   0x00009817       0xe9 src/main.o
 .debug_macro   0x00009900       0x28 src/main.o
 .debug_macro   0x00009928      0x302 src/ASF/common/boards/user_board/init.o
OUTPUT(Xmega32A4U_Board.elf elf32-avr)
LOAD linker stubs
