Archive member included because of file (symbol)

c:/program files (x86)/atmel/atmel toolchain/avr8 gcc/native/3.4.2.1002/avr8-gnu-toolchain/bin/../lib/gcc/avr/4.7.2/avrxmega2\libgcc.a(_udivmodsi4.o)
                              src/ASF/xmega/drivers/spi/spi.o (__udivmodsi4)
c:/program files (x86)/atmel/atmel toolchain/avr8 gcc/native/3.4.2.1002/avr8-gnu-toolchain/bin/../lib/gcc/avr/4.7.2/avrxmega2\libgcc.a(_exit.o)
                              c:/program files (x86)/atmel/atmel toolchain/avr8 gcc/native/3.4.2.1002/avr8-gnu-toolchain/bin/../lib/gcc/avr/4.7.2/../../../../avr/lib/avrxmega2/crtx32a4u.o (exit)
c:/program files (x86)/atmel/atmel toolchain/avr8 gcc/native/3.4.2.1002/avr8-gnu-toolchain/bin/../lib/gcc/avr/4.7.2/avrxmega2\libgcc.a(_tablejump.o)
                              src/main.o (__tablejump2__)
c:/program files (x86)/atmel/atmel toolchain/avr8 gcc/native/3.4.2.1002/avr8-gnu-toolchain/bin/../lib/gcc/avr/4.7.2/avrxmega2\libgcc.a(_copy_data.o)
                              src/ASF/common/services/sleepmgr/xmega/sleepmgr.o (__do_copy_data)
c:/program files (x86)/atmel/atmel toolchain/avr8 gcc/native/3.4.2.1002/avr8-gnu-toolchain/bin/../lib/gcc/avr/4.7.2/avrxmega2\libgcc.a(_clear_bss.o)
                              src/ASF/common/services/sleepmgr/xmega/sleepmgr.o (__do_clear_bss)
c:/program files (x86)/atmel/atmel toolchain/avr8 gcc/native/3.4.2.1002/avr8-gnu-toolchain/bin/../lib/gcc/avr/4.7.2/../../../../avr/lib/avrxmega2\libc.a(memcpy.o)
                              src/ASF/xmega/drivers/nvm/nvm.o (memcpy)

Allocating common symbols
Common symbol       size              file

rtc_data            0x8               src/ASF/xmega/drivers/rtc/rtc.o
TIC_MEM             0x64              src/main.o
pointer_Flags       0x2               src/main.o
pointer_Errors_USART_COMP
                    0x2               src/main.o
COMP_MEM            0x64              src/main.o
pointer_MC_Tasks    0x2               src/main.o
sleepmgr_locks      0x6               src/ASF/common/services/sleepmgr/xmega/sleepmgr.o
Flags               0x1               src/main.o

Discarded input sections

 .bss           0x00000000        0x0 c:/program files (x86)/atmel/atmel toolchain/avr8 gcc/native/3.4.2.1002/avr8-gnu-toolchain/bin/../lib/gcc/avr/4.7.2/../../../../avr/lib/avrxmega2/crtx32a4u.o
 .group         0x00000000        0x8 src/ASF/common/services/clock/xmega/sysclk.o
 .group         0x00000000        0x8 src/ASF/common/services/clock/xmega/sysclk.o
 .group         0x00000000        0x8 src/ASF/common/services/clock/xmega/sysclk.o
 .group         0x00000000        0x8 src/ASF/common/services/clock/xmega/sysclk.o
 .group         0x00000000        0x8 src/ASF/common/services/clock/xmega/sysclk.o
 .group         0x00000000        0x8 src/ASF/common/services/clock/xmega/sysclk.o
 .group         0x00000000        0x8 src/ASF/common/services/clock/xmega/sysclk.o
 .group         0x00000000        0x8 src/ASF/common/services/clock/xmega/sysclk.o
 .group         0x00000000        0x8 src/ASF/common/services/clock/xmega/sysclk.o
 .group         0x00000000        0x8 src/ASF/common/services/clock/xmega/sysclk.o
 .group         0x00000000        0x8 src/ASF/common/services/clock/xmega/sysclk.o
 .group         0x00000000        0x8 src/ASF/common/services/clock/xmega/sysclk.o
 .group         0x00000000        0x8 src/ASF/common/services/clock/xmega/sysclk.o
 .group         0x00000000        0x8 src/ASF/common/services/clock/xmega/sysclk.o
 .group         0x00000000        0x8 src/ASF/common/services/clock/xmega/sysclk.o
 .group         0x00000000        0x8 src/ASF/common/services/clock/xmega/sysclk.o
 .group         0x00000000        0x8 src/ASF/common/services/clock/xmega/sysclk.o
 .group         0x00000000        0x8 src/ASF/common/services/clock/xmega/sysclk.o
 .group         0x00000000        0x8 src/ASF/common/services/clock/xmega/sysclk.o
 .group         0x00000000        0x8 src/ASF/common/services/clock/xmega/sysclk.o
 .group         0x00000000        0x8 src/ASF/common/services/clock/xmega/sysclk.o
 .group         0x00000000        0x8 src/ASF/common/services/clock/xmega/sysclk.o
 .group         0x00000000        0x8 src/ASF/common/services/clock/xmega/sysclk.o
 .group         0x00000000        0x8 src/ASF/common/services/clock/xmega/sysclk.o
 .group         0x00000000        0x8 src/ASF/common/services/clock/xmega/sysclk.o
 .group         0x00000000        0x8 src/ASF/common/services/clock/xmega/sysclk.o
 .group         0x00000000        0x8 src/ASF/common/services/clock/xmega/sysclk.o
 .group         0x00000000        0x8 src/ASF/common/services/clock/xmega/sysclk.o
 .group         0x00000000        0x8 src/ASF/common/services/clock/xmega/sysclk.o
 .group         0x00000000        0x8 src/ASF/common/services/clock/xmega/sysclk.o
 .group         0x00000000        0x8 src/ASF/common/services/clock/xmega/sysclk.o
[...]
Memory Configuration

Name             Origin             Length             Attributes
text             0x00000000         0x00100000         xr
data             0x00802000         0x0000ffa0         rw !x
eeprom           0x00810000         0x00010000         rw !x
fuse             0x00820000         0x00000400         rw !x
lock             0x00830000         0x00000400         rw !x
signature        0x00840000         0x00000400         rw !x
user_signatures  0x00850000         0x00000400         rw !x
*default*        0x00000000         0xffffffff

Linker script and memory map

LOAD c:/program files (x86)/atmel/atmel toolchain/avr8 gcc/native/3.4.2.1002/avr8-gnu-toolchain/bin/../lib/gcc/avr/4.7.2/../../../../avr/lib/avrxmega2/crtx32a4u.o
LOAD src/ASF/common/services/clock/xmega/sysclk.o
LOAD src/ASF/common/services/ioport/xmega/ioport_compat.o
LOAD src/ASF/common/services/serial/usart_serial.o
LOAD src/ASF/common/services/sleepmgr/xmega/sleepmgr.o
LOAD src/ASF/common/services/spi/xmega_spi/spi_master.o
LOAD src/ASF/xmega/drivers/cpu/ccp.o
LOAD src/ASF/xmega/drivers/nvm/nvm.o
LOAD src/ASF/xmega/drivers/nvm/nvm_asm.o
LOAD src/ASF/xmega/drivers/rtc/rtc.o
LOAD src/ASF/xmega/drivers/spi/spi.o
LOAD src/ASF/xmega/drivers/tc/tc.o
LOAD src/ASF/xmega/drivers/usart/usart.o
LOAD src/main.o
LOAD src/ASF/common/boards/user_board/init.o
START GROUP
END GROUP
LOAD c:/program files (x86)/atmel/atmel toolchain/avr8 gcc/native/3.4.2.1002/avr8-gnu-toolchain/bin/../lib/gcc/avr/4.7.2/avrxmega2\libgcc.a
LOAD c:/program files (x86)/atmel/atmel toolchain/avr8 gcc/native/3.4.2.1002/avr8-gnu-toolchain/bin/../lib/gcc/avr/4.7.2/../../../../avr/lib/avrxmega2\libc.a
LOAD c:/program files (x86)/atmel/atmel toolchain/avr8 gcc/native/3.4.2.1002/avr8-gnu-toolchain/bin/../lib/gcc/avr/4.7.2/avrxmega2\libgcc.a

.hash
 *(.hash)

.dynsym
 *(.dynsym)

.dynstr
 *(.dynstr)

.gnu.version
 *(.gnu.version)

.gnu.version_d
 *(.gnu.version_d)

.gnu.version_r
 *(.gnu.version_r)

.rel.init
 *(.rel.init)

.rela.init
 *(.rela.init)

.rel.text
 *(.rel.text)
 *(.rel.text.*)
 *(.rel.gnu.linkonce.t*)

.rela.text
 *(.rela.text)
 *(.rela.text.*)
 *(.rela.gnu.linkonce.t*)

.rel.fini
 *(.rel.fini)

.rela.fini
 *(.rela.fini)

.rel.rodata
 *(.rel.rodata)
 *(.rel.rodata.*)
 *(.rel.gnu.linkonce.r*)

.rela.rodata
 *(.rela.rodata)
 *(.rela.rodata.*)
 *(.rela.gnu.linkonce.r*)

.rel.data
 *(.rel.data)
 *(.rel.data.*)
 *(.rel.gnu.linkonce.d*)

.rela.data
 *(.rela.data)
 *(.rela.data.*)
 *(.rela.gnu.linkonce.d*)

.rel.ctors
 *(.rel.ctors)

.rela.ctors
 *(.rela.ctors)

.rel.dtors
 *(.rel.dtors)

.rela.dtors
 *(.rela.dtors)

.rel.got
 *(.rel.got)

.rela.got
 *(.rela.got)

.rel.bss
 *(.rel.bss)

.rela.bss
 *(.rela.bss)

.rel.plt
 *(.rel.plt)

.rela.plt
 *(.rela.plt)

.text           0x00000000     0x3516
 *(.vectors)
 .vectors       0x00000000      0x1fc c:/program files (x86)/atmel/atmel toolchain/avr8 gcc/native/3.4.2.1002/avr8-gnu-toolchain/bin/../lib/gcc/avr/4.7.2/../../../../avr/lib/avrxmega2/crtx32a4u.o
                0x00000000                __vector_default
                0x00000000                __vectors
 *(.vectors)
 *(.progmem.gcc*)
 .progmem.gcc_sw_table.decode
                0x000001fc       0xa0 src/main.o
 *(.progmem*)
                0x0000029c                . = ALIGN (0x2)
                0x0000029c                __trampolines_start = .
 *(.trampolines)
 .trampolines   0x0000029c        0x0 linker stubs
 *(.trampolines*)
                0x0000029c                __trampolines_end = .
 *(.jumptables)
 *(.jumptables*)
 *(.lowtext)
 *(.lowtext*)
                0x0000029c                __ctors_start = .
 *(.ctors)
                0x0000029c                __ctors_end = .
                0x0000029c                __dtors_start = .
 *(.dtors)
                0x0000029c                __dtors_end = .
 SORT(*)(.ctors)
 SORT(*)(.dtors)
 *(.init0)
 .init0         0x0000029c        0x0 c:/program files (x86)/atmel/atmel toolchain/avr8 gcc/native/3.4.2.1002/avr8-gnu-toolchain/bin/../lib/gcc/avr/4.7.2/../../../../avr/lib/avrxmega2/crtx32a4u.o
                0x0000029c                __init
 *(.init0)
 *(.init1)
 *(.init1)
 *(.init2)
 .init2         0x0000029c        0xc c:/program files (x86)/atmel/atmel toolchain/avr8 gcc/native/3.4.2.1002/avr8-gnu-toolchain/bin/../lib/gcc/avr/4.7.2/../../../../avr/lib/avrxmega2/crtx32a4u.o
 *(.init2)
 *(.init3)
 *(.init3)
 *(.init4)
 .init4         0x000002a8       0x16 c:/program files (x86)/atmel/atmel toolchain/avr8 gcc/native/3.4.2.1002/avr8-gnu-toolchain/bin/../lib/gcc/avr/4.7.2/avrxmega2\libgcc.a(_copy_data.o)
                0x000002a8                __do_copy_data
 .init4         0x000002be       0x10 c:/program files (x86)/atmel/atmel toolchain/avr8 gcc/native/3.4.2.1002/avr8-gnu-toolchain/bin/../lib/gcc/avr/4.7.2/avrxmega2\libgcc.a(_clear_bss.o)
                0x000002be                __do_clear_bss
 *(.init4)
 *(.init5)
 *(.init5)
 *(.init6)
 *(.init6)
 *(.init7)
 *(.init7)
 *(.init8)
 *(.init8)
 *(.init9)
 .init9         0x000002ce        0x8 c:/program files (x86)/atmel/atmel toolchain/avr8 gcc/native/3.4.2.1002/avr8-gnu-toolchain/bin/../lib/gcc/avr/4.7.2/../../../../avr/lib/avrxmega2/crtx32a4u.o
 *(.init9)
 *(.text)
 .text          0x000002d6        0x2 c:/program files (x86)/atmel/atmel toolchain/avr8 gcc/native/3.4.2.1002/avr8-gnu-toolchain/bin/../lib/gcc/avr/4.7.2/../../../../avr/lib/avrxmega2/crtx32a4u.o
                0x000002d6                __vector_38
                0x000002d6                __vector_104
                0x000002d6                __vector_63
                0x000002d6                __vector_28
                0x000002d6                __vector_67
                0x000002d6                __vector_1
                0x000002d6                __vector_119
                0x000002d6                __vector_32
                0x000002d6                __vector_75
                0x000002d6                __vector_71
                0x000002d6                __vector_91
                0x000002d6                __vector_34
                0x000002d6                __vector_62
                0x000002d6                __vector_102
                0x000002d6                __vector_24
                0x000002d6                __vector_12
                0x000002d6                __vector_55
                0x000002d6                __vector_69
                0x000002d6                __vector_90
                0x000002d6                __vector_46
                0x000002d6                __bad_interrupt
                0x000002d6                __vector_122
                0x000002d6                __vector_72
                0x000002d6                __vector_114
                0x000002d6                __vector_6
                0x000002d6                __vector_110
                0x000002d6                __vector_31
                0x000002d6                __vector_92
                0x000002d6                __vector_35
                0x000002d6                __vector_74
                0x000002d6                __vector_117
                0x000002d6                __vector_39
                0x000002d6                __vector_107
                0x000002d6                __vector_3
                0x000002d6                __vector_105
                0x000002d6                __vector_98
                0x000002d6                __vector_68
                0x000002d6                __vector_30
                0x000002d6                __vector_73
                0x000002d6                __vector_45
                0x000002d6                __vector_25
                0x000002d6                __vector_93
                0x000002d6                __vector_61
                0x000002d6                __vector_54
                0x000002d6                __vector_99
                0x000002d6                __vector_13
                0x000002d6                __vector_56
                0x000002d6                __vector_7
                0x000002d6                __vector_125
                0x000002d6                __vector_123
                0x000002d6                __vector_41
                0x000002d6                __vector_100
                0x000002d6                __vector_101
                0x000002d6                __vector_64
                0x000002d6                __vector_109
                0x000002d6                __vector_43
                0x000002d6                __vector_27
                0x000002d6                __vector_5
                0x000002d6                __vector_113
                0x000002d6                __vector_33
                0x000002d6                __vector_76
                0x000002d6                __vector_115
                0x000002d6                __vector_37
                0x000002d6                __vector_95
                0x000002d6                __vector_103
                0x000002d6                __vector_96
                0x000002d6                __vector_89
                0x000002d6                __vector_108
                0x000002d6                __vector_4
                0x000002d6                __vector_44
                0x000002d6                __vector_106
                0x000002d6                __vector_118
                0x000002d6                __vector_9
                0x000002d6                __vector_2
                0x000002d6                __vector_66
                0x000002d6                __vector_36
                0x000002d6                __vector_70
                0x000002d6                __vector_29
                0x000002d6                __vector_60
                0x000002d6                __vector_121
                0x000002d6                __vector_40
                0x000002d6                __vector_94
                0x000002d6                __vector_126
                0x000002d6                __vector_8
                0x000002d6                __vector_26
                0x000002d6                __vector_124
                0x000002d6                __vector_116
                0x000002d6                __vector_112
                0x000002d6                __vector_111
                0x000002d6                __vector_57
                0x000002d6                __vector_53
                0x000002d6                __vector_59
                0x000002d6                __vector_97
                0x000002d6                __vector_42
                0x000002d6                __vector_87
                0x000002d6                __vector_65
                0x000002d6                __vector_120
                0x000002d8                . = ALIGN (0x2)
 *(.text.*)
 .text.cpu_irq_save
                0x000002d8       0x20 src/ASF/common/services/clock/xmega/sysclk.o
 .text.cpu_irq_restore
                0x000002f8       0x1e src/ASF/common/services/clock/xmega/sysclk.o
 .text.sysclk_enable_module
                0x00000316       0x46 src/ASF/common/services/clock/xmega/sysclk.o
                0x00000316                sysclk_enable_module
 .text.ioport_set_pin_low
                0x0000035c       0xa8 src/ASF/common/services/spi/xmega_spi/spi_master.o
 .text.ioport_set_pin_high
                0x00000404       0xaa src/ASF/common/services/spi/xmega_spi/spi_master.o
 .text.spi_put  0x000004ae       0x28 src/ASF/common/services/spi/xmega_spi/spi_master.o
 .text.spi_get  0x000004d6       0x20 src/ASF/common/services/spi/xmega_spi/spi_master.o
 .text.spi_is_tx_ok
                0x000004f6       0x26 src/ASF/common/services/spi/xmega_spi/spi_master.o
 .text.spi_read_single
                0x0000051c       0x30 src/ASF/common/services/spi/xmega_spi/spi_master.o
 .text.spi_is_rx_full
                0x0000054c       0x1e src/ASF/common/services/spi/xmega_spi/spi_master.o
 .text.spi_write_packet
                0x0000056a       0x7c src/ASF/common/services/spi/xmega_spi/spi_master.o
                0x0000056a                spi_write_packet
 .text.spi_read_packet
                0x000005e6       0x82 src/ASF/common/services/spi/xmega_spi/spi_master.o
                0x000005e6                spi_read_packet
 .text.spi_select_device
                0x00000668       0x2a src/ASF/common/services/spi/xmega_spi/spi_master.o
                0x00000668                spi_select_device
 .text.spi_deselect_device
                0x00000692       0x2a src/ASF/common/services/spi/xmega_spi/spi_master.o
                0x00000692                spi_deselect_device
 .text.ccp_write_io
                0x000006bc        0xc src/ASF/xmega/drivers/cpu/ccp.o
                0x000006bc                ccp_write_io
 .text.cpu_irq_save
                0x000006c8       0x20 src/ASF/xmega/drivers/rtc/rtc.o
 .text.cpu_irq_restore
                0x000006e8       0x1e src/ASF/xmega/drivers/rtc/rtc.o
 .text.sleepmgr_lock_mode
                0x00000706       0x40 src/ASF/xmega/drivers/rtc/rtc.o
 .text.rtc_init
                0x00000746       0x46 src/ASF/xmega/drivers/rtc/rtc.o
                0x00000746                rtc_init
 .text.__vector_11
                0x0000078c      0x13e src/ASF/xmega/drivers/rtc/rtc.o
                0x0000078c                __vector_11
 .text.cpu_irq_save
                0x000008ca       0x20 src/ASF/xmega/drivers/tc/tc.o
 .text.cpu_irq_restore
                0x000008ea       0x1e src/ASF/xmega/drivers/tc/tc.o
 .text.sleepmgr_lock_mode
                0x00000908       0x40 src/ASF/xmega/drivers/tc/tc.o
 .text.__vector_14
                0x00000948       0x6c src/ASF/xmega/drivers/tc/tc.o
                0x00000948                __vector_14
 .text.__vector_15
                0x000009b4       0x6c src/ASF/xmega/drivers/tc/tc.o
                0x000009b4                __vector_15
 .text.__vector_16
                0x00000a20       0x6c src/ASF/xmega/drivers/tc/tc.o
                0x00000a20                __vector_16
 .text.__vector_17
                0x00000a8c       0x6c src/ASF/xmega/drivers/tc/tc.o
                0x00000a8c                __vector_17
 .text.__vector_18
                0x00000af8       0x6c src/ASF/xmega/drivers/tc/tc.o
                0x00000af8                __vector_18
 .text.__vector_19
                0x00000b64       0x6c src/ASF/xmega/drivers/tc/tc.o
                0x00000b64                __vector_19
 .text.__vector_20
                0x00000bd0       0x6c src/ASF/xmega/drivers/tc/tc.o
                0x00000bd0                __vector_20
 .text.__vector_21
                0x00000c3c       0x6c src/ASF/xmega/drivers/tc/tc.o
                0x00000c3c                __vector_21
 .text.__vector_22
                0x00000ca8       0x6c src/ASF/xmega/drivers/tc/tc.o
                0x00000ca8                __vector_22
 .text.__vector_23
                0x00000d14       0x6c src/ASF/xmega/drivers/tc/tc.o
                0x00000d14                __vector_23
 .text.__vector_77
                0x00000d80       0x6c src/ASF/xmega/drivers/tc/tc.o
                0x00000d80                __vector_77
 .text.__vector_78
                0x00000dec       0x6c src/ASF/xmega/drivers/tc/tc.o
                0x00000dec                __vector_78
 .text.__vector_79
                0x00000e58       0x6c src/ASF/xmega/drivers/tc/tc.o
                0x00000e58                __vector_79
 .text.__vector_80
                0x00000ec4       0x6c src/ASF/xmega/drivers/tc/tc.o
                0x00000ec4                __vector_80
 .text.__vector_81
                0x00000f30       0x6c src/ASF/xmega/drivers/tc/tc.o
                0x00000f30                __vector_81
 .text.__vector_82
                0x00000f9c       0x6c src/ASF/xmega/drivers/tc/tc.o
                0x00000f9c                __vector_82
 .text.__vector_83
                0x00001008       0x6c src/ASF/xmega/drivers/tc/tc.o
                0x00001008                __vector_83
 .text.__vector_84
                0x00001074       0x6c src/ASF/xmega/drivers/tc/tc.o
                0x00001074                __vector_84
 .text.__vector_85
                0x000010e0       0x6c src/ASF/xmega/drivers/tc/tc.o
                0x000010e0                __vector_85
 .text.__vector_86
                0x0000114c       0x6c src/ASF/xmega/drivers/tc/tc.o
                0x0000114c                __vector_86
 .text.__vector_47
                0x000011b8       0x6c src/ASF/xmega/drivers/tc/tc.o
                0x000011b8                __vector_47
 .text.__vector_48
                0x00001224       0x6c src/ASF/xmega/drivers/tc/tc.o
                0x00001224                __vector_48
 .text.__vector_49
                0x00001290       0x6c src/ASF/xmega/drivers/tc/tc.o
                0x00001290                __vector_49
 .text.__vector_50
                0x000012fc       0x6c src/ASF/xmega/drivers/tc/tc.o
                0x000012fc                __vector_50
 .text.__vector_51
                0x00001368       0x6c src/ASF/xmega/drivers/tc/tc.o
                0x00001368                __vector_51
 .text.__vector_52
                0x000013d4       0x6c src/ASF/xmega/drivers/tc/tc.o
                0x000013d4                __vector_52
 .text.tc_enable
                0x00001440       0xda src/ASF/xmega/drivers/tc/tc.o
                0x00001440                tc_enable
 .text.tc_set_overflow_interrupt_callback
                0x0000151a       0xa0 src/ASF/xmega/drivers/tc/tc.o
                0x0000151a                tc_set_overflow_interrupt_callback
 .text.usart_rx_enable
                0x000015ba       0x2c src/ASF/xmega/drivers/usart/usart.o
 .text.usart_format_set
                0x000015e6       0x46 src/ASF/xmega/drivers/usart/usart.o
 .text.usart_tx_enable
                0x0000162c       0x2c src/ASF/xmega/drivers/usart/usart.o
 .text.usart_set_mode
                0x00001658       0x3a src/ASF/xmega/drivers/usart/usart.o
 .text.usart_data_register_is_empty
                0x00001692       0x32 src/ASF/xmega/drivers/usart/usart.o
 .text.sysclk_get_main_hz
                0x000016c4       0x1a src/ASF/xmega/drivers/usart/usart.o
 .text.sysclk_get_per4_hz
                0x000016de       0x34 src/ASF/xmega/drivers/usart/usart.o
 .text.sysclk_get_per2_hz
                0x00001712       0x18 src/ASF/xmega/drivers/usart/usart.o
 .text.sysclk_get_per_hz
                0x0000172a       0x18 src/ASF/xmega/drivers/usart/usart.o
 .text.sysclk_enable_peripheral_clock
                0x00001742      0x25e src/ASF/xmega/drivers/usart/usart.o
 .text.usart_init_rs232
                0x000019a0       0x90 src/ASF/xmega/drivers/usart/usart.o
                0x000019a0                usart_init_rs232
 .text.usart_putchar
                0x00001a30       0x3e src/ASF/xmega/drivers/usart/usart.o
                0x00001a30                usart_putchar
 .text.usart_set_baudrate
                0x00001a6e      0x374 src/ASF/xmega/drivers/usart/usart.o
                0x00001a6e                usart_set_baudrate
 .text.cpu_irq_save
                0x00001de2       0x20 src/main.o
 .text.cpu_irq_restore
                0x00001e02       0x1e src/main.o
 .text.osc_enable_internal
                0x00001e20       0x32 src/main.o
 .text.osc_enable_external
                0x00001e52       0x14 src/main.o
 .text.osc_disable
                0x00001e66       0x36 src/main.o
 .text.osc_enable
                0x00001e9c       0x24 src/main.o
 .text.osc_is_ready
                0x00001ec0       0x28 src/main.o
 .text.osc_wait_ready
                0x00001ee8       0x24 src/main.o
 .text.sysclk_get_main_hz
                0x00001f0c       0x1a src/main.o
 .text.sysclk_get_per4_hz
                0x00001f26       0x34 src/main.o
 .text.sysclk_get_per2_hz
                0x00001f5a       0x18 src/main.o
 .text.sysclk_get_per_hz
                0x00001f72       0x18 src/main.o
 .text.sysclk_get_cpu_hz
                0x00001f8a       0x18 src/main.o
 .text.__portable_avr_delay_cycles
                0x00001fa2        0xc src/main.o
 .text.ioport_set_value
                0x00001fae       0xac src/main.o
 .text.pmic_init
                0x0000205a       0x18 src/main.o
 .text.tc_set_overflow_interrupt_level
                0x00002072       0x4a src/main.o
 .text.tc_write_clock_source
                0x000020bc       0x3a src/main.o
 .text.tc_set_wgm
                0x000020f6       0x3a src/main.o
 .text.usart_set_rx_interrupt_level
                0x00002130       0x3e src/main.o
 .text.__vector_88
                0x0000216e       0xc4 src/main.o
                0x0000216e                __vector_88
 .text.__vector_58
                0x00002232       0x40 src/main.o
                0x00002232                __vector_58
 .text.__vector_10
                0x00002272      0x130 src/main.o
                0x00002272                __vector_10
 .text.ISR_TCC1
                0x000023a2       0x18 src/main.o
 .text.ISR_TCD1
                0x000023ba       0x18 src/main.o
 .text.ISR_TCE0
                0x000023d2       0x18 src/main.o
 .text.decode   0x000023ea       0xe8 src/main.o
                0x000023ea                decode
 .text.transmit
                0x000024d2       0x70 src/main.o
                0x000024d2                transmit
 .text.transmit_2bytes
                0x00002542       0x4e src/main.o
                0x00002542                transmit_2bytes
 .text.transmit_3bytes
                0x00002590       0x60 src/main.o
                0x00002590                transmit_3bytes
 .text.calcCheckSum
                0x000025f0       0x5e src/main.o
                0x000025f0                calcCheckSum
 .text.MC_transmit_CPUfreq
                0x0000264e       0x6c src/main.o
                0x0000264e                MC_transmit_CPUfreq
 .text.MC_transmit_Birthday
                0x000026ba       0x84 src/main.o
                0x000026ba                MC_transmit_Birthday
 .text.MC_reset
                0x0000273e       0x2a src/main.o
                0x0000273e                MC_reset
 .text.COUNTERS_start
                0x00002768      0x126 src/main.o
                0x00002768                COUNTERS_start
 .text.COUNTERS_sendResults
                0x0000288e      0x130 src/main.o
                0x0000288e                COUNTERS_sendResults
 .text.COUNTERS_stop
                0x000029be       0xc6 src/main.o
                0x000029be                COUNTERS_stop
 .text.TIC_transmit
                0x00002a84        0xe src/main.o
                0x00002a84                TIC_transmit
 .text.EVSYS_SetEventSource
                0x00002a92       0x44 src/main.o
                0x00002a92                EVSYS_SetEventSource
 .text.EVSYS_SetEventChannelFilter
                0x00002ad6       0x44 src/main.o
                0x00002ad6                EVSYS_SetEventChannelFilter
 .text.SPI_send
                0x00002b1a      0x1f8 src/main.o
                0x00002b1a                SPI_send
 .text.checkFlags
                0x00002d12      0x3c0 src/main.o
                0x00002d12                checkFlags
 .text.updateFlags
                0x000030d2       0xdc src/main.o
                0x000030d2                updateFlags
 .text.main     0x000031ae      0x314 src/main.o
                0x000031ae                main
 .text.libgcc.div
                0x000034c2       0x44 c:/program files (x86)/atmel/atmel toolchain/avr8 gcc/native/3.4.2.1002/avr8-gnu-toolchain/bin/../lib/gcc/avr/4.7.2/avrxmega2\libgcc.a(_udivmodsi4.o)
                0x000034c2                __udivmodsi4
 .text.libgcc   0x00003506        0xc c:/program files (x86)/atmel/atmel toolchain/avr8 gcc/native/3.4.2.1002/avr8-gnu-toolchain/bin/../lib/gcc/avr/4.7.2/avrxmega2\libgcc.a(_tablejump.o)
                0x00003506                __tablejump2__
                0x0000350a                __tablejump__
                0x00003512                . = ALIGN (0x2)
 *(.fini9)
 .fini9         0x00003512        0x0 c:/program files (x86)/atmel/atmel toolchain/avr8 gcc/native/3.4.2.1002/avr8-gnu-toolchain/bin/../lib/gcc/avr/4.7.2/avrxmega2\libgcc.a(_exit.o)
                0x00003512                _exit
                0x00003512                exit
 *(.fini9)
 *(.fini8)
 *(.fini8)
 *(.fini7)
 *(.fini7)
 *(.fini6)
 *(.fini6)
 *(.fini5)
 *(.fini5)
 *(.fini4)
 *(.fini4)
 *(.fini3)
 *(.fini3)
 *(.fini2)
 *(.fini2)
 *(.fini1)
 *(.fini1)
 *(.fini0)
 .fini0         0x00003512        0x4 c:/program files (x86)/atmel/atmel toolchain/avr8 gcc/native/3.4.2.1002/avr8-gnu-toolchain/bin/../lib/gcc/avr/4.7.2/avrxmega2\libgcc.a(_exit.o)
 *(.fini0)
                0x00003516                _etext = .

.data           0x00802000       0x22 load address 0x00003516
                0x00802000                PROVIDE (__data_start, .)
 *(.data)
 .data          0x00802000        0x0 c:/program files (x86)/atmel/atmel toolchain/avr8 gcc/native/3.4.2.1002/avr8-gnu-toolchain/bin/../lib/gcc/avr/4.7.2/../../../../avr/lib/avrxmega2/crtx32a4u.o
 .data          0x00802000        0x0 src/ASF/common/services/clock/xmega/sysclk.o
 .data          0x00802000        0x0 src/ASF/common/services/ioport/xmega/ioport_compat.o
 .data          0x00802000        0x0 src/ASF/common/services/serial/usart_serial.o
 .data          0x00802000        0x0 src/ASF/common/services/sleepmgr/xmega/sleepmgr.o
 .data          0x00802000        0x0 src/ASF/common/services/spi/xmega_spi/spi_master.o
 .data          0x00802000        0x0 src/ASF/xmega/drivers/cpu/ccp.o
 .data          0x00802000        0x0 src/ASF/xmega/drivers/nvm/nvm.o
 .data          0x00802000        0x0 src/ASF/xmega/drivers/nvm/nvm_asm.o
 .data          0x00802000        0x0 src/ASF/xmega/drivers/rtc/rtc.o
 .data          0x00802000        0x0 src/ASF/xmega/drivers/spi/spi.o
 .data          0x00802000        0x0 src/ASF/xmega/drivers/tc/tc.o
 .data          0x00802000        0x0 src/ASF/xmega/drivers/usart/usart.o
 .data          0x00802000        0x0 src/main.o
 .data          0x00802000        0x0 src/ASF/common/boards/user_board/init.o
 .data          0x00802000        0x0 c:/program files (x86)/atmel/atmel toolchain/avr8 gcc/native/3.4.2.1002/avr8-gnu-toolchain/bin/../lib/gcc/avr/4.7.2/avrxmega2\libgcc.a(_udivmodsi4.o)
 .data          0x00802000        0x0 c:/program files (x86)/atmel/atmel toolchain/avr8 gcc/native/3.4.2.1002/avr8-gnu-toolchain/bin/../lib/gcc/avr/4.7.2/avrxmega2\libgcc.a(_exit.o)
 .data          0x00802000        0x0 c:/program files (x86)/atmel/atmel toolchain/avr8 gcc/native/3.4.2.1002/avr8-gnu-toolchain/bin/../lib/gcc/avr/4.7.2/avrxmega2\libgcc.a(_tablejump.o)
 .data          0x00802000        0x0 c:/program files (x86)/atmel/atmel toolchain/avr8 gcc/native/3.4.2.1002/avr8-gnu-toolchain/bin/../lib/gcc/avr/4.7.2/avrxmega2\libgcc.a(_copy_data.o)
 .data          0x00802000        0x0 c:/program files (x86)/atmel/atmel toolchain/avr8 gcc/native/3.4.2.1002/avr8-gnu-toolchain/bin/../lib/gcc/avr/4.7.2/avrxmega2\libgcc.a(_clear_bss.o)
 .data          0x00802000        0x0 c:/program files (x86)/atmel/atmel toolchain/avr8 gcc/native/3.4.2.1002/avr8-gnu-toolchain/bin/../lib/gcc/avr/4.7.2/../../../../avr/lib/avrxmega2\libc.a(memcpy.o)
 *(.data*)
 .data.MC_version
                0x00802000        0x1 src/main.o
                0x00802000                MC_version
 .data.MC_birthday
                0x00802001        0x4 src/main.o
                0x00802001                MC_birthday
 .data.COMP_receiving_limit
                0x00802005        0x2 src/main.o
                0x00802005                COMP_receiving_limit
 .data.USART_COMP_OPTIONS
                0x00802007        0x9 src/main.o
 .data.USART_TIC_OPTIONS
                0x00802010        0x9 src/main.o
 .data.DAC_Detector
                0x00802019        0x1 src/main.o
                0x00802019                DAC_Detector
 .data.DAC_Inlet
                0x0080201a        0x1 src/main.o
                0x0080201a                DAC_Inlet
 .data.DAC_Scaner
                0x0080201b        0x1 src/main.o
                0x0080201b                DAC_Scaner
 .data.DAC_Condensator
                0x0080201c        0x1 src/main.o
                0x0080201c                DAC_Condensator
 .data.ADC_IonSource
                0x0080201d        0x1 src/main.o
                0x0080201d                ADC_IonSource
 .data.ADC_Detector
                0x0080201e        0x1 src/main.o
                0x0080201e                ADC_Detector
 .data.ADC_Inlet
                0x0080201f        0x1 src/main.o
                0x0080201f                ADC_Inlet
 .data.ADC_MSV  0x00802020        0x1 src/main.o
                0x00802020                ADC_MSV
 *(.rodata)
 *(.rodata*)
 *(.gnu.linkonce.d*)
                0x00802022                . = ALIGN (0x2)
 *fill*         0x00802021        0x1 
                0x00802022                _edata = .
                0x00802022                PROVIDE (__data_end, .)

.bss            0x00802022      0x12d
                0x00802022                PROVIDE (__bss_start, .)
 *(.bss)
 *(.bss*)
 .bss.tc_tcc0_ovf_callback
                0x00802022        0x2 src/ASF/xmega/drivers/tc/tc.o
 .bss.tc_tcc0_err_callback
                0x00802024        0x2 src/ASF/xmega/drivers/tc/tc.o
 .bss.tc_tcc0_cca_callback
                0x00802026        0x2 src/ASF/xmega/drivers/tc/tc.o
 .bss.tc_tcc0_ccb_callback
                0x00802028        0x2 src/ASF/xmega/drivers/tc/tc.o
 .bss.tc_tcc0_ccc_callback
                0x0080202a        0x2 src/ASF/xmega/drivers/tc/tc.o
 .bss.tc_tcc0_ccd_callback
                0x0080202c        0x2 src/ASF/xmega/drivers/tc/tc.o
 .bss.tc_tcc1_ovf_callback
                0x0080202e        0x2 src/ASF/xmega/drivers/tc/tc.o
 .bss.tc_tcc1_err_callback
                0x00802030        0x2 src/ASF/xmega/drivers/tc/tc.o
 .bss.tc_tcc1_cca_callback
                0x00802032        0x2 src/ASF/xmega/drivers/tc/tc.o
 .bss.tc_tcc1_ccb_callback
                0x00802034        0x2 src/ASF/xmega/drivers/tc/tc.o
 .bss.tc_tcd0_ovf_callback
                0x00802036        0x2 src/ASF/xmega/drivers/tc/tc.o
 .bss.tc_tcd0_err_callback
                0x00802038        0x2 src/ASF/xmega/drivers/tc/tc.o
 .bss.tc_tcd0_cca_callback
                0x0080203a        0x2 src/ASF/xmega/drivers/tc/tc.o
 .bss.tc_tcd0_ccb_callback
                0x0080203c        0x2 src/ASF/xmega/drivers/tc/tc.o
 .bss.tc_tcd0_ccc_callback
                0x0080203e        0x2 src/ASF/xmega/drivers/tc/tc.o
 .bss.tc_tcd0_ccd_callback
                0x00802040        0x2 src/ASF/xmega/drivers/tc/tc.o
 .bss.tc_tcd1_ovf_callback
                0x00802042        0x2 src/ASF/xmega/drivers/tc/tc.o
 .bss.tc_tcd1_err_callback
                0x00802044        0x2 src/ASF/xmega/drivers/tc/tc.o
 .bss.tc_tcd1_cca_callback
                0x00802046        0x2 src/ASF/xmega/drivers/tc/tc.o
 .bss.tc_tcd1_ccb_callback
                0x00802048        0x2 src/ASF/xmega/drivers/tc/tc.o
 .bss.tc_tce0_ovf_callback
                0x0080204a        0x2 src/ASF/xmega/drivers/tc/tc.o
 .bss.tc_tce0_err_callback
                0x0080204c        0x2 src/ASF/xmega/drivers/tc/tc.o
 .bss.tc_tce0_cca_callback
                0x0080204e        0x2 src/ASF/xmega/drivers/tc/tc.o
 .bss.tc_tce0_ccb_callback
                0x00802050        0x2 src/ASF/xmega/drivers/tc/tc.o
 .bss.tc_tce0_ccc_callback
                0x00802052        0x2 src/ASF/xmega/drivers/tc/tc.o
 .bss.tc_tce0_ccd_callback
                0x00802054        0x2 src/ASF/xmega/drivers/tc/tc.o
 .bss.MC_CommandStack
                0x00802056        0x1 src/main.o
                0x00802056                MC_CommandStack
 .bss.MC_Status
                0x00802057        0x1 src/main.o
                0x00802057                MC_Status
 .bss.COMP_MEM_length
                0x00802058        0x1 src/main.o
                0x00802058                COMP_MEM_length
 .bss.COMP_receiving_time
                0x00802059        0x2 src/main.o
                0x00802059                COMP_receiving_time
 .bss.COMP_LOCK_received
                0x0080205b        0x1 src/main.o
                0x0080205b                COMP_LOCK_received
 .bss.COMP_buf  0x0080205c        0x1 src/main.o
                0x0080205c                COMP_buf
 .bss.COMP_MEM_CheckSum
                0x0080205d        0x1 src/main.o
                0x0080205d                COMP_MEM_CheckSum
 .bss.TIC_buf   0x0080205e        0x1 src/main.o
                0x0080205e                TIC_buf
 .bss.RTC_Status
                0x0080205f        0x1 src/main.o
                0x0080205f                RTC_Status
 .bss.COA_Measurment
                0x00802060        0x4 src/main.o
                0x00802060                COA_Measurment
 .bss.COA_OVF   0x00802064        0x1 src/main.o
                0x00802064                COA_OVF
 .bss.COB_Measurment
                0x00802065        0x4 src/main.o
                0x00802065                COB_Measurment
 .bss.COB_OVF   0x00802069        0x1 src/main.o
                0x00802069                COB_OVF
 .bss.COC_Measurment
                0x0080206a        0x4 src/main.o
                0x0080206a                COC_Measurment
 .bss.COC_OVF   0x0080206e        0x1 src/main.o
                0x0080206e                COC_OVF
 .bss.MC_Tasks  0x0080206f        0x1 src/main.o
                0x0080206f                MC_Tasks
 .bss.Errors_USART_COMP
                0x00802070        0x1 src/main.o
                0x00802070                Errors_USART_COMP
 .bss.DAC_IonSource
                0x00802071        0x1 src/main.o
                0x00802071                DAC_IonSource
 *(COMMON)
 COMMON         0x00802072        0x6 src/ASF/common/services/sleepmgr/xmega/sleepmgr.o
                0x00802072                sleepmgr_locks
 COMMON         0x00802078        0x8 src/ASF/xmega/drivers/rtc/rtc.o
                0x00802078                rtc_data
 COMMON         0x00802080       0xcf src/main.o
                0x00802080                TIC_MEM
                0x008020e4                pointer_Flags
                0x008020e6                pointer_Errors_USART_COMP
                0x008020e8                COMP_MEM
                0x0080214c                pointer_MC_Tasks
                0x0080214e                Flags
                0x0080214f                PROVIDE (__bss_end, .)
                0x00003516                __data_load_start = LOADADDR (.data)
                0x00003538                __data_load_end = (__data_load_start + SIZEOF (.data))

.noinit         0x0080214f        0x0
                0x0080214f                PROVIDE (__noinit_start, .)
 *(.noinit*)
                0x0080214f                PROVIDE (__noinit_end, .)
                0x0080214f                _end = .
                0x0080214f                PROVIDE (__heap_start, .)

.eeprom         0x00810000        0x0
 *(.eeprom*)
                0x00810000                __eeprom_end = .

.fuse
 *(.fuse)
 *(.lfuse)
 *(.hfuse)
 *(.efuse)

.lock
 *(.lock*)

.signature
 *(.signature*)

.user_signatures
 *(.user_signatures*)

.stab           0x00000000      0x750
 *(.stab)
 .stab          0x00000000      0x6cc c:/program files (x86)/atmel/atmel toolchain/avr8 gcc/native/3.4.2.1002/avr8-gnu-toolchain/bin/../lib/gcc/avr/4.7.2/../../../../avr/lib/avrxmega2/crtx32a4u.o
 .stab          0x000006cc       0x84 c:/program files (x86)/atmel/atmel toolchain/avr8 gcc/native/3.4.2.1002/avr8-gnu-toolchain/bin/../lib/gcc/avr/4.7.2/../../../../avr/lib/avrxmega2\libc.a(memcpy.o)
                                 0x90 (size before relaxing)

.stabstr        0x00000000      0x10b
 *(.stabstr)
 .stabstr       0x00000000      0x10b c:/program files (x86)/atmel/atmel toolchain/avr8 gcc/native/3.4.2.1002/avr8-gnu-toolchain/bin/../lib/gcc/avr/4.7.2/../../../../avr/lib/avrxmega2/crtx32a4u.o

.stab.excl
 *(.stab.excl)

.stab.exclstr
 *(.stab.exclstr)

.stab.index
 *(.stab.index)

.stab.indexstr
 *(.stab.indexstr)

.comment        0x00000000       0x2f
 *(.comment)
 .comment       0x00000000       0x2f src/ASF/common/services/clock/xmega/sysclk.o
                                 0x30 (size before relaxing)
 .comment       0x00000000       0x30 src/ASF/common/services/ioport/xmega/ioport_compat.o
 .comment       0x00000000       0x30 src/ASF/common/services/serial/usart_serial.o
 .comment       0x00000000       0x30 src/ASF/common/services/sleepmgr/xmega/sleepmgr.o
 .comment       0x00000000       0x30 src/ASF/common/services/spi/xmega_spi/spi_master.o
 .comment       0x00000000       0x30 src/ASF/xmega/drivers/nvm/nvm.o
 .comment       0x00000000       0x30 src/ASF/xmega/drivers/rtc/rtc.o
 .comment       0x00000000       0x30 src/ASF/xmega/drivers/spi/spi.o
 .comment       0x00000000       0x30 src/ASF/xmega/drivers/tc/tc.o
 .comment       0x00000000       0x30 src/ASF/xmega/drivers/usart/usart.o
 .comment       0x00000000       0x30 src/main.o
 .comment       0x00000000       0x30 src/ASF/common/boards/user_board/init.o

.debug
 *(.debug)

.line
 *(.line)

.debug_srcinfo
 *(.debug_srcinfo)

.debug_sfnames
 *(.debug_sfnames)

.debug_aranges  0x00000000      0x760
 *(.debug_aranges)
 .debug_aranges
                0x00000000       0x88 src/ASF/common/services/clock/xmega/sysclk.o
 .debug_aranges
                0x00000088       0x20 src/ASF/common/services/ioport/xmega/ioport_compat.o
 .debug_aranges
                0x000000a8       0x38 src/ASF/common/services/serial/usart_serial.o
 .debug_aranges
                0x000000e0       0x18 src/ASF/common/services/sleepmgr/xmega/sleepmgr.o
 .debug_aranges
                0x000000f8       0xb0 src/ASF/common/services/spi/xmega_spi/spi_master.o
 .debug_aranges
                0x000001a8       0x20 src/ASF/xmega/drivers/cpu/ccp.o
 .debug_aranges
                0x000001c8      0x128 src/ASF/xmega/drivers/nvm/nvm.o
 .debug_aranges
                0x000002f0       0x28 src/ASF/xmega/drivers/nvm/nvm_asm.o
 .debug_aranges
                0x00000318       0x68 src/ASF/xmega/drivers/rtc/rtc.o
 .debug_aranges
                0x00000380       0x20 src/ASF/xmega/drivers/spi/spi.o
 .debug_aranges
                0x000003a0      0x148 src/ASF/xmega/drivers/tc/tc.o
 .debug_aranges
                0x000004e8       0xd8 src/ASF/xmega/drivers/usart/usart.o
 .debug_aranges
                0x000005c0      0x180 src/main.o
 .debug_aranges
                0x00000740       0x20 src/ASF/common/boards/user_board/init.o

.debug_pubnames
 *(.debug_pubnames)

.debug_info     0x00000000     0x90c5
 *(.debug_info)
 .debug_info    0x00000000      0x600 src/ASF/common/services/clock/xmega/sysclk.o
 .debug_info    0x00000600      0x115 src/ASF/common/services/ioport/xmega/ioport_compat.o
 .debug_info    0x00000715      0x33e src/ASF/common/services/serial/usart_serial.o
 .debug_info    0x00000a53      0x121 src/ASF/common/services/sleepmgr/xmega/sleepmgr.o
 .debug_info    0x00000b74      0xa62 src/ASF/common/services/spi/xmega_spi/spi_master.o
 .debug_info    0x000015d6       0x9c src/ASF/xmega/drivers/cpu/ccp.o
 .debug_info    0x00001672      0xb62 src/ASF/xmega/drivers/nvm/nvm.o
 .debug_info    0x000021d4       0x9c src/ASF/xmega/drivers/nvm/nvm_asm.o
 .debug_info    0x00002270      0x628 src/ASF/xmega/drivers/rtc/rtc.o
 .debug_info    0x00002898      0x1a1 src/ASF/xmega/drivers/spi/spi.o
 .debug_info    0x00002a39     0x1350 src/ASF/xmega/drivers/tc/tc.o
 .debug_info    0x00003d89     0x2838 src/ASF/xmega/drivers/usart/usart.o
 .debug_info    0x000065c1     0x2952 src/main.o
 .debug_info    0x00008f13      0x1b2 src/ASF/common/boards/user_board/init.o
 *(.gnu.linkonce.wi.*)

.debug_abbrev   0x00000000     0x17bb
 *(.debug_abbrev)
 .debug_abbrev  0x00000000      0x1dc src/ASF/common/services/clock/xmega/sysclk.o
 .debug_abbrev  0x000001dc       0x93 src/ASF/common/services/ioport/xmega/ioport_compat.o
 .debug_abbrev  0x0000026f      0x132 src/ASF/common/services/serial/usart_serial.o
 .debug_abbrev  0x000003a1       0x80 src/ASF/common/services/sleepmgr/xmega/sleepmgr.o
 .debug_abbrev  0x00000421      0x294 src/ASF/common/services/spi/xmega_spi/spi_master.o
 .debug_abbrev  0x000006b5       0x14 src/ASF/xmega/drivers/cpu/ccp.o
 .debug_abbrev  0x000006c9      0x2e0 src/ASF/xmega/drivers/nvm/nvm.o
 .debug_abbrev  0x000009a9       0x12 src/ASF/xmega/drivers/nvm/nvm_asm.o
 .debug_abbrev  0x000009bb      0x264 src/ASF/xmega/drivers/rtc/rtc.o
 .debug_abbrev  0x00000c1f       0xd8 src/ASF/xmega/drivers/spi/spi.o
 .debug_abbrev  0x00000cf7      0x206 src/ASF/xmega/drivers/tc/tc.o
 .debug_abbrev  0x00000efd      0x3a7 src/ASF/xmega/drivers/usart/usart.o
 .debug_abbrev  0x000012a4      0x46d src/main.o
 .debug_abbrev  0x00001711       0xaa src/ASF/common/boards/user_board/init.o

.debug_line     0x00000000     0x7931
 *(.debug_line)
 .debug_line    0x00000000      0x7cb src/ASF/common/services/clock/xmega/sysclk.o
 .debug_line    0x000007cb      0x4e1 src/ASF/common/services/ioport/xmega/ioport_compat.o
 .debug_line    0x00000cac      0x694 src/ASF/common/services/serial/usart_serial.o
 .debug_line    0x00001340      0x47c src/ASF/common/services/sleepmgr/xmega/sleepmgr.o
 .debug_line    0x000017bc      0x97e src/ASF/common/services/spi/xmega_spi/spi_master.o
 .debug_line    0x0000213a       0x6e src/ASF/xmega/drivers/cpu/ccp.o
 .debug_line    0x000021a8      0xc17 src/ASF/xmega/drivers/nvm/nvm.o
 .debug_line    0x00002dbf      0x11f src/ASF/xmega/drivers/nvm/nvm_asm.o
 .debug_line    0x00002ede      0x932 src/ASF/xmega/drivers/rtc/rtc.o
 .debug_line    0x00003810      0x523 src/ASF/xmega/drivers/spi/spi.o
 .debug_line    0x00003d33      0xd4a src/ASF/xmega/drivers/tc/tc.o
 .debug_line    0x00004a7d      0xd9b src/ASF/xmega/drivers/usart/usart.o
 .debug_line    0x00005818     0x17f0 src/main.o
 .debug_line    0x00007008      0x929 src/ASF/common/boards/user_board/init.o

.debug_frame    0x00000000     0x20f4
 *(.debug_frame)
 .debug_frame   0x00000000      0x1d4 src/ASF/common/services/clock/xmega/sysclk.o
 .debug_frame   0x000001d4       0x34 src/ASF/common/services/ioport/xmega/ioport_compat.o
 .debug_frame   0x00000208       0x94 src/ASF/common/services/serial/usart_serial.o
 .debug_frame   0x0000029c      0x294 src/ASF/common/services/spi/xmega_spi/spi_master.o
 .debug_frame   0x00000530      0x474 src/ASF/xmega/drivers/nvm/nvm.o
 .debug_frame   0x000009a4      0x19c src/ASF/xmega/drivers/rtc/rtc.o
 .debug_frame   0x00000b40       0x40 src/ASF/xmega/drivers/spi/spi.o
 .debug_frame   0x00000b80      0xbbc src/ASF/xmega/drivers/tc/tc.o
 .debug_frame   0x0000173c      0x360 src/ASF/xmega/drivers/usart/usart.o
 .debug_frame   0x00001a9c      0x624 src/main.o
 .debug_frame   0x000020c0       0x34 src/ASF/common/boards/user_board/init.o

.debug_str      0x00000000    0x27a09
 *(.debug_str)
 .debug_str     0x00000000    0x21bde src/ASF/common/services/clock/xmega/sysclk.o
                              0x22423 (size before relaxing)
 .debug_str     0x00021bde      0x67d src/ASF/common/services/ioport/xmega/ioport_compat.o
                              0x210d8 (size before relaxing)
 .debug_str     0x0002225b      0x35d src/ASF/common/services/serial/usart_serial.o
                              0x221e7 (size before relaxing)
 .debug_str     0x000225b8      0x4bf src/ASF/common/services/sleepmgr/xmega/sleepmgr.o
                              0x20f1b (size before relaxing)
 .debug_str     0x00022a77      0x43b src/ASF/common/services/spi/xmega_spi/spi_master.o
                              0x22bc4 (size before relaxing)
 .debug_str     0x00022eb2      0xa8a src/ASF/xmega/drivers/nvm/nvm.o
                              0x215f6 (size before relaxing)
 .debug_str     0x0002393c      0x659 src/ASF/xmega/drivers/rtc/rtc.o
                              0x2309b (size before relaxing)
 .debug_str     0x00023f95       0xc8 src/ASF/xmega/drivers/spi/spi.o
                              0x21157 (size before relaxing)
 .debug_str     0x0002405d      0x849 src/ASF/xmega/drivers/tc/tc.o
                              0x22cdc (size before relaxing)
 .debug_str     0x000248a6      0x803 src/ASF/xmega/drivers/usart/usart.o
                              0x236b6 (size before relaxing)
 .debug_str     0x000250a9     0x292a src/main.o
                              0x2644b (size before relaxing)
 .debug_str     0x000279d3       0x36 src/ASF/common/boards/user_board/init.o
                              0x2332c (size before relaxing)

.debug_loc      0x00000000     0x4814
 *(.debug_loc)
 .debug_loc     0x00000000      0x3e3 src/ASF/common/services/clock/xmega/sysclk.o
 .debug_loc     0x000003e3       0x47 src/ASF/common/services/ioport/xmega/ioport_compat.o
 .debug_loc     0x0000042a      0x11e src/ASF/common/services/serial/usart_serial.o
 .debug_loc     0x00000548      0x56d src/ASF/common/services/spi/xmega_spi/spi_master.o
 .debug_loc     0x00000ab5      0x953 src/ASF/xmega/drivers/nvm/nvm.o
 .debug_loc     0x00001408      0x36a src/ASF/xmega/drivers/rtc/rtc.o
 .debug_loc     0x00001772       0x61 src/ASF/xmega/drivers/spi/spi.o
 .debug_loc     0x000017d3     0x1bda src/ASF/xmega/drivers/tc/tc.o
 .debug_loc     0x000033ad      0x745 src/ASF/xmega/drivers/usart/usart.o
 .debug_loc     0x00003af2      0xce7 src/main.o
 .debug_loc     0x000047d9       0x3b src/ASF/common/boards/user_board/init.o

.debug_macinfo
 *(.debug_macinfo)

.debug_pubtypes
 *(.debug_pubtypes)

.debug_ranges   0x00000000      0x750
 *(.debug_ranges)
 .debug_ranges  0x00000000       0x78 src/ASF/common/services/clock/xmega/sysclk.o
 .debug_ranges  0x00000078       0x10 src/ASF/common/services/ioport/xmega/ioport_compat.o
 .debug_ranges  0x00000088       0x28 src/ASF/common/services/serial/usart_serial.o
 .debug_ranges  0x000000b0       0xf0 src/ASF/common/services/spi/xmega_spi/spi_master.o
 .debug_ranges  0x000001a0      0x118 src/ASF/xmega/drivers/nvm/nvm.o
 .debug_ranges  0x000002b8       0x20 src/ASF/xmega/drivers/nvm/nvm_asm.o
 .debug_ranges  0x000002d8       0x58 src/ASF/xmega/drivers/rtc/rtc.o
 .debug_ranges  0x00000330       0x10 src/ASF/xmega/drivers/spi/spi.o
 .debug_ranges  0x00000340      0x138 src/ASF/xmega/drivers/tc/tc.o
 .debug_ranges  0x00000478      0x130 src/ASF/xmega/drivers/usart/usart.o
 .debug_ranges  0x000005a8      0x198 src/main.o
 .debug_ranges  0x00000740       0x10 src/ASF/common/boards/user_board/init.o

.debug_macro    0x00000000     0x9a53
 *(.debug_macro)
 .debug_macro   0x00000000      0x1db src/ASF/common/services/clock/xmega/sysclk.o
 .debug_macro   0x000001db      0x5b0 src/ASF/common/services/clock/xmega/sysclk.o
 .debug_macro   0x0000078b       0x10 src/ASF/common/services/clock/xmega/sysclk.o
 .debug_macro   0x0000079b      0x1ad src/ASF/common/services/clock/xmega/sysclk.o
 .debug_macro   0x00000948      0x293 src/ASF/common/services/clock/xmega/sysclk.o
 .debug_macro   0x00000bdb       0x9e src/ASF/common/services/clock/xmega/sysclk.o
 .debug_macro   0x00000c79     0x54a2 src/ASF/common/services/clock/xmega/sysclk.o
 .debug_macro   0x0000611b       0x9a src/ASF/common/services/clock/xmega/sysclk.o
 .debug_macro   0x000061b5       0xf1 src/ASF/common/services/clock/xmega/sysclk.o
 .debug_macro   0x000062a6       0x34 src/ASF/common/services/clock/xmega/sysclk.o
 .debug_macro   0x000062da       0x18 src/ASF/common/services/clock/xmega/sysclk.o
 .debug_macro   0x000062f2       0x5e src/ASF/common/services/clock/xmega/sysclk.o
 .debug_macro   0x00006350       0x10 src/ASF/common/services/clock/xmega/sysclk.o
 .debug_macro   0x00006360       0x22 src/ASF/common/services/clock/xmega/sysclk.o
 .debug_macro   0x00006382      0x16c src/ASF/common/services/clock/xmega/sysclk.o
 .debug_macro   0x000064ee       0x1c src/ASF/common/services/clock/xmega/sysclk.o
 .debug_macro   0x0000650a       0x35 src/ASF/common/services/clock/xmega/sysclk.o
 .debug_macro   0x0000653f       0x51 src/ASF/common/services/clock/xmega/sysclk.o
 .debug_macro   0x00006590      0x2d9 src/ASF/common/services/clock/xmega/sysclk.o
 .debug_macro   0x00006869       0x97 src/ASF/common/services/clock/xmega/sysclk.o
 .debug_macro   0x00006900       0x17 src/ASF/common/services/clock/xmega/sysclk.o
 .debug_macro   0x00006917      0x250 src/ASF/common/services/clock/xmega/sysclk.o
 .debug_macro   0x00006b67       0x76 src/ASF/common/services/clock/xmega/sysclk.o
 .debug_macro   0x00006bdd       0x16 src/ASF/common/services/clock/xmega/sysclk.o
 .debug_macro   0x00006bf3      0x6e0 src/ASF/common/services/clock/xmega/sysclk.o
 .debug_macro   0x000072d3       0x10 src/ASF/common/services/clock/xmega/sysclk.o
 .debug_macro   0x000072e3      0x160 src/ASF/common/services/clock/xmega/sysclk.o
 .debug_macro   0x00007443       0x40 src/ASF/common/services/clock/xmega/sysclk.o
 .debug_macro   0x00007483       0x69 src/ASF/common/services/clock/xmega/sysclk.o
 .debug_macro   0x000074ec       0x32 src/ASF/common/services/clock/xmega/sysclk.o
 .debug_macro   0x0000751e       0xe4 src/ASF/common/services/clock/xmega/sysclk.o
 .debug_macro   0x00007602       0x28 src/ASF/common/services/clock/xmega/sysclk.o
 .debug_macro   0x0000762a      0x1c7 src/ASF/common/services/clock/xmega/sysclk.o
 .debug_macro   0x000077f1       0xca src/ASF/common/services/clock/xmega/sysclk.o
 .debug_macro   0x000078bb       0x66 src/ASF/common/services/clock/xmega/sysclk.o
 .debug_macro   0x00007921       0x2f src/ASF/common/services/clock/xmega/sysclk.o
 .debug_macro   0x00007950      0x154 src/ASF/common/services/clock/xmega/sysclk.o
 .debug_macro   0x00007aa4       0x26 src/ASF/common/services/clock/xmega/sysclk.o
 .debug_macro   0x00007aca      0x189 src/ASF/common/services/ioport/xmega/ioport_compat.o
 .debug_macro   0x00007c53       0x7c src/ASF/common/services/ioport/xmega/ioport_compat.o
 .debug_macro   0x00007ccf      0x109 src/ASF/common/services/ioport/xmega/ioport_compat.o
 .debug_macro   0x00007dd8      0x213 src/ASF/common/services/serial/usart_serial.o
 .debug_macro   0x00007feb       0x34 src/ASF/common/services/serial/usart_serial.o
 .debug_macro   0x0000801f      0x199 src/ASF/common/services/sleepmgr/xmega/sleepmgr.o
 .debug_macro   0x000081b8       0x10 src/ASF/common/services/sleepmgr/xmega/sleepmgr.o
 .debug_macro   0x000081c8       0x5e src/ASF/common/services/sleepmgr/xmega/sleepmgr.o
 .debug_macro   0x00008226      0x225 src/ASF/common/services/spi/xmega_spi/spi_master.o
 .debug_macro   0x0000844b       0x2e src/ASF/common/services/spi/xmega_spi/spi_master.o
 .debug_macro   0x00008479      0x18e src/ASF/xmega/drivers/nvm/nvm.o
 .debug_macro   0x00008607       0x16 src/ASF/xmega/drivers/nvm/nvm.o
 .debug_macro   0x0000861d      0x266 src/ASF/xmega/drivers/rtc/rtc.o
 .debug_macro   0x00008883       0x1c src/ASF/xmega/drivers/rtc/rtc.o
 .debug_macro   0x0000889f       0x40 src/ASF/xmega/drivers/rtc/rtc.o
 .debug_macro   0x000088df      0x19d src/ASF/xmega/drivers/spi/spi.o
 .debug_macro   0x00008a7c      0x225 src/ASF/xmega/drivers/tc/tc.o
 .debug_macro   0x00008ca1      0x299 src/ASF/xmega/drivers/tc/tc.o
 .debug_macro   0x00008f3a       0x12 src/ASF/xmega/drivers/tc/tc.o
 .debug_macro   0x00008f4c      0x221 src/ASF/xmega/drivers/usart/usart.o
 .debug_macro   0x0000916d      0x38c src/main.o
 .debug_macro   0x000094f9       0x34 src/main.o
 .debug_macro   0x0000952d       0x28 src/main.o
 .debug_macro   0x00009555       0x22 src/main.o
 .debug_macro   0x00009577       0x18 src/main.o
 .debug_macro   0x0000958f       0x3a src/main.o
 .debug_macro   0x000095c9      0x11e src/main.o
 .debug_macro   0x000096e7       0x6a src/main.o
 .debug_macro   0x00009751      0x302 src/ASF/common/boards/user_board/init.o
OUTPUT(Xmega32A4U_Board.elf elf32-avr)
LOAD linker stubs
