Archive member included because of file (symbol)

c:/program files (x86)/atmel/atmel toolchain/avr8 gcc/native/3.4.2.1002/avr8-gnu-toolchain/bin/../lib/gcc/avr/4.7.2/avrxmega2\libgcc.a(_udivmodsi4.o)
                              src/ASF/xmega/drivers/spi/spi.o (__udivmodsi4)
c:/program files (x86)/atmel/atmel toolchain/avr8 gcc/native/3.4.2.1002/avr8-gnu-toolchain/bin/../lib/gcc/avr/4.7.2/avrxmega2\libgcc.a(_exit.o)
                              c:/program files (x86)/atmel/atmel toolchain/avr8 gcc/native/3.4.2.1002/avr8-gnu-toolchain/bin/../lib/gcc/avr/4.7.2/../../../../avr/lib/avrxmega2/crtx32a4u.o (exit)
c:/program files (x86)/atmel/atmel toolchain/avr8 gcc/native/3.4.2.1002/avr8-gnu-toolchain/bin/../lib/gcc/avr/4.7.2/avrxmega2\libgcc.a(_tablejump.o)
                              src/main.o (__tablejump2__)
c:/program files (x86)/atmel/atmel toolchain/avr8 gcc/native/3.4.2.1002/avr8-gnu-toolchain/bin/../lib/gcc/avr/4.7.2/avrxmega2\libgcc.a(_copy_data.o)
                              src/ASF/common/services/sleepmgr/xmega/sleepmgr.o (__do_copy_data)
c:/program files (x86)/atmel/atmel toolchain/avr8 gcc/native/3.4.2.1002/avr8-gnu-toolchain/bin/../lib/gcc/avr/4.7.2/avrxmega2\libgcc.a(_clear_bss.o)
                              src/ASF/common/services/sleepmgr/xmega/sleepmgr.o (__do_clear_bss)
c:/program files (x86)/atmel/atmel toolchain/avr8 gcc/native/3.4.2.1002/avr8-gnu-toolchain/bin/../lib/gcc/avr/4.7.2/avrxmega2\libgcc.a(_ashldi3.o)
                              src/main.o (__ashldi3)
c:/program files (x86)/atmel/atmel toolchain/avr8 gcc/native/3.4.2.1002/avr8-gnu-toolchain/bin/../lib/gcc/avr/4.7.2/avrxmega2\libgcc.a(_adddi3.o)
                              src/main.o (__adddi3)
c:/program files (x86)/atmel/atmel toolchain/avr8 gcc/native/3.4.2.1002/avr8-gnu-toolchain/bin/../lib/gcc/avr/4.7.2/avrxmega2\libgcc.a(_subdi3.o)
                              src/main.o (__subdi3)
c:/program files (x86)/atmel/atmel toolchain/avr8 gcc/native/3.4.2.1002/avr8-gnu-toolchain/bin/../lib/gcc/avr/4.7.2/avrxmega2\libgcc.a(_fixunssfdi.o)
                              src/main.o (__fixunssfdi)
c:/program files (x86)/atmel/atmel toolchain/avr8 gcc/native/3.4.2.1002/avr8-gnu-toolchain/bin/../lib/gcc/avr/4.7.2/avrxmega2\libgcc.a(_floatundisf.o)
                              src/main.o (__floatundisf)
c:/program files (x86)/atmel/atmel toolchain/avr8 gcc/native/3.4.2.1002/avr8-gnu-toolchain/bin/../lib/gcc/avr/4.7.2/avrxmega2\libgcc.a(_mul_sf.o)
                              c:/program files (x86)/atmel/atmel toolchain/avr8 gcc/native/3.4.2.1002/avr8-gnu-toolchain/bin/../lib/gcc/avr/4.7.2/avrxmega2\libgcc.a(_fixunssfdi.o) (__mulsf3)
c:/program files (x86)/atmel/atmel toolchain/avr8 gcc/native/3.4.2.1002/avr8-gnu-toolchain/bin/../lib/gcc/avr/4.7.2/avrxmega2\libgcc.a(_div_sf.o)
                              src/main.o (__divsf3)
c:/program files (x86)/atmel/atmel toolchain/avr8 gcc/native/3.4.2.1002/avr8-gnu-toolchain/bin/../lib/gcc/avr/4.7.2/avrxmega2\libgcc.a(_ge_sf.o)
                              c:/program files (x86)/atmel/atmel toolchain/avr8 gcc/native/3.4.2.1002/avr8-gnu-toolchain/bin/../lib/gcc/avr/4.7.2/avrxmega2\libgcc.a(_fixunssfdi.o) (__gesf2)
c:/program files (x86)/atmel/atmel toolchain/avr8 gcc/native/3.4.2.1002/avr8-gnu-toolchain/bin/../lib/gcc/avr/4.7.2/avrxmega2\libgcc.a(_lt_sf.o)
                              c:/program files (x86)/atmel/atmel toolchain/avr8 gcc/native/3.4.2.1002/avr8-gnu-toolchain/bin/../lib/gcc/avr/4.7.2/avrxmega2\libgcc.a(_fixunssfdi.o) (__ltsf2)
c:/program files (x86)/atmel/atmel toolchain/avr8 gcc/native/3.4.2.1002/avr8-gnu-toolchain/bin/../lib/gcc/avr/4.7.2/avrxmega2\libgcc.a(_si_to_sf.o)
                              c:/program files (x86)/atmel/atmel toolchain/avr8 gcc/native/3.4.2.1002/avr8-gnu-toolchain/bin/../lib/gcc/avr/4.7.2/avrxmega2\libgcc.a(_floatundisf.o) (__floatsisf)
c:/program files (x86)/atmel/atmel toolchain/avr8 gcc/native/3.4.2.1002/avr8-gnu-toolchain/bin/../lib/gcc/avr/4.7.2/avrxmega2\libgcc.a(_thenan_sf.o)
                              c:/program files (x86)/atmel/atmel toolchain/avr8 gcc/native/3.4.2.1002/avr8-gnu-toolchain/bin/../lib/gcc/avr/4.7.2/avrxmega2\libgcc.a(_mul_sf.o) (__thenan_sf)
c:/program files (x86)/atmel/atmel toolchain/avr8 gcc/native/3.4.2.1002/avr8-gnu-toolchain/bin/../lib/gcc/avr/4.7.2/avrxmega2\libgcc.a(_usi_to_sf.o)
                              c:/program files (x86)/atmel/atmel toolchain/avr8 gcc/native/3.4.2.1002/avr8-gnu-toolchain/bin/../lib/gcc/avr/4.7.2/avrxmega2\libgcc.a(_fixunssfdi.o) (__floatunsisf)
c:/program files (x86)/atmel/atmel toolchain/avr8 gcc/native/3.4.2.1002/avr8-gnu-toolchain/bin/../lib/gcc/avr/4.7.2/avrxmega2\libgcc.a(_clzsi2.o)
                              c:/program files (x86)/atmel/atmel toolchain/avr8 gcc/native/3.4.2.1002/avr8-gnu-toolchain/bin/../lib/gcc/avr/4.7.2/avrxmega2\libgcc.a(_floatundisf.o) (__clzsi2)
[...]
Memory Configuration

Name             Origin             Length             Attributes
text             0x00000000         0x00100000         xr
data             0x00802000         0x0000ffa0         rw !x
eeprom           0x00810000         0x00010000         rw !x
fuse             0x00820000         0x00000400         rw !x
lock             0x00830000         0x00000400         rw !x
signature        0x00840000         0x00000400         rw !x
user_signatures  0x00850000         0x00000400         rw !x
*default*        0x00000000         0xffffffff

Linker script and memory map

LOAD c:/program files (x86)/atmel/atmel toolchain/avr8 gcc/native/3.4.2.1002/avr8-gnu-toolchain/bin/../lib/gcc/avr/4.7.2/../../../../avr/lib/avrxmega2/crtx32a4u.o
LOAD src/ASF/common/services/clock/xmega/sysclk.o
LOAD src/ASF/common/services/ioport/xmega/ioport_compat.o
LOAD src/ASF/common/services/serial/usart_serial.o
LOAD src/ASF/common/services/sleepmgr/xmega/sleepmgr.o
LOAD src/ASF/common/services/spi/xmega_spi/spi_master.o
LOAD src/ASF/xmega/drivers/cpu/ccp.o
LOAD src/ASF/xmega/drivers/nvm/nvm.o
LOAD src/ASF/xmega/drivers/nvm/nvm_asm.o
LOAD src/ASF/xmega/drivers/rtc/rtc.o
LOAD src/ASF/xmega/drivers/spi/spi.o
LOAD src/ASF/xmega/drivers/tc/tc.o
LOAD src/ASF/xmega/drivers/usart/usart.o
LOAD src/main.o
LOAD src/ASF/common/boards/user_board/init.o
START GROUP
END GROUP
LOAD c:/program files (x86)/atmel/atmel toolchain/avr8 gcc/native/3.4.2.1002/avr8-gnu-toolchain/bin/../lib/gcc/avr/4.7.2/avrxmega2\libgcc.a
LOAD c:/program files (x86)/atmel/atmel toolchain/avr8 gcc/native/3.4.2.1002/avr8-gnu-toolchain/bin/../lib/gcc/avr/4.7.2/../../../../avr/lib/avrxmega2\libc.a
LOAD c:/program files (x86)/atmel/atmel toolchain/avr8 gcc/native/3.4.2.1002/avr8-gnu-toolchain/bin/../lib/gcc/avr/4.7.2/avrxmega2\libgcc.a

.hash
 *(.hash)

.dynsym
 *(.dynsym)

.dynstr
 *(.dynstr)

.gnu.version
 *(.gnu.version)

.gnu.version_d
 *(.gnu.version_d)

.gnu.version_r
 *(.gnu.version_r)

.rel.init
 *(.rel.init)

.rela.init
 *(.rela.init)

.rel.text
 *(.rel.text)
 *(.rel.text.*)
 *(.rel.gnu.linkonce.t*)

.rela.text
 *(.rela.text)
 *(.rela.text.*)
 *(.rela.gnu.linkonce.t*)

.rel.fini
 *(.rel.fini)

.rela.fini
 *(.rela.fini)

.rel.rodata
 *(.rel.rodata)
 *(.rel.rodata.*)
 *(.rel.gnu.linkonce.r*)

.rela.rodata
 *(.rela.rodata)
 *(.rela.rodata.*)
 *(.rela.gnu.linkonce.r*)

.rel.data
 *(.rel.data)
 *(.rel.data.*)
 *(.rel.gnu.linkonce.d*)

.rela.data
 *(.rela.data)
 *(.rela.data.*)
 *(.rela.gnu.linkonce.d*)

.rel.ctors
 *(.rel.ctors)

.rela.ctors
 *(.rela.ctors)

.rel.dtors
 *(.rel.dtors)

.rela.dtors
 *(.rela.dtors)

.rel.got
 *(.rel.got)

.rela.got
 *(.rela.got)

.rel.bss
 *(.rel.bss)

.rela.bss
 *(.rela.bss)

.rel.plt
 *(.rel.plt)

.rela.plt
 *(.rela.plt)

.text           0x00000000     0x741c
 *(.vectors)
 .vectors       0x00000000      0x1fc c:/program files (x86)/atmel/atmel toolchain/avr8 gcc/native/3.4.2.1002/avr8-gnu-toolchain/bin/../lib/gcc/avr/4.7.2/../../../../avr/lib/avrxmega2/crtx32a4u.o
                0x00000000                __vector_default
                0x00000000                __vectors
 *(.vectors)
 *(.progmem.gcc*)
 .progmem.gcc_sw_table.__vector_58
                0x000001fc       0x52 src/main.o
 *(.progmem*)
                0x0000024e                . = ALIGN (0x2)
                0x0000024e                __trampolines_start = .
 *(.trampolines)
 .trampolines   0x0000024e        0x0 linker stubs
 *(.trampolines*)
                0x0000024e                __trampolines_end = .
 *(.jumptables)
 *(.jumptables*)
 *(.lowtext)
 *(.lowtext*)
                0x0000024e                __ctors_start = .
 *(.ctors)
                0x0000024e                __ctors_end = .
                0x0000024e                __dtors_start = .
 *(.dtors)
                0x0000024e                __dtors_end = .
 SORT(*)(.ctors)
 SORT(*)(.dtors)
 *(.init0)
 .init0         0x0000024e        0x0 c:/program files (x86)/atmel/atmel toolchain/avr8 gcc/native/3.4.2.1002/avr8-gnu-toolchain/bin/../lib/gcc/avr/4.7.2/../../../../avr/lib/avrxmega2/crtx32a4u.o
                0x0000024e                __init
 *(.init0)
 *(.init1)
 *(.init1)
 *(.init2)
 .init2         0x0000024e        0xc c:/program files (x86)/atmel/atmel toolchain/avr8 gcc/native/3.4.2.1002/avr8-gnu-toolchain/bin/../lib/gcc/avr/4.7.2/../../../../avr/lib/avrxmega2/crtx32a4u.o
 *(.init2)
 *(.init3)
 *(.init3)
 *(.init4)
 .init4         0x0000025a       0x16 c:/program files (x86)/atmel/atmel toolchain/avr8 gcc/native/3.4.2.1002/avr8-gnu-toolchain/bin/../lib/gcc/avr/4.7.2/avrxmega2\libgcc.a(_copy_data.o)
                0x0000025a                __do_copy_data
 .init4         0x00000270       0x10 c:/program files (x86)/atmel/atmel toolchain/avr8 gcc/native/3.4.2.1002/avr8-gnu-toolchain/bin/../lib/gcc/avr/4.7.2/avrxmega2\libgcc.a(_clear_bss.o)
                0x00000270                __do_clear_bss
 *(.init4)
 *(.init5)
 *(.init5)
 *(.init6)
 *(.init6)
 *(.init7)
 *(.init7)
 *(.init8)
 *(.init8)
 *(.init9)
 .init9         0x00000280        0x8 c:/program files (x86)/atmel/atmel toolchain/avr8 gcc/native/3.4.2.1002/avr8-gnu-toolchain/bin/../lib/gcc/avr/4.7.2/../../../../avr/lib/avrxmega2/crtx32a4u.o
 *(.init9)
 *(.text)
 .text          0x00000288        0x2 c:/program files (x86)/atmel/atmel toolchain/avr8 gcc/native/3.4.2.1002/avr8-gnu-toolchain/bin/../lib/gcc/avr/4.7.2/../../../../avr/lib/avrxmega2/crtx32a4u.o
                0x00000288                __vector_38
                0x00000288                __vector_104
                0x00000288                __vector_63
                0x00000288                __vector_28
                0x00000288                __vector_67
                0x00000288                __vector_1
                0x00000288                __vector_119
                0x00000288                __vector_32
                0x00000288                __vector_75
                0x00000288                __vector_71
                0x00000288                __vector_91
                0x00000288                __vector_34
                0x00000288                __vector_62
                0x00000288                __vector_102
                0x00000288                __vector_24
                0x00000288                __vector_12
                0x00000288                __vector_55
                0x00000288                __vector_69
                0x00000288                __vector_90
                0x00000288                __vector_46
                0x00000288                __bad_interrupt
                0x00000288                __vector_122
                0x00000288                __vector_72
                0x00000288                __vector_114
                0x00000288                __vector_6
                0x00000288                __vector_110
                0x00000288                __vector_31
                0x00000288                __vector_92
                0x00000288                __vector_35
                0x00000288                __vector_74
                0x00000288                __vector_117
                0x00000288                __vector_39
                0x00000288                __vector_107
                0x00000288                __vector_3
                0x00000288                __vector_105
                0x00000288                __vector_98
                0x00000288                __vector_68
                0x00000288                __vector_30
                0x00000288                __vector_73
                0x00000288                __vector_45
                0x00000288                __vector_25
                0x00000288                __vector_93
                0x00000288                __vector_61
                0x00000288                __vector_54
                0x00000288                __vector_99
                0x00000288                __vector_13
                0x00000288                __vector_56
                0x00000288                __vector_7
                0x00000288                __vector_125
                0x00000288                __vector_123
                0x00000288                __vector_41
                0x00000288                __vector_100
                0x00000288                __vector_101
                0x00000288                __vector_64
                0x00000288                __vector_88
                0x00000288                __vector_109
                0x00000288                __vector_43
                0x00000288                __vector_27
                0x00000288                __vector_5
                0x00000288                __vector_113
                0x00000288                __vector_33
                0x00000288                __vector_76
                0x00000288                __vector_115
                0x00000288                __vector_37
                0x00000288                __vector_95
                0x00000288                __vector_103
                0x00000288                __vector_96
                0x00000288                __vector_89
                0x00000288                __vector_108
                0x00000288                __vector_4
                0x00000288                __vector_44
                0x00000288                __vector_106
                0x00000288                __vector_118
                0x00000288                __vector_9
                0x00000288                __vector_2
                0x00000288                __vector_66
                0x00000288                __vector_36
                0x00000288                __vector_70
                0x00000288                __vector_29
                0x00000288                __vector_60
                0x00000288                __vector_121
                0x00000288                __vector_40
                0x00000288                __vector_94
                0x00000288                __vector_126
                0x00000288                __vector_8
                0x00000288                __vector_26
                0x00000288                __vector_124
                0x00000288                __vector_116
                0x00000288                __vector_112
                0x00000288                __vector_111
                0x00000288                __vector_57
                0x00000288                __vector_53
                0x00000288                __vector_59
                0x00000288                __vector_97
                0x00000288                __vector_42
                0x00000288                __vector_87
                0x00000288                __vector_65
                0x00000288                __vector_120
 .text          0x0000028a      0x162 c:/program files (x86)/atmel/atmel toolchain/avr8 gcc/native/3.4.2.1002/avr8-gnu-toolchain/bin/../lib/gcc/avr/4.7.2/avrxmega2\libgcc.a(_fixunssfdi.o)
                0x0000028a                __fixunssfdi
 .text          0x000003ec      0x132 c:/program files (x86)/atmel/atmel toolchain/avr8 gcc/native/3.4.2.1002/avr8-gnu-toolchain/bin/../lib/gcc/avr/4.7.2/avrxmega2\libgcc.a(_floatundisf.o)
                0x000003ec                __floatundisf
 .text          0x0000051e      0x1c4 c:/program files (x86)/atmel/atmel toolchain/avr8 gcc/native/3.4.2.1002/avr8-gnu-toolchain/bin/../lib/gcc/avr/4.7.2/avrxmega2\libgcc.a(_mul_sf.o)
                0x0000051e                __mulsf3
 .text          0x000006e2      0x140 c:/program files (x86)/atmel/atmel toolchain/avr8 gcc/native/3.4.2.1002/avr8-gnu-toolchain/bin/../lib/gcc/avr/4.7.2/avrxmega2\libgcc.a(_div_sf.o)
                0x000006e2                __divsf3
 .text          0x00000822       0x58 c:/program files (x86)/atmel/atmel toolchain/avr8 gcc/native/3.4.2.1002/avr8-gnu-toolchain/bin/../lib/gcc/avr/4.7.2/avrxmega2\libgcc.a(_ge_sf.o)
                0x00000822                __gesf2
 .text          0x0000087a       0x58 c:/program files (x86)/atmel/atmel toolchain/avr8 gcc/native/3.4.2.1002/avr8-gnu-toolchain/bin/../lib/gcc/avr/4.7.2/avrxmega2\libgcc.a(_lt_sf.o)
                0x0000087a                __ltsf2
 .text          0x000008d2       0xb6 c:/program files (x86)/atmel/atmel toolchain/avr8 gcc/native/3.4.2.1002/avr8-gnu-toolchain/bin/../lib/gcc/avr/4.7.2/avrxmega2\libgcc.a(_si_to_sf.o)
                0x000008d2                __floatsisf
 .text          0x00000988       0xea c:/program files (x86)/atmel/atmel toolchain/avr8 gcc/native/3.4.2.1002/avr8-gnu-toolchain/bin/../lib/gcc/avr/4.7.2/avrxmega2\libgcc.a(_usi_to_sf.o)
                0x00000988                __floatunsisf
 .text          0x00000a72       0x52 c:/program files (x86)/atmel/atmel toolchain/avr8 gcc/native/3.4.2.1002/avr8-gnu-toolchain/bin/../lib/gcc/avr/4.7.2/avrxmega2\libgcc.a(_fixunssfsi.o)
                0x00000a72                __fixunssfsi
 .text          0x00000ac4      0x194 c:/program files (x86)/atmel/atmel toolchain/avr8 gcc/native/3.4.2.1002/avr8-gnu-toolchain/bin/../lib/gcc/avr/4.7.2/avrxmega2\libgcc.a(_pack_sf.o)
                0x00000ac4                __pack_f
 .text          0x00000c58       0xde c:/program files (x86)/atmel/atmel toolchain/avr8 gcc/native/3.4.2.1002/avr8-gnu-toolchain/bin/../lib/gcc/avr/4.7.2/avrxmega2\libgcc.a(_unpack_sf.o)
                0x00000c58                __unpack_f
 .text          0x00000d36      0x360 c:/program files (x86)/atmel/atmel toolchain/avr8 gcc/native/3.4.2.1002/avr8-gnu-toolchain/bin/../lib/gcc/avr/4.7.2/avrxmega2\libgcc.a(_addsub_sf.o)
                0x00000fee                __addsf3
                0x0000103e                __subsf3
 .text          0x00001096       0xc2 c:/program files (x86)/atmel/atmel toolchain/avr8 gcc/native/3.4.2.1002/avr8-gnu-toolchain/bin/../lib/gcc/avr/4.7.2/avrxmega2\libgcc.a(_fpcmp_parts_sf.o)
                0x00001096                __fpcmp_parts_f
 .text          0x00001158       0x9c c:/program files (x86)/atmel/atmel toolchain/avr8 gcc/native/3.4.2.1002/avr8-gnu-toolchain/bin/../lib/gcc/avr/4.7.2/avrxmega2\libgcc.a(_sf_to_si.o)
                0x00001158                __fixsfsi
                0x000011f4                . = ALIGN (0x2)
 *(.text.*)
 .text.cpu_irq_save
                0x000011f4       0x20 src/ASF/common/services/clock/xmega/sysclk.o
 .text.cpu_irq_restore
                0x00001214       0x1e src/ASF/common/services/clock/xmega/sysclk.o
 .text.sysclk_enable_module
                0x00001232       0x46 src/ASF/common/services/clock/xmega/sysclk.o
                0x00001232                sysclk_enable_module
 .text.ioport_configure_port_pin
                0x00001278       0xbc src/ASF/common/services/ioport/xmega/ioport_compat.o
                0x00001278                ioport_configure_port_pin
 .text.ioport_set_pin_low
                0x00001334       0xa8 src/ASF/common/services/spi/xmega_spi/spi_master.o
 .text.ioport_set_pin_high
                0x000013dc       0xaa src/ASF/common/services/spi/xmega_spi/spi_master.o
 .text.spi_put  0x00001486       0x28 src/ASF/common/services/spi/xmega_spi/spi_master.o
 .text.spi_is_tx_ok
                0x000014ae       0x26 src/ASF/common/services/spi/xmega_spi/spi_master.o
 .text.spi_enable_master_mode
                0x000014d4       0x2c src/ASF/common/services/spi/xmega_spi/spi_master.o
 .text.spi_is_rx_full
                0x00001500       0x1e src/ASF/common/services/spi/xmega_spi/spi_master.o
 .text.spi_master_init
                0x0000151e       0x46 src/ASF/common/services/spi/xmega_spi/spi_master.o
                0x0000151e                spi_master_init
 .text.spi_write_packet
                0x00001564       0x7c src/ASF/common/services/spi/xmega_spi/spi_master.o
                0x00001564                spi_write_packet
 .text.spi_select_device
                0x000015e0       0x2a src/ASF/common/services/spi/xmega_spi/spi_master.o
                0x000015e0                spi_select_device
 .text.spi_deselect_device
                0x0000160a       0x2a src/ASF/common/services/spi/xmega_spi/spi_master.o
                0x0000160a                spi_deselect_device
 .text.ccp_write_io
                0x00001634        0xc src/ASF/xmega/drivers/cpu/ccp.o
                0x00001634                ccp_write_io
 .text.cpu_irq_save
                0x00001640       0x20 src/ASF/xmega/drivers/rtc/rtc.o
 .text.cpu_irq_restore
                0x00001660       0x1e src/ASF/xmega/drivers/rtc/rtc.o
 .text.sleepmgr_lock_mode
                0x0000167e       0x40 src/ASF/xmega/drivers/rtc/rtc.o
 .text.rtc_init
                0x000016be       0x46 src/ASF/xmega/drivers/rtc/rtc.o
                0x000016be                rtc_init
 .text.__vector_11
                0x00001704      0x13e src/ASF/xmega/drivers/rtc/rtc.o
                0x00001704                __vector_11
 .text.cpu_irq_save
                0x00001842       0x20 src/ASF/xmega/drivers/tc/tc.o
 .text.cpu_irq_restore
                0x00001862       0x1e src/ASF/xmega/drivers/tc/tc.o
 .text.sleepmgr_lock_mode
                0x00001880       0x40 src/ASF/xmega/drivers/tc/tc.o
 .text.__vector_14
                0x000018c0       0x6c src/ASF/xmega/drivers/tc/tc.o
                0x000018c0                __vector_14
 .text.__vector_15
                0x0000192c       0x6c src/ASF/xmega/drivers/tc/tc.o
                0x0000192c                __vector_15
 .text.__vector_16
                0x00001998       0x6c src/ASF/xmega/drivers/tc/tc.o
                0x00001998                __vector_16
 .text.__vector_17
                0x00001a04       0x6c src/ASF/xmega/drivers/tc/tc.o
                0x00001a04                __vector_17
 .text.__vector_18
                0x00001a70       0x6c src/ASF/xmega/drivers/tc/tc.o
                0x00001a70                __vector_18
 .text.__vector_19
                0x00001adc       0x6c src/ASF/xmega/drivers/tc/tc.o
                0x00001adc                __vector_19
 .text.__vector_20
                0x00001b48       0x6c src/ASF/xmega/drivers/tc/tc.o
                0x00001b48                __vector_20
 .text.__vector_21
                0x00001bb4       0x6c src/ASF/xmega/drivers/tc/tc.o
                0x00001bb4                __vector_21
 .text.__vector_22
                0x00001c20       0x6c src/ASF/xmega/drivers/tc/tc.o
                0x00001c20                __vector_22
 .text.__vector_23
                0x00001c8c       0x6c src/ASF/xmega/drivers/tc/tc.o
                0x00001c8c                __vector_23
 .text.__vector_77
                0x00001cf8       0x6c src/ASF/xmega/drivers/tc/tc.o
                0x00001cf8                __vector_77
 .text.__vector_78
                0x00001d64       0x6c src/ASF/xmega/drivers/tc/tc.o
                0x00001d64                __vector_78
 .text.__vector_79
                0x00001dd0       0x6c src/ASF/xmega/drivers/tc/tc.o
                0x00001dd0                __vector_79
 .text.__vector_80
                0x00001e3c       0x6c src/ASF/xmega/drivers/tc/tc.o
                0x00001e3c                __vector_80
 .text.__vector_81
                0x00001ea8       0x6c src/ASF/xmega/drivers/tc/tc.o
                0x00001ea8                __vector_81
 .text.__vector_82
                0x00001f14       0x6c src/ASF/xmega/drivers/tc/tc.o
                0x00001f14                __vector_82
 .text.__vector_83
                0x00001f80       0x6c src/ASF/xmega/drivers/tc/tc.o
                0x00001f80                __vector_83
 .text.__vector_84
                0x00001fec       0x6c src/ASF/xmega/drivers/tc/tc.o
                0x00001fec                __vector_84
 .text.__vector_85
                0x00002058       0x6c src/ASF/xmega/drivers/tc/tc.o
                0x00002058                __vector_85
 .text.__vector_86
                0x000020c4       0x6c src/ASF/xmega/drivers/tc/tc.o
                0x000020c4                __vector_86
 .text.__vector_47
                0x00002130       0x6c src/ASF/xmega/drivers/tc/tc.o
                0x00002130                __vector_47
 .text.__vector_48
                0x0000219c       0x6c src/ASF/xmega/drivers/tc/tc.o
                0x0000219c                __vector_48
 .text.__vector_49
                0x00002208       0x6c src/ASF/xmega/drivers/tc/tc.o
                0x00002208                __vector_49
 .text.__vector_50
                0x00002274       0x6c src/ASF/xmega/drivers/tc/tc.o
                0x00002274                __vector_50
 .text.__vector_51
                0x000022e0       0x6c src/ASF/xmega/drivers/tc/tc.o
                0x000022e0                __vector_51
 .text.__vector_52
                0x0000234c       0x6c src/ASF/xmega/drivers/tc/tc.o
                0x0000234c                __vector_52
 .text.tc_enable
                0x000023b8       0xda src/ASF/xmega/drivers/tc/tc.o
                0x000023b8                tc_enable
 .text.tc_set_overflow_interrupt_callback
                0x00002492       0xa0 src/ASF/xmega/drivers/tc/tc.o
                0x00002492                tc_set_overflow_interrupt_callback
 .text.usart_rx_enable
                0x00002532       0x2c src/ASF/xmega/drivers/usart/usart.o
 .text.usart_format_set
                0x0000255e       0x46 src/ASF/xmega/drivers/usart/usart.o
 .text.usart_tx_enable
                0x000025a4       0x2c src/ASF/xmega/drivers/usart/usart.o
 .text.usart_set_mode
                0x000025d0       0x3a src/ASF/xmega/drivers/usart/usart.o
 .text.usart_data_register_is_empty
                0x0000260a       0x32 src/ASF/xmega/drivers/usart/usart.o
 .text.usart_rx_is_complete
                0x0000263c       0x32 src/ASF/xmega/drivers/usart/usart.o
 .text.sysclk_get_main_hz
                0x0000266e       0x1a src/ASF/xmega/drivers/usart/usart.o
 .text.sysclk_get_per4_hz
                0x00002688       0x34 src/ASF/xmega/drivers/usart/usart.o
 .text.sysclk_get_per2_hz
                0x000026bc       0x18 src/ASF/xmega/drivers/usart/usart.o
 .text.sysclk_get_per_hz
                0x000026d4       0x18 src/ASF/xmega/drivers/usart/usart.o
 .text.sysclk_enable_peripheral_clock
                0x000026ec      0x25e src/ASF/xmega/drivers/usart/usart.o
 .text.usart_init_rs232
                0x0000294a       0x90 src/ASF/xmega/drivers/usart/usart.o
                0x0000294a                usart_init_rs232
 .text.usart_putchar
                0x000029da       0x3e src/ASF/xmega/drivers/usart/usart.o
                0x000029da                usart_putchar
 .text.usart_getchar
                0x00002a18       0x32 src/ASF/xmega/drivers/usart/usart.o
                0x00002a18                usart_getchar
 .text.usart_set_baudrate
                0x00002a4a      0x374 src/ASF/xmega/drivers/usart/usart.o
                0x00002a4a                usart_set_baudrate
 .text.cpu_irq_save
                0x00002dbe       0x20 src/main.o
 .text.cpu_irq_restore
                0x00002dde       0x1e src/main.o
 .text.osc_enable_internal
                0x00002dfc       0x32 src/main.o
 .text.osc_enable_external
                0x00002e2e       0x14 src/main.o
 .text.osc_disable
                0x00002e42       0x36 src/main.o
 .text.osc_enable
                0x00002e78       0x24 src/main.o
 .text.osc_is_ready
                0x00002e9c       0x28 src/main.o
 .text.osc_wait_ready
                0x00002ec4       0x24 src/main.o
 .text.sysclk_get_main_hz
                0x00002ee8       0x1a src/main.o
 .text.sysclk_get_per4_hz
                0x00002f02       0x34 src/main.o
 .text.sysclk_get_per2_hz
                0x00002f36       0x18 src/main.o
 .text.sysclk_get_per_hz
                0x00002f4e       0x18 src/main.o
 .text.sysclk_get_cpu_hz
                0x00002f66       0x18 src/main.o
 .text.__portable_avr_delay_cycles
                0x00002f7e        0xc src/main.o
 .text.ioport_set_value
                0x00002f8a       0xac src/main.o
 .text.ioport_toggle_pin
                0x00003036       0x76 src/main.o
 .text.pmic_init
                0x000030ac       0x18 src/main.o
 .text.spi_enable
                0x000030c4       0x2c src/main.o
 .text.spi_put  0x000030f0       0x28 src/main.o
 .text.spi_get  0x00003118       0x20 src/main.o
 .text.tc_set_overflow_interrupt_level
                0x00003138       0x4a src/main.o
 .text.tc_write_clock_source
                0x00003182       0x3a src/main.o
 .text.tc_set_wgm
                0x000031bc       0x3a src/main.o
 .text.usart_set_rx_interrupt_level
                0x000031f6       0x3e src/main.o
 .text.usart_put
                0x00003234       0x28 src/main.o
 .text.__vector_58
                0x0000325c      0x33c src/main.o
                0x0000325c                __vector_58
 .text.__vector_10
                0x00003598       0x56 src/main.o
                0x00003598                __vector_10
 .text.ISR_TCD1
                0x000035ee       0x5a src/main.o
 .text.COA_Measure_done
                0x00003648       0x84 src/main.o
                0x00003648                COA_Measure_done
 .text.showMeByte
                0x000036cc      0x116 src/main.o
                0x000036cc                showMeByte
 .text.SPI_DAC_send
                0x000037e2       0x68 src/main.o
                0x000037e2                SPI_DAC_send
 .text.SPI_ADC_send
                0x0000384a       0xb0 src/main.o
                0x0000384a                SPI_ADC_send
 .text.transmit
                0x000038fa      0x2ce src/main.o
                0x000038fa                transmit
 .text.transmit_2bytes
                0x00003bc8      0x33c src/main.o
                0x00003bc8                transmit_2bytes
 .text.checkCommand
                0x00003f04       0x7c src/main.o
                0x00003f04                checkCommand
 .text.calcCheckSum
                0x00003f80       0x5e src/main.o
                0x00003f80                calcCheckSum
 .text.MC_transmit_CPUfreq
                0x00003fde       0x6e src/main.o
                0x00003fde                MC_transmit_CPUfreq
 .text.MC_transmit_Birthday
                0x0000404c       0x84 src/main.o
                0x0000404c                MC_transmit_Birthday
 .text.COA_transmit_Result
                0x000040d0       0xae src/main.o
                0x000040d0                COA_transmit_Result
 .text.COA_set_MeasureTime
                0x0000417e       0x66 src/main.o
                0x0000417e                COA_set_MeasureTime
 .text.COA_set_MeasureDelay
                0x000041e4       0x28 src/main.o
                0x000041e4                COA_set_MeasureDelay
 .text.COA_set_MeasureQuontity
                0x0000420c       0x54 src/main.o
                0x0000420c                COA_set_MeasureQuontity
 .text.COA_start
                0x00004260       0x7c src/main.o
                0x00004260                COA_start
 .text.COA_stop
                0x000042dc       0x66 src/main.o
                0x000042dc                COA_stop
 .text.RTC_setPrescaler
                0x00004342       0x34 src/main.o
                0x00004342                RTC_setPrescaler
 .text.TIC_transmit
                0x00004376      0x19a src/main.o
                0x00004376                TIC_transmit
 .text.MC_reset
                0x00004510       0x2a src/main.o
                0x00004510                MC_reset
 .text.EVSYS_SetEventSource
                0x0000453a       0x44 src/main.o
                0x0000453a                EVSYS_SetEventSource
 .text.EVSYS_SetEventChannelFilter
                0x0000457e       0x44 src/main.o
                0x0000457e                EVSYS_SetEventChannelFilter
 .text.main     0x000045c2     0x2b42 src/main.o
                0x000045c2                main
 .text.ioport_configure_pin
                0x00007104       0x74 src/ASF/common/boards/user_board/init.o
 .text.board_init
                0x00007178      0x14a src/ASF/common/boards/user_board/init.o
                0x00007178                board_init
 .text.libgcc.div
                0x000072c2       0x44 c:/program files (x86)/atmel/atmel toolchain/avr8 gcc/native/3.4.2.1002/avr8-gnu-toolchain/bin/../lib/gcc/avr/4.7.2/avrxmega2\libgcc.a(_udivmodsi4.o)
                0x000072c2                __udivmodsi4
 .text.libgcc   0x00007306        0xc c:/program files (x86)/atmel/atmel toolchain/avr8 gcc/native/3.4.2.1002/avr8-gnu-toolchain/bin/../lib/gcc/avr/4.7.2/avrxmega2\libgcc.a(_tablejump.o)
                0x00007306                __tablejump2__
                0x0000730a                __tablejump__
 .text.libgcc.builtins
                0x00007312       0x1e c:/program files (x86)/atmel/atmel toolchain/avr8 gcc/native/3.4.2.1002/avr8-gnu-toolchain/bin/../lib/gcc/avr/4.7.2/avrxmega2\libgcc.a(_ashldi3.o)
                0x00007312                __ashldi3
 .text.libgcc   0x00007330       0x12 c:/program files (x86)/atmel/atmel toolchain/avr8 gcc/native/3.4.2.1002/avr8-gnu-toolchain/bin/../lib/gcc/avr/4.7.2/avrxmega2\libgcc.a(_adddi3.o)
                0x00007330                __adddi3
 .text.libgcc   0x00007342       0x12 c:/program files (x86)/atmel/atmel toolchain/avr8 gcc/native/3.4.2.1002/avr8-gnu-toolchain/bin/../lib/gcc/avr/4.7.2/avrxmega2\libgcc.a(_subdi3.o)
                0x00007342                __subdi3
 .text.libgcc.builtins
                0x00007354        0xe c:/program files (x86)/atmel/atmel toolchain/avr8 gcc/native/3.4.2.1002/avr8-gnu-toolchain/bin/../lib/gcc/avr/4.7.2/avrxmega2\libgcc.a(_clzsi2.o)
                0x00007354                __clzsi2
 .text.libgcc.builtins
                0x00007362       0x24 c:/program files (x86)/atmel/atmel toolchain/avr8 gcc/native/3.4.2.1002/avr8-gnu-toolchain/bin/../lib/gcc/avr/4.7.2/avrxmega2\libgcc.a(_clzhi2.o)
                0x00007362                __clzhi2
 .text.libgcc.prologue
                0x00007386       0x32 c:/program files (x86)/atmel/atmel toolchain/avr8 gcc/native/3.4.2.1002/avr8-gnu-toolchain/bin/../lib/gcc/avr/4.7.2/avrxmega2\libgcc.a(_prologue.o)
                0x00007386                __prologue_saves__
 .text.libgcc.prologue
                0x000073b8       0x30 c:/program files (x86)/atmel/atmel toolchain/avr8 gcc/native/3.4.2.1002/avr8-gnu-toolchain/bin/../lib/gcc/avr/4.7.2/avrxmega2\libgcc.a(_epilogue.o)
                0x000073b8                __epilogue_restores__
 .text.libgcc.builtins
                0x000073e8       0x1e c:/program files (x86)/atmel/atmel toolchain/avr8 gcc/native/3.4.2.1002/avr8-gnu-toolchain/bin/../lib/gcc/avr/4.7.2/avrxmega2\libgcc.a(_lshrdi3.o)
                0x000073e8                __lshrdi3
 .text.libgcc   0x00007406       0x12 c:/program files (x86)/atmel/atmel toolchain/avr8 gcc/native/3.4.2.1002/avr8-gnu-toolchain/bin/../lib/gcc/avr/4.7.2/avrxmega2\libgcc.a(_cmpdi2.o)
                0x00007406                __cmpdi2
                0x00007418                . = ALIGN (0x2)
 *(.fini9)
 .fini9         0x00007418        0x0 c:/program files (x86)/atmel/atmel toolchain/avr8 gcc/native/3.4.2.1002/avr8-gnu-toolchain/bin/../lib/gcc/avr/4.7.2/avrxmega2\libgcc.a(_exit.o)
                0x00007418                _exit
                0x00007418                exit
 *(.fini9)
 *(.fini8)
 *(.fini8)
 *(.fini7)
 *(.fini7)
 *(.fini6)
 *(.fini6)
 *(.fini5)
 *(.fini5)
 *(.fini4)
 *(.fini4)
 *(.fini3)
 *(.fini3)
 *(.fini2)
 *(.fini2)
 *(.fini1)
 *(.fini1)
 *(.fini0)
 .fini0         0x00007418        0x4 c:/program files (x86)/atmel/atmel toolchain/avr8 gcc/native/3.4.2.1002/avr8-gnu-toolchain/bin/../lib/gcc/avr/4.7.2/avrxmega2\libgcc.a(_exit.o)
 *(.fini0)
                0x0000741c                _etext = .

.data           0x00802000       0x1e load address 0x0000741c
                0x00802000                PROVIDE (__data_start, .)
 *(.data)
 .data          0x00802000        0x0 c:/program files (x86)/atmel/atmel toolchain/avr8 gcc/native/3.4.2.1002/avr8-gnu-toolchain/bin/../lib/gcc/avr/4.7.2/../../../../avr/lib/avrxmega2/crtx32a4u.o
 .data          0x00802000        0x0 src/ASF/common/services/clock/xmega/sysclk.o
 .data          0x00802000        0x0 src/ASF/common/services/ioport/xmega/ioport_compat.o
 .data          0x00802000        0x0 src/ASF/common/services/serial/usart_serial.o
 .data          0x00802000        0x0 src/ASF/common/services/sleepmgr/xmega/sleepmgr.o
 .data          0x00802000        0x0 src/ASF/common/services/spi/xmega_spi/spi_master.o
 .data          0x00802000        0x0 src/ASF/xmega/drivers/cpu/ccp.o
 .data          0x00802000        0x0 src/ASF/xmega/drivers/nvm/nvm.o
 .data          0x00802000        0x0 src/ASF/xmega/drivers/nvm/nvm_asm.o
 .data          0x00802000        0x0 src/ASF/xmega/drivers/rtc/rtc.o
 .data          0x00802000        0x0 src/ASF/xmega/drivers/spi/spi.o
 .data          0x00802000        0x0 src/ASF/xmega/drivers/tc/tc.o
 .data          0x00802000        0x0 src/ASF/xmega/drivers/usart/usart.o
 .data          0x00802000        0x0 src/main.o
 .data          0x00802000        0x0 src/ASF/common/boards/user_board/init.o
 .data          0x00802000        0x0 c:/program files (x86)/atmel/atmel toolchain/avr8 gcc/native/3.4.2.1002/avr8-gnu-toolchain/bin/../lib/gcc/avr/4.7.2/avrxmega2\libgcc.a(_udivmodsi4.o)
 .data          0x00802000        0x0 c:/program files (x86)/atmel/atmel toolchain/avr8 gcc/native/3.4.2.1002/avr8-gnu-toolchain/bin/../lib/gcc/avr/4.7.2/avrxmega2\libgcc.a(_exit.o)
 .data          0x00802000        0x0 c:/program files (x86)/atmel/atmel toolchain/avr8 gcc/native/3.4.2.1002/avr8-gnu-toolchain/bin/../lib/gcc/avr/4.7.2/avrxmega2\libgcc.a(_tablejump.o)
 .data          0x00802000        0x0 c:/program files (x86)/atmel/atmel toolchain/avr8 gcc/native/3.4.2.1002/avr8-gnu-toolchain/bin/../lib/gcc/avr/4.7.2/avrxmega2\libgcc.a(_copy_data.o)
 .data          0x00802000        0x0 c:/program files (x86)/atmel/atmel toolchain/avr8 gcc/native/3.4.2.1002/avr8-gnu-toolchain/bin/../lib/gcc/avr/4.7.2/avrxmega2\libgcc.a(_clear_bss.o)
 .data          0x00802000        0x0 c:/program files (x86)/atmel/atmel toolchain/avr8 gcc/native/3.4.2.1002/avr8-gnu-toolchain/bin/../lib/gcc/avr/4.7.2/avrxmega2\libgcc.a(_ashldi3.o)
 .data          0x00802000        0x0 c:/program files (x86)/atmel/atmel toolchain/avr8 gcc/native/3.4.2.1002/avr8-gnu-toolchain/bin/../lib/gcc/avr/4.7.2/avrxmega2\libgcc.a(_adddi3.o)
 .data          0x00802000        0x0 c:/program files (x86)/atmel/atmel toolchain/avr8 gcc/native/3.4.2.1002/avr8-gnu-toolchain/bin/../lib/gcc/avr/4.7.2/avrxmega2\libgcc.a(_subdi3.o)
 .data          0x00802000        0x0 c:/program files (x86)/atmel/atmel toolchain/avr8 gcc/native/3.4.2.1002/avr8-gnu-toolchain/bin/../lib/gcc/avr/4.7.2/avrxmega2\libgcc.a(_fixunssfdi.o)
 .data          0x00802000        0x0 c:/program files (x86)/atmel/atmel toolchain/avr8 gcc/native/3.4.2.1002/avr8-gnu-toolchain/bin/../lib/gcc/avr/4.7.2/avrxmega2\libgcc.a(_floatundisf.o)
 .data          0x00802000        0x0 c:/program files (x86)/atmel/atmel toolchain/avr8 gcc/native/3.4.2.1002/avr8-gnu-toolchain/bin/../lib/gcc/avr/4.7.2/avrxmega2\libgcc.a(_mul_sf.o)
 .data          0x00802000        0x0 c:/program files (x86)/atmel/atmel toolchain/avr8 gcc/native/3.4.2.1002/avr8-gnu-toolchain/bin/../lib/gcc/avr/4.7.2/avrxmega2\libgcc.a(_div_sf.o)
 .data          0x00802000        0x0 c:/program files (x86)/atmel/atmel toolchain/avr8 gcc/native/3.4.2.1002/avr8-gnu-toolchain/bin/../lib/gcc/avr/4.7.2/avrxmega2\libgcc.a(_ge_sf.o)
 .data          0x00802000        0x0 c:/program files (x86)/atmel/atmel toolchain/avr8 gcc/native/3.4.2.1002/avr8-gnu-toolchain/bin/../lib/gcc/avr/4.7.2/avrxmega2\libgcc.a(_lt_sf.o)
 .data          0x00802000        0x0 c:/program files (x86)/atmel/atmel toolchain/avr8 gcc/native/3.4.2.1002/avr8-gnu-toolchain/bin/../lib/gcc/avr/4.7.2/avrxmega2\libgcc.a(_si_to_sf.o)
 .data          0x00802000        0x0 c:/program files (x86)/atmel/atmel toolchain/avr8 gcc/native/3.4.2.1002/avr8-gnu-toolchain/bin/../lib/gcc/avr/4.7.2/avrxmega2\libgcc.a(_thenan_sf.o)
 .data          0x00802000        0x0 c:/program files (x86)/atmel/atmel toolchain/avr8 gcc/native/3.4.2.1002/avr8-gnu-toolchain/bin/../lib/gcc/avr/4.7.2/avrxmega2\libgcc.a(_usi_to_sf.o)
 .data          0x00802000        0x0 c:/program files (x86)/atmel/atmel toolchain/avr8 gcc/native/3.4.2.1002/avr8-gnu-toolchain/bin/../lib/gcc/avr/4.7.2/avrxmega2\libgcc.a(_clzsi2.o)
 .data          0x00802000        0x0 c:/program files (x86)/atmel/atmel toolchain/avr8 gcc/native/3.4.2.1002/avr8-gnu-toolchain/bin/../lib/gcc/avr/4.7.2/avrxmega2\libgcc.a(_clzhi2.o)
 .data          0x00802000        0x0 c:/program files (x86)/atmel/atmel toolchain/avr8 gcc/native/3.4.2.1002/avr8-gnu-toolchain/bin/../lib/gcc/avr/4.7.2/avrxmega2\libgcc.a(_prologue.o)
 .data          0x00802000        0x0 c:/program files (x86)/atmel/atmel toolchain/avr8 gcc/native/3.4.2.1002/avr8-gnu-toolchain/bin/../lib/gcc/avr/4.7.2/avrxmega2\libgcc.a(_epilogue.o)
 .data          0x00802000        0x0 c:/program files (x86)/atmel/atmel toolchain/avr8 gcc/native/3.4.2.1002/avr8-gnu-toolchain/bin/../lib/gcc/avr/4.7.2/avrxmega2\libgcc.a(_lshrdi3.o)
 .data          0x00802000        0x0 c:/program files (x86)/atmel/atmel toolchain/avr8 gcc/native/3.4.2.1002/avr8-gnu-toolchain/bin/../lib/gcc/avr/4.7.2/avrxmega2\libgcc.a(_cmpdi2.o)
 .data          0x00802000        0x0 c:/program files (x86)/atmel/atmel toolchain/avr8 gcc/native/3.4.2.1002/avr8-gnu-toolchain/bin/../lib/gcc/avr/4.7.2/avrxmega2\libgcc.a(_fixunssfsi.o)
 .data          0x00802000        0x0 c:/program files (x86)/atmel/atmel toolchain/avr8 gcc/native/3.4.2.1002/avr8-gnu-toolchain/bin/../lib/gcc/avr/4.7.2/avrxmega2\libgcc.a(_pack_sf.o)
 .data          0x00802000        0x0 c:/program files (x86)/atmel/atmel toolchain/avr8 gcc/native/3.4.2.1002/avr8-gnu-toolchain/bin/../lib/gcc/avr/4.7.2/avrxmega2\libgcc.a(_unpack_sf.o)
 .data          0x00802000        0x0 c:/program files (x86)/atmel/atmel toolchain/avr8 gcc/native/3.4.2.1002/avr8-gnu-toolchain/bin/../lib/gcc/avr/4.7.2/avrxmega2\libgcc.a(_addsub_sf.o)
 .data          0x00802000        0x0 c:/program files (x86)/atmel/atmel toolchain/avr8 gcc/native/3.4.2.1002/avr8-gnu-toolchain/bin/../lib/gcc/avr/4.7.2/avrxmega2\libgcc.a(_fpcmp_parts_sf.o)
 .data          0x00802000        0x0 c:/program files (x86)/atmel/atmel toolchain/avr8 gcc/native/3.4.2.1002/avr8-gnu-toolchain/bin/../lib/gcc/avr/4.7.2/avrxmega2\libgcc.a(_sf_to_si.o)
 .data          0x00802000        0x0 c:/program files (x86)/atmel/atmel toolchain/avr8 gcc/native/3.4.2.1002/avr8-gnu-toolchain/bin/../lib/gcc/avr/4.7.2/../../../../avr/lib/avrxmega2\libc.a(memcpy.o)
 *(.data*)
 .data.MC_version
                0x00802000        0x1 src/main.o
                0x00802000                MC_version
 .data.MC_birthday
                0x00802001        0x4 src/main.o
                0x00802001                MC_birthday
 .data.COA_MeasureTime
                0x00802005        0x2 src/main.o
                0x00802005                COA_MeasureTime
 .data.COA_MeasureDelay
                0x00802007        0x1 src/main.o
                0x00802007                COA_MeasureDelay
 .data.COA_MeasureQuantity
                0x00802008        0x2 src/main.o
                0x00802008                COA_MeasureQuantity
 .data.USART_COMP_OPTIONS
                0x0080200a        0x9 src/main.o
 .data.DAC      0x00802013        0x1 src/main.o
                0x00802013                DAC
 .data.ADC      0x00802014        0x1 src/main.o
                0x00802014                ADC
 *(.rodata)
 .rodata        0x00802015        0x8 c:/program files (x86)/atmel/atmel toolchain/avr8 gcc/native/3.4.2.1002/avr8-gnu-toolchain/bin/../lib/gcc/avr/4.7.2/avrxmega2\libgcc.a(_thenan_sf.o)
                0x00802015                __thenan_sf
 *(.rodata*)
 *(.gnu.linkonce.d*)
                0x0080201e                . = ALIGN (0x2)
 *fill*         0x0080201d        0x1 
                0x0080201e                _edata = .
                0x0080201e                PROVIDE (__data_end, .)

.bss            0x0080201e       0x5e
                0x0080201e                PROVIDE (__bss_start, .)
 *(.bss)
 *(.bss*)
 .bss.tc_tcc0_ovf_callback
                0x0080201e        0x2 src/ASF/xmega/drivers/tc/tc.o
 .bss.tc_tcc0_err_callback
                0x00802020        0x2 src/ASF/xmega/drivers/tc/tc.o
 .bss.tc_tcc0_cca_callback
                0x00802022        0x2 src/ASF/xmega/drivers/tc/tc.o
 .bss.tc_tcc0_ccb_callback
                0x00802024        0x2 src/ASF/xmega/drivers/tc/tc.o
 .bss.tc_tcc0_ccc_callback
                0x00802026        0x2 src/ASF/xmega/drivers/tc/tc.o
 .bss.tc_tcc0_ccd_callback
                0x00802028        0x2 src/ASF/xmega/drivers/tc/tc.o
 .bss.tc_tcc1_ovf_callback
                0x0080202a        0x2 src/ASF/xmega/drivers/tc/tc.o
 .bss.tc_tcc1_err_callback
                0x0080202c        0x2 src/ASF/xmega/drivers/tc/tc.o
 .bss.tc_tcc1_cca_callback
                0x0080202e        0x2 src/ASF/xmega/drivers/tc/tc.o
 .bss.tc_tcc1_ccb_callback
                0x00802030        0x2 src/ASF/xmega/drivers/tc/tc.o
 .bss.tc_tcd0_ovf_callback
                0x00802032        0x2 src/ASF/xmega/drivers/tc/tc.o
 .bss.tc_tcd0_err_callback
                0x00802034        0x2 src/ASF/xmega/drivers/tc/tc.o
 .bss.tc_tcd0_cca_callback
                0x00802036        0x2 src/ASF/xmega/drivers/tc/tc.o
 .bss.tc_tcd0_ccb_callback
                0x00802038        0x2 src/ASF/xmega/drivers/tc/tc.o
 .bss.tc_tcd0_ccc_callback
                0x0080203a        0x2 src/ASF/xmega/drivers/tc/tc.o
 .bss.tc_tcd0_ccd_callback
                0x0080203c        0x2 src/ASF/xmega/drivers/tc/tc.o
 .bss.tc_tcd1_ovf_callback
                0x0080203e        0x2 src/ASF/xmega/drivers/tc/tc.o
 .bss.tc_tcd1_err_callback
                0x00802040        0x2 src/ASF/xmega/drivers/tc/tc.o
 .bss.tc_tcd1_cca_callback
                0x00802042        0x2 src/ASF/xmega/drivers/tc/tc.o
 .bss.tc_tcd1_ccb_callback
                0x00802044        0x2 src/ASF/xmega/drivers/tc/tc.o
 .bss.tc_tce0_ovf_callback
                0x00802046        0x2 src/ASF/xmega/drivers/tc/tc.o
 .bss.tc_tce0_err_callback
                0x00802048        0x2 src/ASF/xmega/drivers/tc/tc.o
 .bss.tc_tce0_cca_callback
                0x0080204a        0x2 src/ASF/xmega/drivers/tc/tc.o
 .bss.tc_tce0_ccb_callback
                0x0080204c        0x2 src/ASF/xmega/drivers/tc/tc.o
 .bss.tc_tce0_ccc_callback
                0x0080204e        0x2 src/ASF/xmega/drivers/tc/tc.o
 .bss.tc_tce0_ccd_callback
                0x00802050        0x2 src/ASF/xmega/drivers/tc/tc.o
 .bss.MC_status
                0x00802052        0x1 src/main.o
                0x00802052                MC_status
 .bss.MC_error  0x00802053        0x1 src/main.o
                0x00802053                MC_error
 .bss.USART_rDATA
                0x00802054        0x1 src/main.o
                0x00802054                USART_rDATA
 .bss.USART_recieving
                0x00802055        0x1 src/main.o
                0x00802055                USART_recieving
 .bss.USART_MEM
                0x00802056        0xa src/main.o
                0x00802056                USART_MEM
 .bss.USART_MEM_length
                0x00802060        0x1 src/main.o
                0x00802060                USART_MEM_length
 .bss.SPI_rDATA
                0x00802061        0x2 src/main.o
                0x00802061                SPI_rDATA
 .bss.COA_Measurments
                0x00802063        0x8 src/main.o
                0x00802063                COA_Measurments
 .bss.COA_Status
                0x0080206b        0x1 src/main.o
                0x0080206b                COA_Status
 .bss.RTC_Status
                0x0080206c        0x1 src/main.o
                0x0080206c                RTC_Status
 .bss.RTC_prescaler
                0x0080206d        0x1 src/main.o
                0x0080206d                RTC_prescaler
 *(COMMON)
 COMMON         0x0080206e        0x6 src/ASF/common/services/sleepmgr/xmega/sleepmgr.o
                0x0080206e                sleepmgr_locks
 COMMON         0x00802074        0x8 src/ASF/xmega/drivers/rtc/rtc.o
                0x00802074                rtc_data
                0x0080207c                PROVIDE (__bss_end, .)
                0x0000741c                __data_load_start = LOADADDR (.data)
                0x0000743a                __data_load_end = (__data_load_start + SIZEOF (.data))

.noinit         0x0080207c        0x0
                0x0080207c                PROVIDE (__noinit_start, .)
 *(.noinit*)
                0x0080207c                PROVIDE (__noinit_end, .)
                0x0080207c                _end = .
                0x0080207c                PROVIDE (__heap_start, .)

.eeprom         0x00810000        0x0
 *(.eeprom*)
                0x00810000                __eeprom_end = .

.fuse
 *(.fuse)
 *(.lfuse)
 *(.hfuse)
 *(.efuse)

.lock
 *(.lock*)

.signature
 *(.signature*)

.user_signatures
 *(.user_signatures*)

.stab           0x00000000      0x750
 *(.stab)
 .stab          0x00000000      0x6cc c:/program files (x86)/atmel/atmel toolchain/avr8 gcc/native/3.4.2.1002/avr8-gnu-toolchain/bin/../lib/gcc/avr/4.7.2/../../../../avr/lib/avrxmega2/crtx32a4u.o
 .stab          0x000006cc       0x84 c:/program files (x86)/atmel/atmel toolchain/avr8 gcc/native/3.4.2.1002/avr8-gnu-toolchain/bin/../lib/gcc/avr/4.7.2/../../../../avr/lib/avrxmega2\libc.a(memcpy.o)
                                 0x90 (size before relaxing)

.stabstr        0x00000000      0x10b
 *(.stabstr)
 .stabstr       0x00000000      0x10b c:/program files (x86)/atmel/atmel toolchain/avr8 gcc/native/3.4.2.1002/avr8-gnu-toolchain/bin/../lib/gcc/avr/4.7.2/../../../../avr/lib/avrxmega2/crtx32a4u.o

.stab.excl
 *(.stab.excl)

.stab.exclstr
 *(.stab.exclstr)

.stab.index
 *(.stab.index)

.stab.indexstr
 *(.stab.indexstr)

.comment        0x00000000       0x2f
 *(.comment)
 .comment       0x00000000       0x2f src/ASF/common/services/clock/xmega/sysclk.o
                                 0x30 (size before relaxing)
 .comment       0x00000000       0x30 src/ASF/common/services/ioport/xmega/ioport_compat.o
 .comment       0x00000000       0x30 src/ASF/common/services/serial/usart_serial.o
 .comment       0x00000000       0x30 src/ASF/common/services/sleepmgr/xmega/sleepmgr.o
 .comment       0x00000000       0x30 src/ASF/common/services/spi/xmega_spi/spi_master.o
 .comment       0x00000000       0x30 src/ASF/xmega/drivers/nvm/nvm.o
 .comment       0x00000000       0x30 src/ASF/xmega/drivers/rtc/rtc.o
 .comment       0x00000000       0x30 src/ASF/xmega/drivers/spi/spi.o
 .comment       0x00000000       0x30 src/ASF/xmega/drivers/tc/tc.o
 .comment       0x00000000       0x30 src/ASF/xmega/drivers/usart/usart.o
 .comment       0x00000000       0x30 src/main.o
 .comment       0x00000000       0x30 src/ASF/common/boards/user_board/init.o
 .comment       0x00000000       0x30 c:/program files (x86)/atmel/atmel toolchain/avr8 gcc/native/3.4.2.1002/avr8-gnu-toolchain/bin/../lib/gcc/avr/4.7.2/avrxmega2\libgcc.a(_fixunssfdi.o)
 .comment       0x00000000       0x30 c:/program files (x86)/atmel/atmel toolchain/avr8 gcc/native/3.4.2.1002/avr8-gnu-toolchain/bin/../lib/gcc/avr/4.7.2/avrxmega2\libgcc.a(_floatundisf.o)
 .comment       0x00000000       0x30 c:/program files (x86)/atmel/atmel toolchain/avr8 gcc/native/3.4.2.1002/avr8-gnu-toolchain/bin/../lib/gcc/avr/4.7.2/avrxmega2\libgcc.a(_mul_sf.o)
 .comment       0x00000000       0x30 c:/program files (x86)/atmel/atmel toolchain/avr8 gcc/native/3.4.2.1002/avr8-gnu-toolchain/bin/../lib/gcc/avr/4.7.2/avrxmega2\libgcc.a(_div_sf.o)
 .comment       0x00000000       0x30 c:/program files (x86)/atmel/atmel toolchain/avr8 gcc/native/3.4.2.1002/avr8-gnu-toolchain/bin/../lib/gcc/avr/4.7.2/avrxmega2\libgcc.a(_ge_sf.o)
 .comment       0x00000000       0x30 c:/program files (x86)/atmel/atmel toolchain/avr8 gcc/native/3.4.2.1002/avr8-gnu-toolchain/bin/../lib/gcc/avr/4.7.2/avrxmega2\libgcc.a(_lt_sf.o)
 .comment       0x00000000       0x30 c:/program files (x86)/atmel/atmel toolchain/avr8 gcc/native/3.4.2.1002/avr8-gnu-toolchain/bin/../lib/gcc/avr/4.7.2/avrxmega2\libgcc.a(_si_to_sf.o)
 .comment       0x00000000       0x30 c:/program files (x86)/atmel/atmel toolchain/avr8 gcc/native/3.4.2.1002/avr8-gnu-toolchain/bin/../lib/gcc/avr/4.7.2/avrxmega2\libgcc.a(_thenan_sf.o)
 .comment       0x00000000       0x30 c:/program files (x86)/atmel/atmel toolchain/avr8 gcc/native/3.4.2.1002/avr8-gnu-toolchain/bin/../lib/gcc/avr/4.7.2/avrxmega2\libgcc.a(_usi_to_sf.o)
 .comment       0x00000000       0x30 c:/program files (x86)/atmel/atmel toolchain/avr8 gcc/native/3.4.2.1002/avr8-gnu-toolchain/bin/../lib/gcc/avr/4.7.2/avrxmega2\libgcc.a(_fixunssfsi.o)
 .comment       0x00000000       0x30 c:/program files (x86)/atmel/atmel toolchain/avr8 gcc/native/3.4.2.1002/avr8-gnu-toolchain/bin/../lib/gcc/avr/4.7.2/avrxmega2\libgcc.a(_pack_sf.o)
 .comment       0x00000000       0x30 c:/program files (x86)/atmel/atmel toolchain/avr8 gcc/native/3.4.2.1002/avr8-gnu-toolchain/bin/../lib/gcc/avr/4.7.2/avrxmega2\libgcc.a(_unpack_sf.o)
 .comment       0x00000000       0x30 c:/program files (x86)/atmel/atmel toolchain/avr8 gcc/native/3.4.2.1002/avr8-gnu-toolchain/bin/../lib/gcc/avr/4.7.2/avrxmega2\libgcc.a(_addsub_sf.o)
 .comment       0x00000000       0x30 c:/program files (x86)/atmel/atmel toolchain/avr8 gcc/native/3.4.2.1002/avr8-gnu-toolchain/bin/../lib/gcc/avr/4.7.2/avrxmega2\libgcc.a(_fpcmp_parts_sf.o)
 .comment       0x00000000       0x30 c:/program files (x86)/atmel/atmel toolchain/avr8 gcc/native/3.4.2.1002/avr8-gnu-toolchain/bin/../lib/gcc/avr/4.7.2/avrxmega2\libgcc.a(_sf_to_si.o)

.debug
 *(.debug)

.line
 *(.line)

.debug_srcinfo
 *(.debug_srcinfo)

.debug_sfnames
 *(.debug_sfnames)

.debug_aranges  0x00000000      0x980
 *(.debug_aranges)
 .debug_aranges
                0x00000000       0x88 src/ASF/common/services/clock/xmega/sysclk.o
 .debug_aranges
                0x00000088       0x20 src/ASF/common/services/ioport/xmega/ioport_compat.o
 .debug_aranges
                0x000000a8       0x38 src/ASF/common/services/serial/usart_serial.o
 .debug_aranges
                0x000000e0       0x18 src/ASF/common/services/sleepmgr/xmega/sleepmgr.o
 .debug_aranges
                0x000000f8       0xb0 src/ASF/common/services/spi/xmega_spi/spi_master.o
 .debug_aranges
                0x000001a8       0x20 src/ASF/xmega/drivers/cpu/ccp.o
 .debug_aranges
                0x000001c8      0x128 src/ASF/xmega/drivers/nvm/nvm.o
 .debug_aranges
                0x000002f0       0x28 src/ASF/xmega/drivers/nvm/nvm_asm.o
 .debug_aranges
                0x00000318       0x68 src/ASF/xmega/drivers/rtc/rtc.o
 .debug_aranges
                0x00000380       0x20 src/ASF/xmega/drivers/spi/spi.o
 .debug_aranges
                0x000003a0      0x148 src/ASF/xmega/drivers/tc/tc.o
 .debug_aranges
                0x000004e8       0xd8 src/ASF/xmega/drivers/usart/usart.o
 .debug_aranges
                0x000005c0      0x1c0 src/main.o
 .debug_aranges
                0x00000780       0x28 src/ASF/common/boards/user_board/init.o
 .debug_aranges
                0x000007a8       0x20 c:/program files (x86)/atmel/atmel toolchain/avr8 gcc/native/3.4.2.1002/avr8-gnu-toolchain/bin/../lib/gcc/avr/4.7.2/avrxmega2\libgcc.a(_fixunssfdi.o)
 .debug_aranges
                0x000007c8       0x20 c:/program files (x86)/atmel/atmel toolchain/avr8 gcc/native/3.4.2.1002/avr8-gnu-toolchain/bin/../lib/gcc/avr/4.7.2/avrxmega2\libgcc.a(_floatundisf.o)
 .debug_aranges
                0x000007e8       0x20 c:/program files (x86)/atmel/atmel toolchain/avr8 gcc/native/3.4.2.1002/avr8-gnu-toolchain/bin/../lib/gcc/avr/4.7.2/avrxmega2\libgcc.a(_mul_sf.o)
 .debug_aranges
                0x00000808       0x20 c:/program files (x86)/atmel/atmel toolchain/avr8 gcc/native/3.4.2.1002/avr8-gnu-toolchain/bin/../lib/gcc/avr/4.7.2/avrxmega2\libgcc.a(_div_sf.o)
 .debug_aranges
                0x00000828       0x20 c:/program files (x86)/atmel/atmel toolchain/avr8 gcc/native/3.4.2.1002/avr8-gnu-toolchain/bin/../lib/gcc/avr/4.7.2/avrxmega2\libgcc.a(_ge_sf.o)
 .debug_aranges
                0x00000848       0x20 c:/program files (x86)/atmel/atmel toolchain/avr8 gcc/native/3.4.2.1002/avr8-gnu-toolchain/bin/../lib/gcc/avr/4.7.2/avrxmega2\libgcc.a(_lt_sf.o)
 .debug_aranges
                0x00000868       0x20 c:/program files (x86)/atmel/atmel toolchain/avr8 gcc/native/3.4.2.1002/avr8-gnu-toolchain/bin/../lib/gcc/avr/4.7.2/avrxmega2\libgcc.a(_si_to_sf.o)
 .debug_aranges
                0x00000888       0x18 c:/program files (x86)/atmel/atmel toolchain/avr8 gcc/native/3.4.2.1002/avr8-gnu-toolchain/bin/../lib/gcc/avr/4.7.2/avrxmega2\libgcc.a(_thenan_sf.o)
 .debug_aranges
                0x000008a0       0x20 c:/program files (x86)/atmel/atmel toolchain/avr8 gcc/native/3.4.2.1002/avr8-gnu-toolchain/bin/../lib/gcc/avr/4.7.2/avrxmega2\libgcc.a(_usi_to_sf.o)
 .debug_aranges
                0x000008c0       0x20 c:/program files (x86)/atmel/atmel toolchain/avr8 gcc/native/3.4.2.1002/avr8-gnu-toolchain/bin/../lib/gcc/avr/4.7.2/avrxmega2\libgcc.a(_fixunssfsi.o)
 .debug_aranges
                0x000008e0       0x20 c:/program files (x86)/atmel/atmel toolchain/avr8 gcc/native/3.4.2.1002/avr8-gnu-toolchain/bin/../lib/gcc/avr/4.7.2/avrxmega2\libgcc.a(_pack_sf.o)
 .debug_aranges
                0x00000900       0x20 c:/program files (x86)/atmel/atmel toolchain/avr8 gcc/native/3.4.2.1002/avr8-gnu-toolchain/bin/../lib/gcc/avr/4.7.2/avrxmega2\libgcc.a(_unpack_sf.o)
 .debug_aranges
                0x00000920       0x20 c:/program files (x86)/atmel/atmel toolchain/avr8 gcc/native/3.4.2.1002/avr8-gnu-toolchain/bin/../lib/gcc/avr/4.7.2/avrxmega2\libgcc.a(_addsub_sf.o)
 .debug_aranges
                0x00000940       0x20 c:/program files (x86)/atmel/atmel toolchain/avr8 gcc/native/3.4.2.1002/avr8-gnu-toolchain/bin/../lib/gcc/avr/4.7.2/avrxmega2\libgcc.a(_fpcmp_parts_sf.o)
 .debug_aranges
                0x00000960       0x20 c:/program files (x86)/atmel/atmel toolchain/avr8 gcc/native/3.4.2.1002/avr8-gnu-toolchain/bin/../lib/gcc/avr/4.7.2/avrxmega2\libgcc.a(_sf_to_si.o)

.debug_pubnames
 *(.debug_pubnames)

.debug_info     0x00000000     0xbba0
 *(.debug_info)
 .debug_info    0x00000000      0x600 src/ASF/common/services/clock/xmega/sysclk.o
 .debug_info    0x00000600      0x115 src/ASF/common/services/ioport/xmega/ioport_compat.o
 .debug_info    0x00000715      0x33e src/ASF/common/services/serial/usart_serial.o
 .debug_info    0x00000a53      0x121 src/ASF/common/services/sleepmgr/xmega/sleepmgr.o
 .debug_info    0x00000b74      0xa62 src/ASF/common/services/spi/xmega_spi/spi_master.o
 .debug_info    0x000015d6       0xb1 src/ASF/xmega/drivers/cpu/ccp.o
 .debug_info    0x00001687      0xb62 src/ASF/xmega/drivers/nvm/nvm.o
 .debug_info    0x000021e9       0xb1 src/ASF/xmega/drivers/nvm/nvm_asm.o
 .debug_info    0x0000229a      0x628 src/ASF/xmega/drivers/rtc/rtc.o
 .debug_info    0x000028c2      0x1a1 src/ASF/xmega/drivers/spi/spi.o
 .debug_info    0x00002a63     0x1350 src/ASF/xmega/drivers/tc/tc.o
 .debug_info    0x00003db3     0x2838 src/ASF/xmega/drivers/usart/usart.o
 .debug_info    0x000065eb     0x298e src/main.o
 .debug_info    0x00008f79      0x4b6 src/ASF/common/boards/user_board/init.o
 .debug_info    0x0000942f      0x119 c:/program files (x86)/atmel/atmel toolchain/avr8 gcc/native/3.4.2.1002/avr8-gnu-toolchain/bin/../lib/gcc/avr/4.7.2/avrxmega2\libgcc.a(_fixunssfdi.o)
 .debug_info    0x00009548      0x114 c:/program files (x86)/atmel/atmel toolchain/avr8 gcc/native/3.4.2.1002/avr8-gnu-toolchain/bin/../lib/gcc/avr/4.7.2/avrxmega2\libgcc.a(_floatundisf.o)
 .debug_info    0x0000965c      0x47c c:/program files (x86)/atmel/atmel toolchain/avr8 gcc/native/3.4.2.1002/avr8-gnu-toolchain/bin/../lib/gcc/avr/4.7.2/avrxmega2\libgcc.a(_mul_sf.o)
 .debug_info    0x00009ad8      0x403 c:/program files (x86)/atmel/atmel toolchain/avr8 gcc/native/3.4.2.1002/avr8-gnu-toolchain/bin/../lib/gcc/avr/4.7.2/avrxmega2\libgcc.a(_div_sf.o)
 .debug_info    0x00009edb      0x32d c:/program files (x86)/atmel/atmel toolchain/avr8 gcc/native/3.4.2.1002/avr8-gnu-toolchain/bin/../lib/gcc/avr/4.7.2/avrxmega2\libgcc.a(_ge_sf.o)
 .debug_info    0x0000a208      0x32d c:/program files (x86)/atmel/atmel toolchain/avr8 gcc/native/3.4.2.1002/avr8-gnu-toolchain/bin/../lib/gcc/avr/4.7.2/avrxmega2\libgcc.a(_lt_sf.o)
 .debug_info    0x0000a535      0x261 c:/program files (x86)/atmel/atmel toolchain/avr8 gcc/native/3.4.2.1002/avr8-gnu-toolchain/bin/../lib/gcc/avr/4.7.2/avrxmega2\libgcc.a(_si_to_sf.o)
 .debug_info    0x0000a796      0x150 c:/program files (x86)/atmel/atmel toolchain/avr8 gcc/native/3.4.2.1002/avr8-gnu-toolchain/bin/../lib/gcc/avr/4.7.2/avrxmega2\libgcc.a(_thenan_sf.o)
 .debug_info    0x0000a8e6      0x264 c:/program files (x86)/atmel/atmel toolchain/avr8 gcc/native/3.4.2.1002/avr8-gnu-toolchain/bin/../lib/gcc/avr/4.7.2/avrxmega2\libgcc.a(_usi_to_sf.o)
 .debug_info    0x0000ab4a       0xbe c:/program files (x86)/atmel/atmel toolchain/avr8 gcc/native/3.4.2.1002/avr8-gnu-toolchain/bin/../lib/gcc/avr/4.7.2/avrxmega2\libgcc.a(_fixunssfsi.o)
 .debug_info    0x0000ac08      0x2d2 c:/program files (x86)/atmel/atmel toolchain/avr8 gcc/native/3.4.2.1002/avr8-gnu-toolchain/bin/../lib/gcc/avr/4.7.2/avrxmega2\libgcc.a(_pack_sf.o)
 .debug_info    0x0000aeda      0x268 c:/program files (x86)/atmel/atmel toolchain/avr8 gcc/native/3.4.2.1002/avr8-gnu-toolchain/bin/../lib/gcc/avr/4.7.2/avrxmega2\libgcc.a(_unpack_sf.o)
 .debug_info    0x0000b142      0x589 c:/program files (x86)/atmel/atmel toolchain/avr8 gcc/native/3.4.2.1002/avr8-gnu-toolchain/bin/../lib/gcc/avr/4.7.2/avrxmega2\libgcc.a(_addsub_sf.o)
 .debug_info    0x0000b6cb      0x1ef c:/program files (x86)/atmel/atmel toolchain/avr8 gcc/native/3.4.2.1002/avr8-gnu-toolchain/bin/../lib/gcc/avr/4.7.2/avrxmega2\libgcc.a(_fpcmp_parts_sf.o)
 .debug_info    0x0000b8ba      0x2e6 c:/program files (x86)/atmel/atmel toolchain/avr8 gcc/native/3.4.2.1002/avr8-gnu-toolchain/bin/../lib/gcc/avr/4.7.2/avrxmega2\libgcc.a(_sf_to_si.o)
 *(.gnu.linkonce.wi.*)

.debug_abbrev   0x00000000     0x2d62
 *(.debug_abbrev)
 .debug_abbrev  0x00000000      0x1dc src/ASF/common/services/clock/xmega/sysclk.o
 .debug_abbrev  0x000001dc       0x93 src/ASF/common/services/ioport/xmega/ioport_compat.o
 .debug_abbrev  0x0000026f      0x132 src/ASF/common/services/serial/usart_serial.o
 .debug_abbrev  0x000003a1       0x80 src/ASF/common/services/sleepmgr/xmega/sleepmgr.o
 .debug_abbrev  0x00000421      0x294 src/ASF/common/services/spi/xmega_spi/spi_master.o
 .debug_abbrev  0x000006b5       0x14 src/ASF/xmega/drivers/cpu/ccp.o
 .debug_abbrev  0x000006c9      0x2e0 src/ASF/xmega/drivers/nvm/nvm.o
 .debug_abbrev  0x000009a9       0x12 src/ASF/xmega/drivers/nvm/nvm_asm.o
 .debug_abbrev  0x000009bb      0x264 src/ASF/xmega/drivers/rtc/rtc.o
 .debug_abbrev  0x00000c1f       0xd8 src/ASF/xmega/drivers/spi/spi.o
 .debug_abbrev  0x00000cf7      0x206 src/ASF/xmega/drivers/tc/tc.o
 .debug_abbrev  0x00000efd      0x3a7 src/ASF/xmega/drivers/usart/usart.o
 .debug_abbrev  0x000012a4      0x47e src/main.o
 .debug_abbrev  0x00001722      0x18f src/ASF/common/boards/user_board/init.o
 .debug_abbrev  0x000018b1       0x85 c:/program files (x86)/atmel/atmel toolchain/avr8 gcc/native/3.4.2.1002/avr8-gnu-toolchain/bin/../lib/gcc/avr/4.7.2/avrxmega2\libgcc.a(_fixunssfdi.o)
 .debug_abbrev  0x00001936       0x7e c:/program files (x86)/atmel/atmel toolchain/avr8 gcc/native/3.4.2.1002/avr8-gnu-toolchain/bin/../lib/gcc/avr/4.7.2/avrxmega2\libgcc.a(_floatundisf.o)
 .debug_abbrev  0x000019b4      0x228 c:/program files (x86)/atmel/atmel toolchain/avr8 gcc/native/3.4.2.1002/avr8-gnu-toolchain/bin/../lib/gcc/avr/4.7.2/avrxmega2\libgcc.a(_mul_sf.o)
 .debug_abbrev  0x00001bdc      0x21a c:/program files (x86)/atmel/atmel toolchain/avr8 gcc/native/3.4.2.1002/avr8-gnu-toolchain/bin/../lib/gcc/avr/4.7.2/avrxmega2\libgcc.a(_div_sf.o)
 .debug_abbrev  0x00001df6      0x1a5 c:/program files (x86)/atmel/atmel toolchain/avr8 gcc/native/3.4.2.1002/avr8-gnu-toolchain/bin/../lib/gcc/avr/4.7.2/avrxmega2\libgcc.a(_ge_sf.o)
 .debug_abbrev  0x00001f9b      0x1a5 c:/program files (x86)/atmel/atmel toolchain/avr8 gcc/native/3.4.2.1002/avr8-gnu-toolchain/bin/../lib/gcc/avr/4.7.2/avrxmega2\libgcc.a(_lt_sf.o)
 .debug_abbrev  0x00002140      0x19c c:/program files (x86)/atmel/atmel toolchain/avr8 gcc/native/3.4.2.1002/avr8-gnu-toolchain/bin/../lib/gcc/avr/4.7.2/avrxmega2\libgcc.a(_si_to_sf.o)
 .debug_abbrev  0x000022dc       0xb6 c:/program files (x86)/atmel/atmel toolchain/avr8 gcc/native/3.4.2.1002/avr8-gnu-toolchain/bin/../lib/gcc/avr/4.7.2/avrxmega2\libgcc.a(_thenan_sf.o)
 .debug_abbrev  0x00002392      0x1b6 c:/program files (x86)/atmel/atmel toolchain/avr8 gcc/native/3.4.2.1002/avr8-gnu-toolchain/bin/../lib/gcc/avr/4.7.2/avrxmega2\libgcc.a(_usi_to_sf.o)
 .debug_abbrev  0x00002548       0x60 c:/program files (x86)/atmel/atmel toolchain/avr8 gcc/native/3.4.2.1002/avr8-gnu-toolchain/bin/../lib/gcc/avr/4.7.2/avrxmega2\libgcc.a(_fixunssfsi.o)
 .debug_abbrev  0x000025a8      0x195 c:/program files (x86)/atmel/atmel toolchain/avr8 gcc/native/3.4.2.1002/avr8-gnu-toolchain/bin/../lib/gcc/avr/4.7.2/avrxmega2\libgcc.a(_pack_sf.o)
 .debug_abbrev  0x0000273d      0x15f c:/program files (x86)/atmel/atmel toolchain/avr8 gcc/native/3.4.2.1002/avr8-gnu-toolchain/bin/../lib/gcc/avr/4.7.2/avrxmega2\libgcc.a(_unpack_sf.o)
 .debug_abbrev  0x0000289c      0x215 c:/program files (x86)/atmel/atmel toolchain/avr8 gcc/native/3.4.2.1002/avr8-gnu-toolchain/bin/../lib/gcc/avr/4.7.2/avrxmega2\libgcc.a(_addsub_sf.o)
 .debug_abbrev  0x00002ab1      0x11d c:/program files (x86)/atmel/atmel toolchain/avr8 gcc/native/3.4.2.1002/avr8-gnu-toolchain/bin/../lib/gcc/avr/4.7.2/avrxmega2\libgcc.a(_fpcmp_parts_sf.o)
 .debug_abbrev  0x00002bce      0x194 c:/program files (x86)/atmel/atmel toolchain/avr8 gcc/native/3.4.2.1002/avr8-gnu-toolchain/bin/../lib/gcc/avr/4.7.2/avrxmega2\libgcc.a(_sf_to_si.o)

.debug_line     0x00000000     0x84bf
 *(.debug_line)
 .debug_line    0x00000000      0x7cb src/ASF/common/services/clock/xmega/sysclk.o
 .debug_line    0x000007cb      0x4e1 src/ASF/common/services/ioport/xmega/ioport_compat.o
 .debug_line    0x00000cac      0x694 src/ASF/common/services/serial/usart_serial.o
 .debug_line    0x00001340      0x47c src/ASF/common/services/sleepmgr/xmega/sleepmgr.o
 .debug_line    0x000017bc      0x97e src/ASF/common/services/spi/xmega_spi/spi_master.o
 .debug_line    0x0000213a       0x6e src/ASF/xmega/drivers/cpu/ccp.o
 .debug_line    0x000021a8      0xc17 src/ASF/xmega/drivers/nvm/nvm.o
 .debug_line    0x00002dbf      0x11f src/ASF/xmega/drivers/nvm/nvm_asm.o
 .debug_line    0x00002ede      0x932 src/ASF/xmega/drivers/rtc/rtc.o
 .debug_line    0x00003810      0x523 src/ASF/xmega/drivers/spi/spi.o
 .debug_line    0x00003d33      0xd4a src/ASF/xmega/drivers/tc/tc.o
 .debug_line    0x00004a7d      0xd9b src/ASF/xmega/drivers/usart/usart.o
 .debug_line    0x00005818     0x16d1 src/main.o
 .debug_line    0x00006ee9      0xa0a src/ASF/common/boards/user_board/init.o
 .debug_line    0x000078f3       0xb3 c:/program files (x86)/atmel/atmel toolchain/avr8 gcc/native/3.4.2.1002/avr8-gnu-toolchain/bin/../lib/gcc/avr/4.7.2/avrxmega2\libgcc.a(_fixunssfdi.o)
 .debug_line    0x000079a6       0xac c:/program files (x86)/atmel/atmel toolchain/avr8 gcc/native/3.4.2.1002/avr8-gnu-toolchain/bin/../lib/gcc/avr/4.7.2/avrxmega2\libgcc.a(_floatundisf.o)
 .debug_line    0x00007a52       0xfd c:/program files (x86)/atmel/atmel toolchain/avr8 gcc/native/3.4.2.1002/avr8-gnu-toolchain/bin/../lib/gcc/avr/4.7.2/avrxmega2\libgcc.a(_mul_sf.o)
 .debug_line    0x00007b4f       0xdd c:/program files (x86)/atmel/atmel toolchain/avr8 gcc/native/3.4.2.1002/avr8-gnu-toolchain/bin/../lib/gcc/avr/4.7.2/avrxmega2\libgcc.a(_div_sf.o)
 .debug_line    0x00007c2c      0x10b c:/program files (x86)/atmel/atmel toolchain/avr8 gcc/native/3.4.2.1002/avr8-gnu-toolchain/bin/../lib/gcc/avr/4.7.2/avrxmega2\libgcc.a(_ge_sf.o)
 .debug_line    0x00007d37      0x10b c:/program files (x86)/atmel/atmel toolchain/avr8 gcc/native/3.4.2.1002/avr8-gnu-toolchain/bin/../lib/gcc/avr/4.7.2/avrxmega2\libgcc.a(_lt_sf.o)
 .debug_line    0x00007e42       0xaf c:/program files (x86)/atmel/atmel toolchain/avr8 gcc/native/3.4.2.1002/avr8-gnu-toolchain/bin/../lib/gcc/avr/4.7.2/avrxmega2\libgcc.a(_si_to_sf.o)
 .debug_line    0x00007ef1       0x83 c:/program files (x86)/atmel/atmel toolchain/avr8 gcc/native/3.4.2.1002/avr8-gnu-toolchain/bin/../lib/gcc/avr/4.7.2/avrxmega2\libgcc.a(_thenan_sf.o)
 .debug_line    0x00007f74       0xb1 c:/program files (x86)/atmel/atmel toolchain/avr8 gcc/native/3.4.2.1002/avr8-gnu-toolchain/bin/../lib/gcc/avr/4.7.2/avrxmega2\libgcc.a(_usi_to_sf.o)
 .debug_line    0x00008025       0x99 c:/program files (x86)/atmel/atmel toolchain/avr8 gcc/native/3.4.2.1002/avr8-gnu-toolchain/bin/../lib/gcc/avr/4.7.2/avrxmega2\libgcc.a(_fixunssfsi.o)
 .debug_line    0x000080be       0xd4 c:/program files (x86)/atmel/atmel toolchain/avr8 gcc/native/3.4.2.1002/avr8-gnu-toolchain/bin/../lib/gcc/avr/4.7.2/avrxmega2\libgcc.a(_pack_sf.o)
 .debug_line    0x00008192       0xb7 c:/program files (x86)/atmel/atmel toolchain/avr8 gcc/native/3.4.2.1002/avr8-gnu-toolchain/bin/../lib/gcc/avr/4.7.2/avrxmega2\libgcc.a(_unpack_sf.o)
 .debug_line    0x00008249       0xfc c:/program files (x86)/atmel/atmel toolchain/avr8 gcc/native/3.4.2.1002/avr8-gnu-toolchain/bin/../lib/gcc/avr/4.7.2/avrxmega2\libgcc.a(_addsub_sf.o)
 .debug_line    0x00008345       0xcf c:/program files (x86)/atmel/atmel toolchain/avr8 gcc/native/3.4.2.1002/avr8-gnu-toolchain/bin/../lib/gcc/avr/4.7.2/avrxmega2\libgcc.a(_fpcmp_parts_sf.o)
 .debug_line    0x00008414       0xab c:/program files (x86)/atmel/atmel toolchain/avr8 gcc/native/3.4.2.1002/avr8-gnu-toolchain/bin/../lib/gcc/avr/4.7.2/avrxmega2\libgcc.a(_sf_to_si.o)

.debug_frame    0x00000000     0x26d0
 *(.debug_frame)
 .debug_frame   0x00000000      0x1d4 src/ASF/common/services/clock/xmega/sysclk.o
 .debug_frame   0x000001d4       0x34 src/ASF/common/services/ioport/xmega/ioport_compat.o
 .debug_frame   0x00000208       0x94 src/ASF/common/services/serial/usart_serial.o
 .debug_frame   0x0000029c      0x294 src/ASF/common/services/spi/xmega_spi/spi_master.o
 .debug_frame   0x00000530      0x474 src/ASF/xmega/drivers/nvm/nvm.o
 .debug_frame   0x000009a4      0x19c src/ASF/xmega/drivers/rtc/rtc.o
 .debug_frame   0x00000b40       0x40 src/ASF/xmega/drivers/spi/spi.o
 .debug_frame   0x00000b80      0xbbc src/ASF/xmega/drivers/tc/tc.o
 .debug_frame   0x0000173c      0x360 src/ASF/xmega/drivers/usart/usart.o
 .debug_frame   0x00001a9c      0x854 src/main.o
 .debug_frame   0x000022f0       0x54 src/ASF/common/boards/user_board/init.o
 .debug_frame   0x00002344       0x4c c:/program files (x86)/atmel/atmel toolchain/avr8 gcc/native/3.4.2.1002/avr8-gnu-toolchain/bin/../lib/gcc/avr/4.7.2/avrxmega2\libgcc.a(_fixunssfdi.o)
 .debug_frame   0x00002390       0x7c c:/program files (x86)/atmel/atmel toolchain/avr8 gcc/native/3.4.2.1002/avr8-gnu-toolchain/bin/../lib/gcc/avr/4.7.2/avrxmega2\libgcc.a(_floatundisf.o)
 .debug_frame   0x0000240c       0x48 c:/program files (x86)/atmel/atmel toolchain/avr8 gcc/native/3.4.2.1002/avr8-gnu-toolchain/bin/../lib/gcc/avr/4.7.2/avrxmega2\libgcc.a(_mul_sf.o)
 .debug_frame   0x00002454       0x38 c:/program files (x86)/atmel/atmel toolchain/avr8 gcc/native/3.4.2.1002/avr8-gnu-toolchain/bin/../lib/gcc/avr/4.7.2/avrxmega2\libgcc.a(_div_sf.o)
 .debug_frame   0x0000248c       0x2c c:/program files (x86)/atmel/atmel toolchain/avr8 gcc/native/3.4.2.1002/avr8-gnu-toolchain/bin/../lib/gcc/avr/4.7.2/avrxmega2\libgcc.a(_ge_sf.o)
 .debug_frame   0x000024b8       0x2c c:/program files (x86)/atmel/atmel toolchain/avr8 gcc/native/3.4.2.1002/avr8-gnu-toolchain/bin/../lib/gcc/avr/4.7.2/avrxmega2\libgcc.a(_lt_sf.o)
 .debug_frame   0x000024e4       0x30 c:/program files (x86)/atmel/atmel toolchain/avr8 gcc/native/3.4.2.1002/avr8-gnu-toolchain/bin/../lib/gcc/avr/4.7.2/avrxmega2\libgcc.a(_si_to_sf.o)
 .debug_frame   0x00002514       0x38 c:/program files (x86)/atmel/atmel toolchain/avr8 gcc/native/3.4.2.1002/avr8-gnu-toolchain/bin/../lib/gcc/avr/4.7.2/avrxmega2\libgcc.a(_usi_to_sf.o)
 .debug_frame   0x0000254c       0x44 c:/program files (x86)/atmel/atmel toolchain/avr8 gcc/native/3.4.2.1002/avr8-gnu-toolchain/bin/../lib/gcc/avr/4.7.2/avrxmega2\libgcc.a(_fixunssfsi.o)
 .debug_frame   0x00002590       0x38 c:/program files (x86)/atmel/atmel toolchain/avr8 gcc/native/3.4.2.1002/avr8-gnu-toolchain/bin/../lib/gcc/avr/4.7.2/avrxmega2\libgcc.a(_pack_sf.o)
 .debug_frame   0x000025c8       0x34 c:/program files (x86)/atmel/atmel toolchain/avr8 gcc/native/3.4.2.1002/avr8-gnu-toolchain/bin/../lib/gcc/avr/4.7.2/avrxmega2\libgcc.a(_unpack_sf.o)
 .debug_frame   0x000025fc       0x78 c:/program files (x86)/atmel/atmel toolchain/avr8 gcc/native/3.4.2.1002/avr8-gnu-toolchain/bin/../lib/gcc/avr/4.7.2/avrxmega2\libgcc.a(_addsub_sf.o)
 .debug_frame   0x00002674       0x2c c:/program files (x86)/atmel/atmel toolchain/avr8 gcc/native/3.4.2.1002/avr8-gnu-toolchain/bin/../lib/gcc/avr/4.7.2/avrxmega2\libgcc.a(_fpcmp_parts_sf.o)
 .debug_frame   0x000026a0       0x30 c:/program files (x86)/atmel/atmel toolchain/avr8 gcc/native/3.4.2.1002/avr8-gnu-toolchain/bin/../lib/gcc/avr/4.7.2/avrxmega2\libgcc.a(_sf_to_si.o)

.debug_str      0x00000000    0x2766b
 *(.debug_str)
 .debug_str     0x00000000    0x21a61 src/ASF/common/services/clock/xmega/sysclk.o
                              0x222b6 (size before relaxing)
 .debug_str     0x00021a61      0x67d src/ASF/common/services/ioport/xmega/ioport_compat.o
                              0x210ed (size before relaxing)
 .debug_str     0x000220de      0x35d src/ASF/common/services/serial/usart_serial.o
                              0x2207a (size before relaxing)
 .debug_str     0x0002243b      0x4bf src/ASF/common/services/sleepmgr/xmega/sleepmgr.o
                              0x20f30 (size before relaxing)
 .debug_str     0x000228fa      0x43b src/ASF/common/services/spi/xmega_spi/spi_master.o
                              0x22a57 (size before relaxing)
 .debug_str     0x00022d35      0xa8a src/ASF/xmega/drivers/nvm/nvm.o
                              0x2160b (size before relaxing)
 .debug_str     0x000237bf      0x658 src/ASF/xmega/drivers/rtc/rtc.o
                              0x22f2e (size before relaxing)
 .debug_str     0x00023e17       0xc8 src/ASF/xmega/drivers/spi/spi.o
                              0x2116c (size before relaxing)
 .debug_str     0x00023edf      0x849 src/ASF/xmega/drivers/tc/tc.o
                              0x22b6f (size before relaxing)
 .debug_str     0x00024728      0x809 src/ASF/xmega/drivers/usart/usart.o
                              0x23549 (size before relaxing)
 .debug_str     0x00024f31     0x2369 src/main.o
                              0x25d16 (size before relaxing)
 .debug_str     0x0002729a       0x4b src/ASF/common/boards/user_board/init.o
                              0x233a1 (size before relaxing)
 .debug_str     0x000272e5      0x10c c:/program files (x86)/atmel/atmel toolchain/avr8 gcc/native/3.4.2.1002/avr8-gnu-toolchain/bin/../lib/gcc/avr/4.7.2/avrxmega2\libgcc.a(_fixunssfdi.o)
                                0x197 (size before relaxing)
 .debug_str     0x000273f1        0xe c:/program files (x86)/atmel/atmel toolchain/avr8 gcc/native/3.4.2.1002/avr8-gnu-toolchain/bin/../lib/gcc/avr/4.7.2/avrxmega2\libgcc.a(_floatundisf.o)
                                0x18d (size before relaxing)
 .debug_str     0x000273ff      0x156 c:/program files (x86)/atmel/atmel toolchain/avr8 gcc/native/3.4.2.1002/avr8-gnu-toolchain/bin/../lib/gcc/avr/4.7.2/avrxmega2\libgcc.a(_mul_sf.o)
                                0x26c (size before relaxing)
 .debug_str     0x00027555       0x35 c:/program files (x86)/atmel/atmel toolchain/avr8 gcc/native/3.4.2.1002/avr8-gnu-toolchain/bin/../lib/gcc/avr/4.7.2/avrxmega2\libgcc.a(_div_sf.o)
                                0x275 (size before relaxing)
 .debug_str     0x0002758a       0x1f c:/program files (x86)/atmel/atmel toolchain/avr8 gcc/native/3.4.2.1002/avr8-gnu-toolchain/bin/../lib/gcc/avr/4.7.2/avrxmega2\libgcc.a(_ge_sf.o)
                                0x241 (size before relaxing)
 .debug_str     0x000275a9        0x8 c:/program files (x86)/atmel/atmel toolchain/avr8 gcc/native/3.4.2.1002/avr8-gnu-toolchain/bin/../lib/gcc/avr/4.7.2/avrxmega2\libgcc.a(_lt_sf.o)
                                0x241 (size before relaxing)
 .debug_str     0x000275b1       0x21 c:/program files (x86)/atmel/atmel toolchain/avr8 gcc/native/3.4.2.1002/avr8-gnu-toolchain/bin/../lib/gcc/avr/4.7.2/avrxmega2\libgcc.a(_si_to_sf.o)
                                0x21e (size before relaxing)
 .debug_str     0x00000000      0x1d1 c:/program files (x86)/atmel/atmel toolchain/avr8 gcc/native/3.4.2.1002/avr8-gnu-toolchain/bin/../lib/gcc/avr/4.7.2/avrxmega2\libgcc.a(_thenan_sf.o)
 .debug_str     0x000275d2       0x14 c:/program files (x86)/atmel/atmel toolchain/avr8 gcc/native/3.4.2.1002/avr8-gnu-toolchain/bin/../lib/gcc/avr/4.7.2/avrxmega2\libgcc.a(_usi_to_sf.o)
                                0x21a (size before relaxing)
 .debug_str     0x000275e6        0xd c:/program files (x86)/atmel/atmel toolchain/avr8 gcc/native/3.4.2.1002/avr8-gnu-toolchain/bin/../lib/gcc/avr/4.7.2/avrxmega2\libgcc.a(_fixunssfsi.o)
                                0x178 (size before relaxing)
 .debug_str     0x000275f3        0x7 c:/program files (x86)/atmel/atmel toolchain/avr8 gcc/native/3.4.2.1002/avr8-gnu-toolchain/bin/../lib/gcc/avr/4.7.2/avrxmega2\libgcc.a(_pack_sf.o)
                                0x22e (size before relaxing)
 .debug_str     0x00000000      0x210 c:/program files (x86)/atmel/atmel toolchain/avr8 gcc/native/3.4.2.1002/avr8-gnu-toolchain/bin/../lib/gcc/avr/4.7.2/avrxmega2\libgcc.a(_unpack_sf.o)
 .debug_str     0x000275fa       0x67 c:/program files (x86)/atmel/atmel toolchain/avr8 gcc/native/3.4.2.1002/avr8-gnu-toolchain/bin/../lib/gcc/avr/4.7.2/avrxmega2\libgcc.a(_addsub_sf.o)
                                0x2b3 (size before relaxing)
 .debug_str     0x00000000      0x1f4 c:/program files (x86)/atmel/atmel toolchain/avr8 gcc/native/3.4.2.1002/avr8-gnu-toolchain/bin/../lib/gcc/avr/4.7.2/avrxmega2\libgcc.a(_fpcmp_parts_sf.o)
 .debug_str     0x00027661        0xa c:/program files (x86)/atmel/atmel toolchain/avr8 gcc/native/3.4.2.1002/avr8-gnu-toolchain/bin/../lib/gcc/avr/4.7.2/avrxmega2\libgcc.a(_sf_to_si.o)
                                0x23a (size before relaxing)

.debug_loc      0x00000000     0x6118
 *(.debug_loc)
 .debug_loc     0x00000000      0x3e3 src/ASF/common/services/clock/xmega/sysclk.o
 .debug_loc     0x000003e3       0x47 src/ASF/common/services/ioport/xmega/ioport_compat.o
 .debug_loc     0x0000042a      0x11e src/ASF/common/services/serial/usart_serial.o
 .debug_loc     0x00000548      0x56d src/ASF/common/services/spi/xmega_spi/spi_master.o
 .debug_loc     0x00000ab5      0x953 src/ASF/xmega/drivers/nvm/nvm.o
 .debug_loc     0x00001408      0x36a src/ASF/xmega/drivers/rtc/rtc.o
 .debug_loc     0x00001772       0x61 src/ASF/xmega/drivers/spi/spi.o
 .debug_loc     0x000017d3     0x1bda src/ASF/xmega/drivers/tc/tc.o
 .debug_loc     0x000033ad      0x745 src/ASF/xmega/drivers/usart/usart.o
 .debug_loc     0x00003af2     0x127c src/main.o
 .debug_loc     0x00004d6e       0x82 src/ASF/common/boards/user_board/init.o
 .debug_loc     0x00004df0      0x192 c:/program files (x86)/atmel/atmel toolchain/avr8 gcc/native/3.4.2.1002/avr8-gnu-toolchain/bin/../lib/gcc/avr/4.7.2/avrxmega2\libgcc.a(_fixunssfdi.o)
 .debug_loc     0x00004f82      0x289 c:/program files (x86)/atmel/atmel toolchain/avr8 gcc/native/3.4.2.1002/avr8-gnu-toolchain/bin/../lib/gcc/avr/4.7.2/avrxmega2\libgcc.a(_floatundisf.o)
 .debug_loc     0x0000520b      0x21c c:/program files (x86)/atmel/atmel toolchain/avr8 gcc/native/3.4.2.1002/avr8-gnu-toolchain/bin/../lib/gcc/avr/4.7.2/avrxmega2\libgcc.a(_mul_sf.o)
 .debug_loc     0x00005427      0x177 c:/program files (x86)/atmel/atmel toolchain/avr8 gcc/native/3.4.2.1002/avr8-gnu-toolchain/bin/../lib/gcc/avr/4.7.2/avrxmega2\libgcc.a(_div_sf.o)
 .debug_loc     0x0000559e       0xa1 c:/program files (x86)/atmel/atmel toolchain/avr8 gcc/native/3.4.2.1002/avr8-gnu-toolchain/bin/../lib/gcc/avr/4.7.2/avrxmega2\libgcc.a(_ge_sf.o)
 .debug_loc     0x0000563f       0xa1 c:/program files (x86)/atmel/atmel toolchain/avr8 gcc/native/3.4.2.1002/avr8-gnu-toolchain/bin/../lib/gcc/avr/4.7.2/avrxmega2\libgcc.a(_lt_sf.o)
 .debug_loc     0x000056e0      0x107 c:/program files (x86)/atmel/atmel toolchain/avr8 gcc/native/3.4.2.1002/avr8-gnu-toolchain/bin/../lib/gcc/avr/4.7.2/avrxmega2\libgcc.a(_si_to_sf.o)
 .debug_loc     0x000057e7      0x133 c:/program files (x86)/atmel/atmel toolchain/avr8 gcc/native/3.4.2.1002/avr8-gnu-toolchain/bin/../lib/gcc/avr/4.7.2/avrxmega2\libgcc.a(_usi_to_sf.o)
 .debug_loc     0x0000591a       0xa7 c:/program files (x86)/atmel/atmel toolchain/avr8 gcc/native/3.4.2.1002/avr8-gnu-toolchain/bin/../lib/gcc/avr/4.7.2/avrxmega2\libgcc.a(_fixunssfsi.o)
 .debug_loc     0x000059c1      0x148 c:/program files (x86)/atmel/atmel toolchain/avr8 gcc/native/3.4.2.1002/avr8-gnu-toolchain/bin/../lib/gcc/avr/4.7.2/avrxmega2\libgcc.a(_pack_sf.o)
 .debug_loc     0x00005b09       0xf9 c:/program files (x86)/atmel/atmel toolchain/avr8 gcc/native/3.4.2.1002/avr8-gnu-toolchain/bin/../lib/gcc/avr/4.7.2/avrxmega2\libgcc.a(_unpack_sf.o)
 .debug_loc     0x00005c02      0x42d c:/program files (x86)/atmel/atmel toolchain/avr8 gcc/native/3.4.2.1002/avr8-gnu-toolchain/bin/../lib/gcc/avr/4.7.2/avrxmega2\libgcc.a(_addsub_sf.o)
 .debug_loc     0x0000602f       0x4a c:/program files (x86)/atmel/atmel toolchain/avr8 gcc/native/3.4.2.1002/avr8-gnu-toolchain/bin/../lib/gcc/avr/4.7.2/avrxmega2\libgcc.a(_fpcmp_parts_sf.o)
 .debug_loc     0x00006079       0x9f c:/program files (x86)/atmel/atmel toolchain/avr8 gcc/native/3.4.2.1002/avr8-gnu-toolchain/bin/../lib/gcc/avr/4.7.2/avrxmega2\libgcc.a(_sf_to_si.o)

.debug_macinfo
 *(.debug_macinfo)

.debug_pubtypes
 *(.debug_pubtypes)

.debug_ranges   0x00000000      0x820
 *(.debug_ranges)
 .debug_ranges  0x00000000       0x78 src/ASF/common/services/clock/xmega/sysclk.o
 .debug_ranges  0x00000078       0x10 src/ASF/common/services/ioport/xmega/ioport_compat.o
 .debug_ranges  0x00000088       0x28 src/ASF/common/services/serial/usart_serial.o
 .debug_ranges  0x000000b0       0xf0 src/ASF/common/services/spi/xmega_spi/spi_master.o
 .debug_ranges  0x000001a0      0x118 src/ASF/xmega/drivers/nvm/nvm.o
 .debug_ranges  0x000002b8       0x20 src/ASF/xmega/drivers/nvm/nvm_asm.o
 .debug_ranges  0x000002d8       0x58 src/ASF/xmega/drivers/rtc/rtc.o
 .debug_ranges  0x00000330       0x10 src/ASF/xmega/drivers/spi/spi.o
 .debug_ranges  0x00000340      0x138 src/ASF/xmega/drivers/tc/tc.o
 .debug_ranges  0x00000478      0x130 src/ASF/xmega/drivers/usart/usart.o
 .debug_ranges  0x000005a8      0x1f8 src/main.o
 .debug_ranges  0x000007a0       0x18 src/ASF/common/boards/user_board/init.o
 .debug_ranges  0x000007b8       0x18 c:/program files (x86)/atmel/atmel toolchain/avr8 gcc/native/3.4.2.1002/avr8-gnu-toolchain/bin/../lib/gcc/avr/4.7.2/avrxmega2\libgcc.a(_mul_sf.o)
 .debug_ranges  0x000007d0       0x38 c:/program files (x86)/atmel/atmel toolchain/avr8 gcc/native/3.4.2.1002/avr8-gnu-toolchain/bin/../lib/gcc/avr/4.7.2/avrxmega2\libgcc.a(_div_sf.o)
 .debug_ranges  0x00000808       0x18 c:/program files (x86)/atmel/atmel toolchain/avr8 gcc/native/3.4.2.1002/avr8-gnu-toolchain/bin/../lib/gcc/avr/4.7.2/avrxmega2\libgcc.a(_si_to_sf.o)

.debug_macro    0x00000000     0x9a05
 *(.debug_macro)
 .debug_macro   0x00000000      0x1db src/ASF/common/services/clock/xmega/sysclk.o
 .debug_macro   0x000001db      0x5b0 src/ASF/common/services/clock/xmega/sysclk.o
 .debug_macro   0x0000078b       0x10 src/ASF/common/services/clock/xmega/sysclk.o
 .debug_macro   0x0000079b      0x1ad src/ASF/common/services/clock/xmega/sysclk.o
 .debug_macro   0x00000948      0x293 src/ASF/common/services/clock/xmega/sysclk.o
 .debug_macro   0x00000bdb       0x9e src/ASF/common/services/clock/xmega/sysclk.o
 .debug_macro   0x00000c79     0x54a2 src/ASF/common/services/clock/xmega/sysclk.o
 .debug_macro   0x0000611b       0x9a src/ASF/common/services/clock/xmega/sysclk.o
 .debug_macro   0x000061b5       0xf1 src/ASF/common/services/clock/xmega/sysclk.o
 .debug_macro   0x000062a6       0x34 src/ASF/common/services/clock/xmega/sysclk.o
 .debug_macro   0x000062da       0x18 src/ASF/common/services/clock/xmega/sysclk.o
 .debug_macro   0x000062f2       0x5e src/ASF/common/services/clock/xmega/sysclk.o
 .debug_macro   0x00006350       0x10 src/ASF/common/services/clock/xmega/sysclk.o
 .debug_macro   0x00006360       0x22 src/ASF/common/services/clock/xmega/sysclk.o
 .debug_macro   0x00006382      0x16c src/ASF/common/services/clock/xmega/sysclk.o
 .debug_macro   0x000064ee       0x1c src/ASF/common/services/clock/xmega/sysclk.o
 .debug_macro   0x0000650a       0x35 src/ASF/common/services/clock/xmega/sysclk.o
 .debug_macro   0x0000653f       0x51 src/ASF/common/services/clock/xmega/sysclk.o
 .debug_macro   0x00006590      0x2d9 src/ASF/common/services/clock/xmega/sysclk.o
 .debug_macro   0x00006869       0x97 src/ASF/common/services/clock/xmega/sysclk.o
 .debug_macro   0x00006900       0x17 src/ASF/common/services/clock/xmega/sysclk.o
 .debug_macro   0x00006917      0x250 src/ASF/common/services/clock/xmega/sysclk.o
 .debug_macro   0x00006b67       0x76 src/ASF/common/services/clock/xmega/sysclk.o
 .debug_macro   0x00006bdd       0x16 src/ASF/common/services/clock/xmega/sysclk.o
 .debug_macro   0x00006bf3      0x6e0 src/ASF/common/services/clock/xmega/sysclk.o
 .debug_macro   0x000072d3       0x10 src/ASF/common/services/clock/xmega/sysclk.o
 .debug_macro   0x000072e3      0x160 src/ASF/common/services/clock/xmega/sysclk.o
 .debug_macro   0x00007443       0x40 src/ASF/common/services/clock/xmega/sysclk.o
 .debug_macro   0x00007483       0x69 src/ASF/common/services/clock/xmega/sysclk.o
 .debug_macro   0x000074ec       0x32 src/ASF/common/services/clock/xmega/sysclk.o
 .debug_macro   0x0000751e       0xe4 src/ASF/common/services/clock/xmega/sysclk.o
 .debug_macro   0x00007602       0x28 src/ASF/common/services/clock/xmega/sysclk.o
 .debug_macro   0x0000762a      0x1c7 src/ASF/common/services/clock/xmega/sysclk.o
 .debug_macro   0x000077f1       0xa6 src/ASF/common/services/clock/xmega/sysclk.o
 .debug_macro   0x00007897       0x66 src/ASF/common/services/clock/xmega/sysclk.o
 .debug_macro   0x000078fd       0x2f src/ASF/common/services/clock/xmega/sysclk.o
 .debug_macro   0x0000792c      0x154 src/ASF/common/services/clock/xmega/sysclk.o
 .debug_macro   0x00007a80       0x26 src/ASF/common/services/clock/xmega/sysclk.o
 .debug_macro   0x00007aa6      0x189 src/ASF/common/services/ioport/xmega/ioport_compat.o
 .debug_macro   0x00007c2f       0x7c src/ASF/common/services/ioport/xmega/ioport_compat.o
 .debug_macro   0x00007cab      0x109 src/ASF/common/services/ioport/xmega/ioport_compat.o
 .debug_macro   0x00007db4      0x213 src/ASF/common/services/serial/usart_serial.o
 .debug_macro   0x00007fc7       0x34 src/ASF/common/services/serial/usart_serial.o
 .debug_macro   0x00007ffb      0x199 src/ASF/common/services/sleepmgr/xmega/sleepmgr.o
 .debug_macro   0x00008194       0x10 src/ASF/common/services/sleepmgr/xmega/sleepmgr.o
 .debug_macro   0x000081a4       0x5e src/ASF/common/services/sleepmgr/xmega/sleepmgr.o
 .debug_macro   0x00008202      0x225 src/ASF/common/services/spi/xmega_spi/spi_master.o
 .debug_macro   0x00008427       0x2e src/ASF/common/services/spi/xmega_spi/spi_master.o
 .debug_macro   0x00008455      0x18e src/ASF/xmega/drivers/nvm/nvm.o
 .debug_macro   0x000085e3       0x16 src/ASF/xmega/drivers/nvm/nvm.o
 .debug_macro   0x000085f9      0x266 src/ASF/xmega/drivers/rtc/rtc.o
 .debug_macro   0x0000885f       0x1c src/ASF/xmega/drivers/rtc/rtc.o
 .debug_macro   0x0000887b       0x40 src/ASF/xmega/drivers/rtc/rtc.o
 .debug_macro   0x000088bb      0x19d src/ASF/xmega/drivers/spi/spi.o
 .debug_macro   0x00008a58      0x225 src/ASF/xmega/drivers/tc/tc.o
 .debug_macro   0x00008c7d      0x299 src/ASF/xmega/drivers/tc/tc.o
 .debug_macro   0x00008f16       0x12 src/ASF/xmega/drivers/tc/tc.o
 .debug_macro   0x00008f28      0x221 src/ASF/xmega/drivers/usart/usart.o
 .debug_macro   0x00009149      0x395 src/main.o
 .debug_macro   0x000094de       0x34 src/main.o
 .debug_macro   0x00009512       0x28 src/main.o
 .debug_macro   0x0000953a       0x22 src/main.o
 .debug_macro   0x0000955c       0x18 src/main.o
 .debug_macro   0x00009574       0x3a src/main.o
 .debug_macro   0x000095ae       0xb2 src/main.o
 .debug_macro   0x00009660      0x30b src/ASF/common/boards/user_board/init.o
 .debug_macro   0x0000996b       0x9a src/ASF/common/boards/user_board/init.o
OUTPUT(Xmega32A4U_testBoard.elf elf32-avr)
LOAD linker stubs
